===== Download Panda-70M Clips (full dataset) =====
Job ID: 57475
Node: cn4.cds.iisc.in
Start: Tue Sep  8 04:36:12 PM IST 2026
Requirement already satisfied: yt-dlp in /scratch/users/anirban/tamaghnam/envs/latentvans/lib/python3.11/site-packages (2026.8.19)
Requirement already satisfied: datasets in /scratch/users/anirban/tamaghnam/envs/latentvans/lib/python3.11/site-packages (5.0.1)
Requirement already satisfied: filelock in /scratch/users/anirban/tamaghnam/envs/latentvans/lib/python3.11/site-packages (from datasets) (3.32.5)
Requirement already satisfied: numpy>=1.17 in /scratch/users/anirban/tamaghnam/envs/latentvans/lib/python3.11/site-packages (from datasets) (2.4.6)
Requirement already satisfied: pyarrow>=21.0.0 in /scratch/users/anirban/tamaghnam/envs/latentvans/lib/python3.11/site-packages (from datasets) (25.0.1)
Requirement already satisfied: dill<0.4.2,>=0.3.0 in /scratch/users/anirban/tamaghnam/envs/latentvans/lib/python3.11/site-packages (from datasets) (0.4.1)
Requirement already satisfied: pandas in /scratch/users/anirban/tamaghnam/envs/latentvans/lib/python3.11/site-packages (from datasets) (3.0.5)
Requirement already satisfied: requests>=2.32.2 in /scratch/users/anirban/tamaghnam/envs/latentvans/lib/python3.11/site-packages (from datasets) (2.34.2)
Requirement already satisfied: httpx<1.0.0 in /scratch/users/anirban/tamaghnam/envs/latentvans/lib/python3.11/site-packages (from datasets) (0.28.1)
Requirement already satisfied: tqdm>=4.66.3 in /scratch/users/anirban/tamaghnam/envs/latentvans/lib/python3.11/site-packages (from datasets) (4.70.0)
Requirement already satisfied: xxhash in /scratch/users/anirban/tamaghnam/envs/latentvans/lib/python3.11/site-packages (from datasets) (4.0.1)
Requirement already satisfied: multiprocess<0.70.20 in /scratch/users/anirban/tamaghnam/envs/latentvans/lib/python3.11/site-packages (from datasets) (0.70.19)
Requirement already satisfied: fsspec<=2026.6.0,>=2023.1.0 in /scratch/users/anirban/tamaghnam/envs/latentvans/lib/python3.11/site-packages (from fsspec[http]<=2026.6.0,>=2023.1.0->datasets) (2026.6.0)
Requirement already satisfied: huggingface-hub<2.0,>=0.25.0 in /scratch/users/anirban/tamaghnam/envs/latentvans/lib/python3.11/site-packages (from datasets) (1.30.0)
Requirement already satisfied: packaging in /scratch/users/anirban/tamaghnam/envs/latentvans/lib/python3.11/site-packages (from datasets) (26.3)
Requirement already satisfied: pyyaml>=5.1 in /scratch/users/anirban/tamaghnam/envs/latentvans/lib/python3.11/site-packages (from datasets) (6.0.3)
Requirement already satisfied: aiohttp!=4.0.0a0,!=4.0.0a1 in /scratch/users/anirban/tamaghnam/envs/latentvans/lib/python3.11/site-packages (from fsspec[http]<=2026.6.0,>=2023.1.0->datasets) (3.14.3)
Requirement already satisfied: anyio in /scratch/users/anirban/tamaghnam/envs/latentvans/lib/python3.11/site-packages (from httpx<1.0.0->datasets) (4.15.1)
Requirement already satisfied: certifi in /scratch/users/anirban/tamaghnam/envs/latentvans/lib/python3.11/site-packages (from httpx<1.0.0->datasets) (2026.7.22)
Requirement already satisfied: httpcore==1.* in /scratch/users/anirban/tamaghnam/envs/latentvans/lib/python3.11/site-packages (from httpx<1.0.0->datasets) (1.0.9)
Requirement already satisfied: idna in /scratch/users/anirban/tamaghnam/envs/latentvans/lib/python3.11/site-packages (from httpx<1.0.0->datasets) (3.19)
Requirement already satisfied: h11>=0.16 in /scratch/users/anirban/tamaghnam/envs/latentvans/lib/python3.11/site-packages (from httpcore==1.*->httpx<1.0.0->datasets) (0.16.0)
Requirement already satisfied: click<9.0.0,>=8.4.2 in /scratch/users/anirban/tamaghnam/envs/latentvans/lib/python3.11/site-packages (from huggingface-hub<2.0,>=0.25.0->datasets) (8.5.0)
Requirement already satisfied: hf-xet<2.0.0,>=1.5.2 in /scratch/users/anirban/tamaghnam/envs/latentvans/lib/python3.11/site-packages (from huggingface-hub<2.0,>=0.25.0->datasets) (1.6.0)
Requirement already satisfied: typing-extensions>=4.1.0 in /scratch/users/anirban/tamaghnam/envs/latentvans/lib/python3.11/site-packages (from huggingface-hub<2.0,>=0.25.0->datasets) (4.16.0)
Requirement already satisfied: aiohappyeyeballs>=2.5.0 in /scratch/users/anirban/tamaghnam/envs/latentvans/lib/python3.11/site-packages (from aiohttp!=4.0.0a0,!=4.0.0a1->fsspec[http]<=2026.6.0,>=2023.1.0->datasets) (2.7.1)
Requirement already satisfied: aiosignal>=1.4.0 in /scratch/users/anirban/tamaghnam/envs/latentvans/lib/python3.11/site-packages (from aiohttp!=4.0.0a0,!=4.0.0a1->fsspec[http]<=2026.6.0,>=2023.1.0->datasets) (1.4.0)
Requirement already satisfied: attrs>=17.3.0 in /scratch/users/anirban/tamaghnam/envs/latentvans/lib/python3.11/site-packages (from aiohttp!=4.0.0a0,!=4.0.0a1->fsspec[http]<=2026.6.0,>=2023.1.0->datasets) (26.1.0)
Requirement already satisfied: frozenlist>=1.1.1 in /scratch/users/anirban/tamaghnam/envs/latentvans/lib/python3.11/site-packages (from aiohttp!=4.0.0a0,!=4.0.0a1->fsspec[http]<=2026.6.0,>=2023.1.0->datasets) (1.8.0)
Requirement already satisfied: multidict<7.0,>=4.5 in /scratch/users/anirban/tamaghnam/envs/latentvans/lib/python3.11/site-packages (from aiohttp!=4.0.0a0,!=4.0.0a1->fsspec[http]<=2026.6.0,>=2023.1.0->datasets) (6.7.1)
Requirement already satisfied: propcache>=0.2.0 in /scratch/users/anirban/tamaghnam/envs/latentvans/lib/python3.11/site-packages (from aiohttp!=4.0.0a0,!=4.0.0a1->fsspec[http]<=2026.6.0,>=2023.1.0->datasets) (0.5.2)
Requirement already satisfied: yarl<2.0,>=1.17.0 in /scratch/users/anirban/tamaghnam/envs/latentvans/lib/python3.11/site-packages (from aiohttp!=4.0.0a0,!=4.0.0a1->fsspec[http]<=2026.6.0,>=2023.1.0->datasets) (1.24.5)
Requirement already satisfied: charset_normalizer<4,>=2 in /scratch/users/anirban/tamaghnam/envs/latentvans/lib/python3.11/site-packages (from requests>=2.32.2->datasets) (3.5.1)
Requirement already satisfied: urllib3<3,>=1.26 in /scratch/users/anirban/tamaghnam/envs/latentvans/lib/python3.11/site-packages (from requests>=2.32.2->datasets) (2.7.0)
Requirement already satisfied: python-dateutil>=2.8.2 in /scratch/users/anirban/tamaghnam/envs/latentvans/lib/python3.11/site-packages (from pandas->datasets) (2.9.0.post0)
Requirement already satisfied: six>=1.5 in /scratch/users/anirban/tamaghnam/envs/latentvans/lib/python3.11/site-packages (from python-dateutil>=2.8.2->pandas->datasets) (1.17.0)
[16:36:52] ======================================================================
[16:36:52] Loading all TwiFF targets from /scratch/users/anirban/tamaghnam/latentvans/data/twiff_metadata_2000
[16:36:52] ======================================================================
[16:37:24] 2000 distinct clip files targeted for this run (start/end taken directly from each row's own meta_data)
[16:37:24] 1999 distinct source YouTube videos among those targets
[16:37:24] ======================================================================
[16:37:24] Downloading + cutting clips (grouped by source video)
[16:37:24] ======================================================================
[16:37:24]   [video 35/1999] yt-dlp 440e-06EqLk (1 clip(s) needed) ...
[16:37:39]     FAILED: ERROR: [youtube] 440e-06EqLk: This video is not available
[16:37:39]   [video 42/1999] yt-dlp dgFNNBTAoLk (1 clip(s) needed) ...
[16:37:42]     FAILED: ERROR: [youtube] dgFNNBTAoLk: This video is not available
[16:37:42]   [video 48/1999] yt-dlp yGPPio8d63w (1 clip(s) needed) ...
[16:37:46]     FAILED: ERROR: [youtube] yGPPio8d63w: This video is unavailable
[16:37:46]   [video 59/1999] yt-dlp sOk-_dHAcYk (1 clip(s) needed) ...
[16:37:50]     FAILED: ERROR: [youtube] sOk-_dHAcYk: This video has been removed for violating YouTube's Terms of Service
[16:37:50]   [video 82/1999] yt-dlp h65bT52SOwk (1 clip(s) needed) ...
[16:37:54]     FAILED: ERROR: [youtube] h65bT52SOwk: Private video
[16:37:54]   [video 114/1999] yt-dlp RCh7oQGj_RU (1 clip(s) needed) ...
[16:37:57]     FAILED: ERROR: [youtube] RCh7oQGj_RU: Private video
[16:37:57]   [video 165/1999] yt-dlp _TLDx0KCM9g (1 clip(s) needed) ...
[16:38:00]     FAILED: ERROR: [youtube] _TLDx0KCM9g: Video unavailable
[16:38:00]   [video 170/1999] yt-dlp 2q067NO4dsg (1 clip(s) needed) ...
[16:38:03]     FAILED: ERROR: [youtube] 2q067NO4dsg: Private video
[16:38:03]   [video 182/1999] yt-dlp laybwjBrT50 (1 clip(s) needed) ...
[16:38:07]     FAILED: ERROR: [youtube] laybwjBrT50: This video is not available
[16:38:07]   [video 211/1999] yt-dlp ZQWZgXOhCFA (1 clip(s) needed) ...
[16:38:11]     FAILED: ERROR: [youtube] ZQWZgXOhCFA: Private video
[16:38:11]   [video 248/1999] yt-dlp q9MVyTZilYE (1 clip(s) needed) ...
[16:39:01]     FAILED: ad] Got error: HTTP Error 500: Internal Server Error. Giving up after 10 retries
ERROR: 
[download] Got error: HTTP Error 500: Internal Server Error. Giving up after 10 retries
ERROR: 
[download] Got error: HTTP Error 500: Internal Server Error. Giving up after 10 retries
ERROR: 
[download] Got error: HTTP Error 500: Internal Server Error. Giving up after 10 retries
ERROR: 
[download] Got error: HTTP Error 500: Internal Server Error. Giving up after 10 retries
ERROR: The downloaded file is empty
[16:39:01]   [video 266/1999] yt-dlp Ze2fNRqAEG4 (1 clip(s) needed) ...
[16:39:05]     FAILED: ERROR: [youtube] Ze2fNRqAEG4: Please sign in. Use --cookies-from-browser or --cookies for the authentication. See  https://github.com/yt-dlp/yt-dlp/wiki/FAQ#how-do-i-pass-cookies-to-yt-dlp  for how to manually pass cookies. Also see  https://github.com/yt-dlp/yt-dlp/wiki/Extractors#exporting-youtube-cookies  for tips on effectively exporting YouTube cookies
[16:39:05]   [video 283/1999] yt-dlp oJBIn_Auof4 (1 clip(s) needed) ...
[16:39:08]     FAILED: ERROR: [youtube] oJBIn_Auof4: Private video
[16:39:08]   [video 306/1999] yt-dlp BShPyYDyJuA (1 clip(s) needed) ...
[16:39:11]     FAILED: ERROR: [youtube] BShPyYDyJuA: This video is unavailable
[16:39:11]   [video 310/1999] yt-dlp M1D1pDrWlVE (1 clip(s) needed) ...
[16:39:17]     FAILED: ERROR: [youtube] M1D1pDrWlVE: This video is not available
[16:39:17]   [video 329/1999] yt-dlp 4zLAuO2cNLc (1 clip(s) needed) ...
[16:39:20]     FAILED: ERROR: [youtube] 4zLAuO2cNLc: Please sign in. Use --cookies-from-browser or --cookies for the authentication. See  https://github.com/yt-dlp/yt-dlp/wiki/FAQ#how-do-i-pass-cookies-to-yt-dlp  for how to manually pass cookies. Also see  https://github.com/yt-dlp/yt-dlp/wiki/Extractors#exporting-youtube-cookies  for tips on effectively exporting YouTube cookies
[16:39:20]   [video 332/1999] yt-dlp UX9E6pP4T_Q (2 clip(s) needed) ...
[16:39:23]     FAILED: ERROR: [youtube] UX9E6pP4T_Q: This video is unavailable
[16:39:23]   [video 345/1999] yt-dlp 2rUroLLTW0o (1 clip(s) needed) ...
[16:39:27]     FAILED: ERROR: [youtube] 2rUroLLTW0o: Sign in to confirm your age. Use --cookies-from-browser or --cookies for the authentication. See  https://github.com/yt-dlp/yt-dlp/wiki/FAQ#how-do-i-pass-cookies-to-yt-dlp  for how to manually pass cookies. Also see  https://github.com/yt-dlp/yt-dlp/wiki/Extractors#exporting-youtube-cookies  for tips on effectively exporting YouTube cookies
[16:39:27]   [video 359/1999] yt-dlp mLqTfOavSzk (1 clip(s) needed) ...
[16:39:30]     FAILED: ERROR: [youtube] mLqTfOavSzk: Private video
[16:39:30]   [video 363/1999] yt-dlp Ejwg5yegeok (1 clip(s) needed) ...
[16:39:33]     FAILED: ERROR: [youtube] Ejwg5yegeok: This video is not available
[16:39:33]   [video 382/1999] yt-dlp K8xT58zCKcw (1 clip(s) needed) ...
[16:39:43]     FAILED: ERROR: [youtube] K8xT58zCKcw: This video is not available
[16:39:43]   [video 402/1999] yt-dlp 6zWgTWd1WOo (1 clip(s) needed) ...
[16:39:46]     FAILED: ERROR: [youtube] 6zWgTWd1WOo: This video is not available
[16:39:46]   [video 433/1999] yt-dlp HZz4qNlOf2s (1 clip(s) needed) ...
[16:39:50]     FAILED: ERROR: [youtube] HZz4qNlOf2s: This video is not available
[16:39:50]   [video 448/1999] yt-dlp uYQdFx2BALk (1 clip(s) needed) ...
[16:39:53]     FAILED: ERROR: [youtube] uYQdFx2BALk: Private video
[16:39:53]   [video 461/1999] yt-dlp 66rpG_1B600 (1 clip(s) needed) ...
[16:39:57]     FAILED: ERROR: [youtube] 66rpG_1B600: This video is not available
[16:39:57]   [video 544/1999] yt-dlp oEiv_svZyIo (1 clip(s) needed) ...
[16:40:01]     FAILED: ERROR: [youtube] oEiv_svZyIo: This video is not available
[16:40:01]   [video 555/1999] yt-dlp NElU0YCJZC4 (1 clip(s) needed) ...
[16:40:07]     FAILED: ERROR: [youtube] NElU0YCJZC4: Video unavailable
[16:40:07]   [video 559/1999] yt-dlp YA-efoYACsM (1 clip(s) needed) ...
[16:40:11]     FAILED: ERROR: [youtube] YA-efoYACsM: This video is not available
[16:40:11]   [video 566/1999] yt-dlp HmjWatNW8Ug (1 clip(s) needed) ...
[16:40:13]     FAILED: ERROR: [youtube] HmjWatNW8Ug: This video is unavailable
[16:40:13]   [video 568/1999] yt-dlp tkxAy21rGeQ (1 clip(s) needed) ...
[16:40:17]     FAILED: ERROR: [youtube] tkxAy21rGeQ: This video is not available
[16:40:17]   [video 572/1999] yt-dlp F8HNUZ6SWKo (1 clip(s) needed) ...
[16:40:20]     FAILED: ERROR: [youtube] F8HNUZ6SWKo: This video is not available
[16:40:20]   [video 584/1999] yt-dlp vCUsDdr_b7g (1 clip(s) needed) ...
[16:40:23]     FAILED: ERROR: [youtube] vCUsDdr_b7g: This video is not available
[16:40:23]   [video 612/1999] yt-dlp Q0KzUojuL6c (1 clip(s) needed) ...
[16:40:27]     FAILED: ERROR: [youtube] Q0KzUojuL6c: Private video
[16:40:27]   [video 654/1999] yt-dlp PHBCzi_fiNo (1 clip(s) needed) ...
[16:40:30]     FAILED: ERROR: [youtube] PHBCzi_fiNo: Private video
[16:40:30]   [video 670/1999] yt-dlp QX0owyAuiVk (1 clip(s) needed) ...
[16:40:33]     FAILED: ERROR: [youtube] QX0owyAuiVk: This video is not available
[16:40:33]   [video 693/1999] yt-dlp MURDGluoSpU (1 clip(s) needed) ...
[16:40:37]     FAILED: ERROR: [youtube] MURDGluoSpU: This video is not available
[16:40:37]   [video 699/1999] yt-dlp OUca35w-bGs (1 clip(s) needed) ...
[16:40:40]     FAILED: ERROR: [youtube] OUca35w-bGs: This video is not available
[16:40:40]   [video 704/1999] yt-dlp n6TAf7DlE8Y (1 clip(s) needed) ...
[16:40:44]     FAILED: ERROR: [youtube] n6TAf7DlE8Y: This video is not available
[16:40:44]   [video 713/1999] yt-dlp JJEt4b8tuYs (1 clip(s) needed) ...
[16:40:47]     FAILED: ERROR: [youtube] JJEt4b8tuYs: This video is not available
[16:40:47]   [video 715/1999] yt-dlp lKEU49keB3s (1 clip(s) needed) ...
[16:40:51]     FAILED: ERROR: [youtube] lKEU49keB3s: This video is not available
[16:40:51]   [video 799/1999] yt-dlp wjtgaTLz0J8 (1 clip(s) needed) ...
[16:40:54]     FAILED: ERROR: [youtube] wjtgaTLz0J8: This video is not available
[16:40:54]   [video 830/1999] yt-dlp Z8gxDSZRbig (1 clip(s) needed) ...
[16:40:57]     FAILED: ERROR: [youtube] Z8gxDSZRbig: This video is unavailable
[16:40:57]   [video 832/1999] yt-dlp 3dmfjEfkvBU (1 clip(s) needed) ...
[16:41:00]     FAILED: ERROR: [youtube] 3dmfjEfkvBU: This video is unavailable
[16:41:00]   [video 848/1999] yt-dlp sOXcrqwD620 (1 clip(s) needed) ...
[16:41:03]     FAILED: ERROR: [youtube] sOXcrqwD620: Please sign in. Use --cookies-from-browser or --cookies for the authentication. See  https://github.com/yt-dlp/yt-dlp/wiki/FAQ#how-do-i-pass-cookies-to-yt-dlp  for how to manually pass cookies. Also see  https://github.com/yt-dlp/yt-dlp/wiki/Extractors#exporting-youtube-cookies  for tips on effectively exporting YouTube cookies
[16:41:03]   [video 869/1999] yt-dlp aGkSeFw8MdQ (1 clip(s) needed) ...
[16:41:06]     FAILED: ERROR: [youtube] aGkSeFw8MdQ: This video is not available
[16:41:06]   [video 875/1999] yt-dlp rEnWj9PXszI (1 clip(s) needed) ...
[16:41:10]     FAILED: ERROR: [youtube] rEnWj9PXszI: This video is not available
[16:41:10]   [video 886/1999] yt-dlp O6TVlLlhWoQ (1 clip(s) needed) ...
[16:41:15]     FAILED: ERROR: [youtube] O6TVlLlhWoQ: This video is not available
[16:41:15]   [video 907/1999] yt-dlp GE5MnxzG_p4 (1 clip(s) needed) ...
[16:41:20]     FAILED: ERROR: [youtube] GE5MnxzG_p4: Private video
[16:41:20]   [video 933/1999] yt-dlp Xb15_IRzTo0 (1 clip(s) needed) ...
[16:41:23]     FAILED: ERROR: [youtube] Xb15_IRzTo0: Private video
[16:41:23]   [video 955/1999] yt-dlp fqvw8l4HLEw (1 clip(s) needed) ...
[16:41:28]     FAILED: ERROR: [youtube] fqvw8l4HLEw: Video unavailable
[16:41:28]   [video 957/1999] yt-dlp H93YL_-qphg (1 clip(s) needed) ...
[16:41:31]     FAILED: ERROR: [youtube] H93YL_-qphg: Video unavailable
[16:41:31]   [video 977/1999] yt-dlp 646Q4B1WSH8 (1 clip(s) needed) ...
[16:41:34]     FAILED: ERROR: [youtube] 646Q4B1WSH8: This video is not available
[16:41:34]   [video 989/1999] yt-dlp To_v-MWJRxc (1 clip(s) needed) ...
[16:41:37]     FAILED: ERROR: [youtube] To_v-MWJRxc: This video is not available
[16:41:37]   [video 1005/1999] yt-dlp fCK3hXiT6lk (1 clip(s) needed) ...
[16:41:40]     FAILED: ERROR: [youtube] fCK3hXiT6lk: Private video
[16:41:40]   [video 1012/1999] yt-dlp KG9H_0aoICM (1 clip(s) needed) ...
[16:41:58]     [1013/2000] cutting KG9H_0aoICM_4.mp4 (0:01:07.840 -> 0:01:16.200)
[16:41:59]   [video 1014/1999] yt-dlp P1DguQvbtkI (1 clip(s) needed) ...
[16:42:03]     FAILED: ERROR: [youtube] P1DguQvbtkI: This video is not available
[16:42:03]   [video 1015/1999] yt-dlp Wi5CGT9I7QQ (1 clip(s) needed) ...
[16:42:06]     FAILED: ERROR: [youtube] Wi5CGT9I7QQ: This video is not available
[16:42:06]   [video 1067/1999] yt-dlp u9guuJHqbU0 (1 clip(s) needed) ...
[16:42:09]     FAILED: ERROR: [youtube] u9guuJHqbU0: Private video
[16:42:09]   [video 1084/1999] yt-dlp 4siu0AxX85M (1 clip(s) needed) ...
[16:42:13]     FAILED: ERROR: [youtube] 4siu0AxX85M: Private video
[16:42:13]   [video 1105/1999] yt-dlp LgZEeSmYh_Y (1 clip(s) needed) ...
[16:42:17]     FAILED: ERROR: [youtube] LgZEeSmYh_Y: This video is not available
[16:42:17]   [video 1121/1999] yt-dlp Nv5pbNNf4IE (1 clip(s) needed) ...
[16:42:23]     FAILED: ERROR: [youtube] Nv5pbNNf4IE: This video is unavailable
[16:42:24]   [video 1141/1999] yt-dlp GxNSLGBmBPI (1 clip(s) needed) ...
[16:42:30]     FAILED: ERROR: [youtube] GxNSLGBmBPI: This video is not available
[16:42:30]   [video 1168/1999] yt-dlp 9V9HMCVGto8 (1 clip(s) needed) ...
[16:42:33]     FAILED: ERROR: [youtube] 9V9HMCVGto8: This video is not available
[16:42:33]   [video 1171/1999] yt-dlp rdEkyNR4gkA (1 clip(s) needed) ...
[16:42:37]     FAILED: ERROR: [youtube] rdEkyNR4gkA: This video is not available
[16:42:37]   [video 1183/1999] yt-dlp eXBYWjD2qJ0 (1 clip(s) needed) ...
[16:42:39]     FAILED: ERROR: [youtube] eXBYWjD2qJ0: Video unavailable
[16:42:39]   [video 1185/1999] yt-dlp KoU0E_ab36Q (1 clip(s) needed) ...
[16:42:44]     FAILED: ERROR: [youtube] KoU0E_ab36Q: Sign in to confirm your age. Use --cookies-from-browser or --cookies for the authentication. See  https://github.com/yt-dlp/yt-dlp/wiki/FAQ#how-do-i-pass-cookies-to-yt-dlp  for how to manually pass cookies. Also see  https://github.com/yt-dlp/yt-dlp/wiki/Extractors#exporting-youtube-cookies  for tips on effectively exporting YouTube cookies
[16:42:44]   [video 1209/1999] yt-dlp fv63vCSK_-0 (1 clip(s) needed) ...
[16:42:47]     FAILED: ERROR: [youtube] fv63vCSK_-0: This video is unavailable
[16:42:47]   [video 1218/1999] yt-dlp 1CY88Cw3OEE (1 clip(s) needed) ...
[16:42:50]     FAILED: ERROR: [youtube] 1CY88Cw3OEE: This video is not available
[16:42:50]   [video 1227/1999] yt-dlp U4kpzyqW3Js (1 clip(s) needed) ...
[16:42:54]     FAILED: ERROR: [youtube] U4kpzyqW3Js: Private video
[16:42:54]   [video 1255/1999] yt-dlp YbCLhdJ6WHI (1 clip(s) needed) ...
[16:42:57]     FAILED: ERROR: [youtube] YbCLhdJ6WHI: This video is unavailable
[16:42:57]   [video 1272/1999] yt-dlp QR4BEIGzQAc (1 clip(s) needed) ...
[16:43:00]     FAILED: ERROR: [youtube] QR4BEIGzQAc: This video is not available
[16:43:00]   [video 1283/1999] yt-dlp Zyr9Mpctxgg (1 clip(s) needed) ...
[16:43:04]     FAILED: ERROR: [youtube] Zyr9Mpctxgg: Private video
[16:43:04]   [video 1294/1999] yt-dlp H-TcPlc4KXA (1 clip(s) needed) ...
[16:43:06]     FAILED: ERROR: [youtube] H-TcPlc4KXA: Private video
[16:43:06]   [video 1325/1999] yt-dlp slVA2CQt1OA (1 clip(s) needed) ...
[16:43:10]     FAILED: ERROR: [youtube] slVA2CQt1OA: This video is not available
[16:43:10]   [video 1342/1999] yt-dlp rDnepkzu8DQ (1 clip(s) needed) ...
[16:43:13]     FAILED: ERROR: [youtube] rDnepkzu8DQ: This video is not available
[16:43:13]   [video 1346/1999] yt-dlp Pf4RjsdJE0I (1 clip(s) needed) ...
[16:43:17]     FAILED: ERROR: [youtube] Pf4RjsdJE0I: This video is not available
[16:43:17]   [video 1357/1999] yt-dlp XUhJHF4dtX4 (1 clip(s) needed) ...
[16:43:21]     FAILED: ERROR: [youtube] XUhJHF4dtX4: Sign in to confirm your age. Use --cookies-from-browser or --cookies for the authentication. See  https://github.com/yt-dlp/yt-dlp/wiki/FAQ#how-do-i-pass-cookies-to-yt-dlp  for how to manually pass cookies. Also see  https://github.com/yt-dlp/yt-dlp/wiki/Extractors#exporting-youtube-cookies  for tips on effectively exporting YouTube cookies
[16:43:21]   [video 1376/1999] yt-dlp eZDktfedx70 (1 clip(s) needed) ...
[16:43:25]     FAILED: ERROR: [youtube] eZDktfedx70: Private video
[16:43:25]   [video 1391/1999] yt-dlp 12XWXCf_vtU (1 clip(s) needed) ...
[16:43:28]     FAILED: ERROR: [youtube] 12XWXCf_vtU: This video is not available
[16:43:28]   [video 1393/1999] yt-dlp dt0nnhG7PbQ (1 clip(s) needed) ...
[16:43:32]     FAILED: ERROR: [youtube] dt0nnhG7PbQ: This video is not available
[16:43:32]   [video 1396/1999] yt-dlp K_8howDT2wA (1 clip(s) needed) ...
[16:43:35]     FAILED: ERROR: [youtube] K_8howDT2wA: Video unavailable
[16:43:35]   [video 1401/1999] yt-dlp Pv_5j_q9gXY (1 clip(s) needed) ...
[16:43:38]     FAILED: ERROR: [youtube] Pv_5j_q9gXY: This video is not available
[16:43:38]   [video 1412/1999] yt-dlp loJsCF2_K5c (1 clip(s) needed) ...
[16:43:42]     FAILED: ERROR: [youtube] loJsCF2_K5c: Please sign in. Use --cookies-from-browser or --cookies for the authentication. See  https://github.com/yt-dlp/yt-dlp/wiki/FAQ#how-do-i-pass-cookies-to-yt-dlp  for how to manually pass cookies. Also see  https://github.com/yt-dlp/yt-dlp/wiki/Extractors#exporting-youtube-cookies  for tips on effectively exporting YouTube cookies
[16:43:42]   [video 1415/1999] yt-dlp vJgu_chDs6A (1 clip(s) needed) ...
[16:43:45]     FAILED: ERROR: [youtube] vJgu_chDs6A: This video is not available
[16:43:45]   [video 1418/1999] yt-dlp JSL_d-N0Czk (1 clip(s) needed) ...
[16:43:51]     FAILED: ERROR: [youtube] JSL_d-N0Czk: Private video
[16:43:51]   [video 1442/1999] yt-dlp DVTGhXFXMaU (1 clip(s) needed) ...
[16:43:56]     FAILED: ERROR: [youtube] DVTGhXFXMaU: This video is not available
[16:43:56]   [video 1450/1999] yt-dlp -88fbA4Pl60 (1 clip(s) needed) ...
[16:43:59]     FAILED: ERROR: [youtube] -88fbA4Pl60: This video is not available
[16:43:59]   [video 1468/1999] yt-dlp rU6T0K3zoYg (1 clip(s) needed) ...
[16:44:04]     FAILED: ERROR: [youtube] rU6T0K3zoYg: This video is not available
[16:44:04]   [video 1469/1999] yt-dlp q7nVuSBxT4o (1 clip(s) needed) ...
[16:44:07]     FAILED: ERROR: [youtube] q7nVuSBxT4o: Private video
[16:44:07]   [video 1471/1999] yt-dlp ygaBS8MXzNY (1 clip(s) needed) ...
[16:44:10]     FAILED: ERROR: [youtube] ygaBS8MXzNY: Please sign in. Use --cookies-from-browser or --cookies for the authentication. See  https://github.com/yt-dlp/yt-dlp/wiki/FAQ#how-do-i-pass-cookies-to-yt-dlp  for how to manually pass cookies. Also see  https://github.com/yt-dlp/yt-dlp/wiki/Extractors#exporting-youtube-cookies  for tips on effectively exporting YouTube cookies
[16:44:10]   [video 1487/1999] yt-dlp 0LDLCmckK0o (1 clip(s) needed) ...
[16:44:13]     FAILED: ERROR: [youtube] 0LDLCmckK0o: Video unavailable
[16:44:13]   [video 1492/1999] yt-dlp nng2Pms8J0k (1 clip(s) needed) ...
[16:44:16]     FAILED: ERROR: [youtube] nng2Pms8J0k: Video unavailable
[16:44:16]   [video 1502/1999] yt-dlp 7kEE4QEjJzs (1 clip(s) needed) ...
[16:44:20]     FAILED: ERROR: [youtube] 7kEE4QEjJzs: This video is not available
[16:44:20]   [video 1525/1999] yt-dlp hEGwYvyIyhI (1 clip(s) needed) ...
[16:44:23]     FAILED: ERROR: [youtube] hEGwYvyIyhI: This video is unavailable
[16:44:23]   [video 1529/1999] yt-dlp JUINQW3Z28c (1 clip(s) needed) ...
[16:44:27]     FAILED: ERROR: [youtube] JUINQW3Z28c: This video is not available
[16:44:27]   [video 1552/1999] yt-dlp _qL2DPM_gaI (1 clip(s) needed) ...
[16:44:30]     FAILED: ERROR: [youtube] _qL2DPM_gaI: This video is not available
[16:44:30]   [video 1572/1999] yt-dlp XeQ2mxI-fR0 (1 clip(s) needed) ...
[16:44:35]     FAILED: ERROR: [youtube] XeQ2mxI-fR0: Private video
[16:44:35]   [video 1575/1999] yt-dlp RFKSGgzZ6OQ (1 clip(s) needed) ...
[16:44:38]     FAILED: ERROR: [youtube] RFKSGgzZ6OQ: This video is unavailable
[16:44:38]   [video 1602/1999] yt-dlp 3YPMmMWyAEw (1 clip(s) needed) ...
[16:44:42]     FAILED: ERROR: [youtube] 3YPMmMWyAEw: This video is not available
[16:44:42]   [video 1604/1999] yt-dlp 4hcxkBYiafY (1 clip(s) needed) ...
[16:44:48]     FAILED: ERROR: [youtube] 4hcxkBYiafY: This video is not available
[16:44:48]   [video 1607/1999] yt-dlp y2qLfariEbU (1 clip(s) needed) ...
[16:44:51]     FAILED: ERROR: [youtube] y2qLfariEbU: This video is not available
[16:44:51]   [video 1623/1999] yt-dlp p9q-xlFmQSY (1 clip(s) needed) ...
[16:44:55]     FAILED: ERROR: [youtube] p9q-xlFmQSY: This video is not available
[16:44:55]   [video 1626/1999] yt-dlp qxMsXxytBD8 (1 clip(s) needed) ...
[16:44:58]     FAILED: ERROR: [youtube] qxMsXxytBD8: Private video
[16:44:58]   [video 1634/1999] yt-dlp 5s8-rbijQqU (1 clip(s) needed) ...
[16:45:03]     FAILED: ERROR: [youtube] 5s8-rbijQqU: Sign in to confirm your age. Use --cookies-from-browser or --cookies for the authentication. See  https://github.com/yt-dlp/yt-dlp/wiki/FAQ#how-do-i-pass-cookies-to-yt-dlp  for how to manually pass cookies. Also see  https://github.com/yt-dlp/yt-dlp/wiki/Extractors#exporting-youtube-cookies  for tips on effectively exporting YouTube cookies
[16:45:04]   [video 1693/1999] yt-dlp ibiTobUxyU4 (1 clip(s) needed) ...
[16:45:08]     FAILED: ERROR: [youtube] ibiTobUxyU4: This video is not available
[16:45:08]   [video 1695/1999] yt-dlp o9fLumXR5b4 (1 clip(s) needed) ...
[16:45:12]     FAILED: ERROR: [youtube] o9fLumXR5b4: This video is not available
[16:45:12]   [video 1729/1999] yt-dlp Sl8eEyYlMyc (1 clip(s) needed) ...
[16:45:21]     FAILED: ERROR: [youtube] Sl8eEyYlMyc: This video is not available
[16:45:21]   [video 1766/1999] yt-dlp iz9JickzmSo (1 clip(s) needed) ...
[16:45:24]     FAILED: ERROR: [youtube] iz9JickzmSo: This video is not available
[16:45:24]   [video 1803/1999] yt-dlp woJgho3Glzs (1 clip(s) needed) ...
[16:45:27]     FAILED: ERROR: [youtube] woJgho3Glzs: This video is unavailable
[16:45:27]   [video 1809/1999] yt-dlp _Aejv7w8-ms (1 clip(s) needed) ...
[16:45:30]     FAILED: ERROR: [youtube] _Aejv7w8-ms: Private video
[16:45:30]   [video 1820/1999] yt-dlp PZDKRLJ5S1Q (1 clip(s) needed) ...
[16:45:33]     FAILED: ERROR: [youtube] PZDKRLJ5S1Q: Private video
[16:45:33]   [video 1830/1999] yt-dlp E0FMx5g3MRU (1 clip(s) needed) ...
[16:45:36]     FAILED: ERROR: [youtube] E0FMx5g3MRU: Private video
[16:45:36]   [video 1833/1999] yt-dlp 1NBqGQ-vk8I (1 clip(s) needed) ...
[16:45:39]     FAILED: ERROR: [youtube] 1NBqGQ-vk8I: Private video
[16:45:39]   [video 1837/1999] yt-dlp K4SdheXL_xY (1 clip(s) needed) ...
[16:45:42]     FAILED: ERROR: [youtube] K4SdheXL_xY: This video is not available
[16:45:42]   [video 1852/1999] yt-dlp tu-eBvtm5Os (1 clip(s) needed) ...
[16:45:45]     FAILED: ERROR: [youtube] tu-eBvtm5Os: This video is not available
[16:45:45]   [video 1876/1999] yt-dlp pLRy8MJPJc0 (1 clip(s) needed) ...
[16:45:49]     FAILED: ERROR: [youtube] pLRy8MJPJc0: This video is not available
[16:45:49]   [video 1888/1999] yt-dlp isxAdCNi9Zw (1 clip(s) needed) ...
[16:45:52]     FAILED: ERROR: [youtube] isxAdCNi9Zw: Private video
[16:45:52]   [video 1902/1999] yt-dlp OKhSxcgb_o0 (1 clip(s) needed) ...
[16:45:56]     FAILED: ERROR: [youtube] OKhSxcgb_o0: This video is not available
[16:45:56]   [video 1963/1999] yt-dlp hHwXFEvtav8 (1 clip(s) needed) ...
[16:45:59]     FAILED: ERROR: [youtube] hHwXFEvtav8: Video unavailable
[16:45:59]   [video 1992/1999] yt-dlp 545HYf3zems (1 clip(s) needed) ...
[16:46:07]     FAILED: ERROR: [youtube] 545HYf3zems: This video is unavailable
[16:46:07] ======================================================================
[16:46:07] Cleaning up raw-download scratch dir (should already be empty -- per-video cleanup above)
[16:46:07] ======================================================================
[16:46:07] DONE. requested=2000 downloaded=1 youtube_download_failed=120 ffmpeg_cut_failed=0 already_exists=1879
[16:46:07] Summary written to /scratch/users/anirban/tamaghnam/latentvans/data/panda70m_clips/download_summary.json
[16:46:07] ======================================================================
[16:46:07] IMPORTANT: run verify_panda70m_clips.py against this output before trusting it -- this script was just rewritten to use TwiFF's own meta_data.start/end instead of the old, confirmed-wrong Panda-70M-mirror index lookup, and that rewrite has never been verified against real downloaded content at any scale before this run. Spot-check a real sample of thumbnails (not just a couple) before trusting this for training, given the full-dataset size of this run. See this script's module docstring. If `already_exists` above is nonzero and --output_dir was ever used by an older version of this script, re-run with --force_recut to guarantee no stale clips survive -- see module docstring, 'CONFIRMED BUG (2026-09-08)'.
===== Download Panda-70M clips (full dataset) completed — see /scratch/users/anirban/tamaghnam/latentvans/data/panda70m_clips/download_summary.json =====
End: Tue Sep  8 04:46:08 PM IST 2026
