===== Download Panda-70M Clips (pilot) =====
Job ID: 57133
Node: cn3.cds.iisc.in
Start: Mon Sep  7 09:16:03 PM IST 2026
Requirement already satisfied: yt-dlp in /scratch/users/anirban/tamaghnam/envs/latentvans/lib/python3.11/site-packages (2026.8.19)
Requirement already satisfied: datasets in /scratch/users/anirban/tamaghnam/envs/latentvans/lib/python3.11/site-packages (5.0.1)
Requirement already satisfied: filelock in /scratch/users/anirban/tamaghnam/envs/latentvans/lib/python3.11/site-packages (from datasets) (3.32.5)
Requirement already satisfied: numpy>=1.17 in /scratch/users/anirban/tamaghnam/envs/latentvans/lib/python3.11/site-packages (from datasets) (2.4.6)
Requirement already satisfied: pyarrow>=21.0.0 in /scratch/users/anirban/tamaghnam/envs/latentvans/lib/python3.11/site-packages (from datasets) (25.0.1)
Requirement already satisfied: dill<0.4.2,>=0.3.0 in /scratch/users/anirban/tamaghnam/envs/latentvans/lib/python3.11/site-packages (from datasets) (0.4.1)
Requirement already satisfied: pandas in /scratch/users/anirban/tamaghnam/envs/latentvans/lib/python3.11/site-packages (from datasets) (3.0.5)
Requirement already satisfied: requests>=2.32.2 in /scratch/users/anirban/tamaghnam/envs/latentvans/lib/python3.11/site-packages (from datasets) (2.34.2)
Requirement already satisfied: httpx<1.0.0 in /scratch/users/anirban/tamaghnam/envs/latentvans/lib/python3.11/site-packages (from datasets) (0.28.1)
Requirement already satisfied: tqdm>=4.66.3 in /scratch/users/anirban/tamaghnam/envs/latentvans/lib/python3.11/site-packages (from datasets) (4.70.0)
Requirement already satisfied: xxhash in /scratch/users/anirban/tamaghnam/envs/latentvans/lib/python3.11/site-packages (from datasets) (4.0.1)
Requirement already satisfied: multiprocess<0.70.20 in /scratch/users/anirban/tamaghnam/envs/latentvans/lib/python3.11/site-packages (from datasets) (0.70.19)
Requirement already satisfied: fsspec<=2026.6.0,>=2023.1.0 in /scratch/users/anirban/tamaghnam/envs/latentvans/lib/python3.11/site-packages (from fsspec[http]<=2026.6.0,>=2023.1.0->datasets) (2026.6.0)
Requirement already satisfied: huggingface-hub<2.0,>=0.25.0 in /scratch/users/anirban/tamaghnam/envs/latentvans/lib/python3.11/site-packages (from datasets) (1.30.0)
Requirement already satisfied: packaging in /scratch/users/anirban/tamaghnam/envs/latentvans/lib/python3.11/site-packages (from datasets) (26.3)
Requirement already satisfied: pyyaml>=5.1 in /scratch/users/anirban/tamaghnam/envs/latentvans/lib/python3.11/site-packages (from datasets) (6.0.3)
Requirement already satisfied: aiohttp!=4.0.0a0,!=4.0.0a1 in /scratch/users/anirban/tamaghnam/envs/latentvans/lib/python3.11/site-packages (from fsspec[http]<=2026.6.0,>=2023.1.0->datasets) (3.14.3)
Requirement already satisfied: anyio in /scratch/users/anirban/tamaghnam/envs/latentvans/lib/python3.11/site-packages (from httpx<1.0.0->datasets) (4.15.1)
Requirement already satisfied: certifi in /scratch/users/anirban/tamaghnam/envs/latentvans/lib/python3.11/site-packages (from httpx<1.0.0->datasets) (2026.7.22)
Requirement already satisfied: httpcore==1.* in /scratch/users/anirban/tamaghnam/envs/latentvans/lib/python3.11/site-packages (from httpx<1.0.0->datasets) (1.0.9)
Requirement already satisfied: idna in /scratch/users/anirban/tamaghnam/envs/latentvans/lib/python3.11/site-packages (from httpx<1.0.0->datasets) (3.19)
Requirement already satisfied: h11>=0.16 in /scratch/users/anirban/tamaghnam/envs/latentvans/lib/python3.11/site-packages (from httpcore==1.*->httpx<1.0.0->datasets) (0.16.0)
Requirement already satisfied: click<9.0.0,>=8.4.2 in /scratch/users/anirban/tamaghnam/envs/latentvans/lib/python3.11/site-packages (from huggingface-hub<2.0,>=0.25.0->datasets) (8.5.0)
Requirement already satisfied: hf-xet<2.0.0,>=1.5.2 in /scratch/users/anirban/tamaghnam/envs/latentvans/lib/python3.11/site-packages (from huggingface-hub<2.0,>=0.25.0->datasets) (1.6.0)
Requirement already satisfied: typing-extensions>=4.1.0 in /scratch/users/anirban/tamaghnam/envs/latentvans/lib/python3.11/site-packages (from huggingface-hub<2.0,>=0.25.0->datasets) (4.16.0)
Requirement already satisfied: aiohappyeyeballs>=2.5.0 in /scratch/users/anirban/tamaghnam/envs/latentvans/lib/python3.11/site-packages (from aiohttp!=4.0.0a0,!=4.0.0a1->fsspec[http]<=2026.6.0,>=2023.1.0->datasets) (2.7.1)
Requirement already satisfied: aiosignal>=1.4.0 in /scratch/users/anirban/tamaghnam/envs/latentvans/lib/python3.11/site-packages (from aiohttp!=4.0.0a0,!=4.0.0a1->fsspec[http]<=2026.6.0,>=2023.1.0->datasets) (1.4.0)
Requirement already satisfied: attrs>=17.3.0 in /scratch/users/anirban/tamaghnam/envs/latentvans/lib/python3.11/site-packages (from aiohttp!=4.0.0a0,!=4.0.0a1->fsspec[http]<=2026.6.0,>=2023.1.0->datasets) (26.1.0)
Requirement already satisfied: frozenlist>=1.1.1 in /scratch/users/anirban/tamaghnam/envs/latentvans/lib/python3.11/site-packages (from aiohttp!=4.0.0a0,!=4.0.0a1->fsspec[http]<=2026.6.0,>=2023.1.0->datasets) (1.8.0)
Requirement already satisfied: multidict<7.0,>=4.5 in /scratch/users/anirban/tamaghnam/envs/latentvans/lib/python3.11/site-packages (from aiohttp!=4.0.0a0,!=4.0.0a1->fsspec[http]<=2026.6.0,>=2023.1.0->datasets) (6.7.1)
Requirement already satisfied: propcache>=0.2.0 in /scratch/users/anirban/tamaghnam/envs/latentvans/lib/python3.11/site-packages (from aiohttp!=4.0.0a0,!=4.0.0a1->fsspec[http]<=2026.6.0,>=2023.1.0->datasets) (0.5.2)
Requirement already satisfied: yarl<2.0,>=1.17.0 in /scratch/users/anirban/tamaghnam/envs/latentvans/lib/python3.11/site-packages (from aiohttp!=4.0.0a0,!=4.0.0a1->fsspec[http]<=2026.6.0,>=2023.1.0->datasets) (1.24.5)
Requirement already satisfied: charset_normalizer<4,>=2 in /scratch/users/anirban/tamaghnam/envs/latentvans/lib/python3.11/site-packages (from requests>=2.32.2->datasets) (3.5.1)
Requirement already satisfied: urllib3<3,>=1.26 in /scratch/users/anirban/tamaghnam/envs/latentvans/lib/python3.11/site-packages (from requests>=2.32.2->datasets) (2.7.0)
Requirement already satisfied: python-dateutil>=2.8.2 in /scratch/users/anirban/tamaghnam/envs/latentvans/lib/python3.11/site-packages (from pandas->datasets) (2.9.0.post0)
Requirement already satisfied: six>=1.5 in /scratch/users/anirban/tamaghnam/envs/latentvans/lib/python3.11/site-packages (from python-dateutil>=2.8.2->pandas->datasets) (1.17.0)
[21:16:09] ======================================================================
[21:16:09] Loading up to 150 TwiFF targets from /scratch/users/anirban/tamaghnam/latentvans/data/twiff_metadata_2000
[21:16:09] ======================================================================
[21:16:14] 150 distinct clip files targeted for this run (start/end taken directly from each row's own meta_data)
[21:16:14] ======================================================================
[21:16:14] Downloading + cutting clips
[21:16:14] ======================================================================
[21:16:14]   [3/150] yt-dlp VJ7mgFe5xyQ ...
[21:16:34]   [3/150] cutting VJ7mgFe5xyQ_2.mp4 (0:01:36.629 -> 0:01:53.546)
[21:16:35]   [4/150] yt-dlp -ulfn1GPrIo ...
[21:16:45]   [4/150] cutting -ulfn1GPrIo_4.mp4 (0:00:35.668 -> 0:00:39.939)
[21:16:45]   [5/150] yt-dlp Ri83Je070eg ...
[21:17:07]   [5/150] cutting Ri83Je070eg_32.mp4 (0:06:01.360 -> 0:06:19.640)
[21:17:07]   [6/150] yt-dlp 0hMAgSbOwxY ...
[21:17:38]   [6/150] cutting 0hMAgSbOwxY_47.mp4 (0:06:21.547 -> 0:06:31.624)
[21:17:38]   [7/150] yt-dlp D8ENygSp1F8 ...
[21:17:53]   [7/150] cutting D8ENygSp1F8_6.mp4 (0:01:01.436 -> 0:01:06.483)
[21:17:53]   [8/150] yt-dlp u1d8o0c_-BU ...
[21:18:03]   [8/150] cutting u1d8o0c_-BU_3.mp4 (0:00:31.400 -> 0:00:35.833)
[21:18:04]   [9/150] yt-dlp ZrbrnpVlZpA ...
[21:18:38]   [9/150] cutting ZrbrnpVlZpA_26.mp4 (0:11:11.303 -> 0:11:59.351)
[21:18:38]   [10/150] yt-dlp _YK6KrBDgzM ...
[21:18:46]   [10/150] cutting _YK6KrBDgzM_0.mp4 (0:00:06.006 -> 0:00:24.057)
[21:18:47]   [11/150] yt-dlp Y9cVDpF2FEw ...
[21:19:12]   [11/150] cutting Y9cVDpF2FEw_37.mp4 (0:04:30.853 -> 0:04:34.857)
[21:19:12]   [12/150] yt-dlp ZlM0Lony0bw ...
[21:19:29]   [12/150] cutting ZlM0Lony0bw_6.mp4 (0:01:51.080 -> 0:02:00.800)
[21:19:29]   [13/150] yt-dlp ljpJ8sDFrOI ...
[21:19:39]   [13/150] cutting ljpJ8sDFrOI_9.mp4 (0:01:12.947 -> 0:01:17.243)
[21:19:39]   [14/150] yt-dlp AtC3zQyLuwU ...
[21:19:52]   [14/150] cutting AtC3zQyLuwU_3.mp4 (0:00:18.118 -> 0:00:22.922)
[21:19:52]   [15/150] yt-dlp 1Imci3bumD0 ...
[21:20:06]   [15/150] cutting 1Imci3bumD0_29.mp4 (0:05:02.719 -> 0:05:06.347)
[21:20:06]   [16/150] yt-dlp c__Cxo62XaU ...
[21:20:17]   [16/150] cutting c__Cxo62XaU_8.mp4 (0:00:57.080 -> 0:01:00.200)
[21:20:17]   [17/150] yt-dlp gb77Ab2VZ10 ...
[21:20:25]   [17/150] cutting gb77Ab2VZ10_0.mp4 (0:00:03.470 -> 0:00:31.331)
[21:20:26]   [19/150] yt-dlp 6wQOY-vZmlU ...
[21:20:47]   [19/150] cutting 6wQOY-vZmlU_3.mp4 (0:01:19.266 -> 0:01:30.233)
[21:20:48]   [20/150] yt-dlp ugwuR8l1kD8 ...
[21:21:19]   [20/150] cutting ugwuR8l1kD8_18.mp4 (0:05:40.306 -> 0:06:00.660)
[21:21:20]   [21/150] yt-dlp y6k8eucDKIc ...
[21:21:30]   [21/150] cutting y6k8eucDKIc_3.mp4 (0:00:17.984 -> 0:00:22.022)
[21:21:30]   [22/150] yt-dlp WPyx-rcCNyk ...
[21:21:56]   [22/150] cutting WPyx-rcCNyk_1.mp4 (0:00:24.224 -> 0:01:12.272)
[21:21:56]   [23/150] yt-dlp Lzb2MrGsUAw ...
[21:22:08]   [23/150] cutting Lzb2MrGsUAw_3.mp4 (0:01:11.433 -> 0:01:20.133)
[21:22:09]   [24/150] yt-dlp fFzxpSG5irs ...
[21:22:19]   [24/150] cutting fFzxpSG5irs_4.mp4 (0:00:33.360 -> 0:00:37.520)
[21:22:19]   [25/150] yt-dlp 5YEfj46Ta7w ...
[21:22:40]   [25/150] cutting 5YEfj46Ta7w_5.mp4 (0:00:48.798 -> 0:00:54.137)
[21:22:40]   [26/150] yt-dlp bU0n8gAHgBQ ...
[21:23:13]   [26/150] cutting bU0n8gAHgBQ_1.mp4 (0:00:16.000 -> 0:01:04.000)
[21:23:13]   [27/150] yt-dlp FPIaA85cLCE ...
[21:23:40]   [27/150] cutting FPIaA85cLCE_29.mp4 (0:05:21.708 -> 0:05:29.041)
[21:23:40]   [28/150] yt-dlp mKUamkdeP8s ...
[21:24:07]   [28/150] cutting mKUamkdeP8s_7.mp4 (0:07:58.200 -> 0:08:17.320)
[21:24:07]   [29/150] yt-dlp REi8y34Y8Bc ...
[21:24:36]   [29/150] cutting REi8y34Y8Bc_44.mp4 (0:05:52.320 -> 0:05:57.440)
[21:24:36]   [30/150] yt-dlp 1padKLj7VVI ...
[21:24:55]   [30/150] cutting 1padKLj7VVI_15.mp4 (0:02:28.047 -> 0:02:33.319)
[21:24:55]   [32/150] yt-dlp LnjX6QKSRKg ...
[21:25:07]   [32/150] cutting LnjX6QKSRKg_1.mp4 (0:00:25.859 -> 0:01:13.907)
[21:25:07]   [33/150] yt-dlp gkhS6eeL-Hs ...
[21:25:19]   [33/150] cutting gkhS6eeL-Hs_5.mp4 (0:00:30.463 -> 0:00:36.403)
[21:25:19]   [35/150] yt-dlp 440e-06EqLk ...
[21:25:23]     FAILED: ERROR: [youtube] 440e-06EqLk: This video is not available
[21:25:23]   [36/150] yt-dlp fXMCCUgGImI ...
[21:25:57]   [36/150] cutting fXMCCUgGImI_25.mp4 (0:07:37.256 -> 0:08:04.984)
[21:25:58]   [37/150] yt-dlp olpiEuxAVgc ...
[21:26:26]   [37/150] cutting olpiEuxAVgc_13.mp4 (0:04:42.415 -> 0:05:06.406)
[21:26:26]   [38/150] yt-dlp ujvBdwGWPM8 ...
[21:26:54]   [38/150] cutting ujvBdwGWPM8_14.mp4 (0:03:40.253 -> 0:04:28.301)
[21:26:54]   [39/150] yt-dlp K_ysgHiFpEs ...
[21:27:17]   [39/150] cutting K_ysgHiFpEs_27.mp4 (0:04:25.421 -> 0:04:38.885)
[21:27:18]   [40/150] yt-dlp uBn3UV2njIA ...
[21:27:25]   [40/150] cutting uBn3UV2njIA_3.mp4 (0:00:29.440 -> 0:00:32.640)
[21:27:26]   [41/150] yt-dlp pwTmkmOU7uc ...
[21:27:36]   [41/150] cutting pwTmkmOU7uc_11.mp4 (0:01:16.976 -> 0:01:27.253)
[21:27:36]   [42/150] yt-dlp dgFNNBTAoLk ...
[21:27:41]     FAILED: ERROR: [youtube] dgFNNBTAoLk: This video is not available
[21:27:41]   [43/150] yt-dlp PeBSIAPuMwk ...
[21:27:49]   [43/150] cutting PeBSIAPuMwk_5.mp4 (0:00:23.360 -> 0:00:28.480)
[21:27:49]   [44/150] yt-dlp QwxMlpUo1CI ...
[21:28:30]   [44/150] cutting QwxMlpUo1CI_3.mp4 (0:02:24.500 -> 0:02:29.916)
[21:28:30]   [45/150] yt-dlp M0-FGoTMD1s ...
[21:29:49]   [45/150] cutting M0-FGoTMD1s_4.mp4 (0:05:26.893 -> 0:05:50.883)
[21:29:49]   [46/150] yt-dlp pSRJrkxtQ1Y ...
[21:30:00]   [46/150] cutting pSRJrkxtQ1Y_1.mp4 (0:00:24.774 -> 0:00:29.612)
[21:30:00]   [47/150] yt-dlp cyZTbD3v8VE ...
[21:30:13]   [47/150] cutting cyZTbD3v8VE_3.mp4 (0:01:02.729 -> 0:01:07.859)
[21:30:14]   [48/150] yt-dlp yGPPio8d63w ...
[21:30:19]     FAILED: ERROR: [youtube] yGPPio8d63w: This video is unavailable
[21:30:19]   [49/150] yt-dlp iLa3xQfmxC8 ...
[21:30:32]   [49/150] cutting iLa3xQfmxC8_3.mp4 (0:00:21.000 -> 0:00:27.120)
[21:30:32]   [50/150] yt-dlp E4JxAJnxR4I ...
[21:30:48]   [50/150] cutting E4JxAJnxR4I_4.mp4 (0:05:52.819 -> 0:06:23.483)
[21:30:48]   [51/150] yt-dlp 1cP1okQnuJ8 ...
[21:31:07]   [51/150] cutting 1cP1okQnuJ8_1.mp4 (0:02:29.749 -> 0:03:03.316)
[21:31:07]   [52/150] yt-dlp CLtqXgviaP8 ...
[21:31:37]   [52/150] cutting CLtqXgviaP8_36.mp4 (0:09:35.441 -> 0:09:45.351)
[21:31:37]   [53/150] yt-dlp z6DuzV18BeU ...
[21:32:09]   [53/150] cutting z6DuzV18BeU_3.mp4 (0:02:05.058 -> 0:02:53.106)
[21:32:09]   [54/150] yt-dlp I1JcNB5xt-4 ...
[21:32:33]   [54/150] cutting I1JcNB5xt-4_19.mp4 (0:07:19.439 -> 0:07:23.476)
[21:32:34]   [55/150] yt-dlp uxpMKkcQRgI ...
[21:32:49]   [55/150] cutting uxpMKkcQRgI_11.mp4 (0:01:43.133 -> 0:01:48.200)
[21:32:49]   [56/150] yt-dlp 47SZiXscGS4 ...
[21:33:06]   [56/150] cutting 47SZiXscGS4_20.mp4 (0:02:56.280 -> 0:03:04.920)
[21:33:06]   [57/150] yt-dlp SbcsmahANm0 ...
[21:33:20]   [57/150] cutting SbcsmahANm0_7.mp4 (0:00:58.200 -> 0:01:04.600)
[21:33:20]   [58/150] yt-dlp -z8g01wuE5c ...
[21:33:28]   [58/150] cutting -z8g01wuE5c_3.mp4 (0:00:55.055 -> 0:01:43.103)
[21:33:29]   [59/150] yt-dlp sOk-_dHAcYk ...
[21:33:33]     FAILED: ERROR: [youtube] sOk-_dHAcYk: This video has been removed for violating YouTube's Terms of Service
[21:33:33]   [60/150] yt-dlp DxsSXmgFhz0 ...
[21:33:56]   [60/150] cutting DxsSXmgFhz0_18.mp4 (0:07:29.920 -> 0:07:47.440)
[21:33:56]   [61/150] yt-dlp CbJuPoNGmhk ...
[21:34:07]   [61/150] cutting CbJuPoNGmhk_7.mp4 (0:00:41.360 -> 0:00:44.560)
[21:34:07]   [62/150] yt-dlp YOK7-3daecs ...
[21:34:16]   [62/150] cutting YOK7-3daecs_4.mp4 (0:00:37.704 -> 0:00:41.441)
[21:34:16]   [63/150] yt-dlp BMi3N6ZRAGA ...
[21:34:26]   [63/150] cutting BMi3N6ZRAGA_10.mp4 (0:02:52.272 -> 0:03:00.547)
[21:34:26]   [64/150] yt-dlp wbsUTESwOMY ...
[21:34:37]   [64/150] cutting wbsUTESwOMY_8.mp4 (0:01:07.267 -> 0:01:22.348)
[21:34:37]   [65/150] yt-dlp jpJrSEMLiRQ ...
[21:34:55]   [65/150] cutting jpJrSEMLiRQ_6.mp4 (0:00:56.856 -> 0:01:08.334)
[21:34:55]   [66/150] yt-dlp wSSSm2Af_qM ...
[21:35:19]   [66/150] cutting wSSSm2Af_qM_0.mp4 (0:00:10.443 -> 0:00:14.481)
[21:35:19]   [67/150] yt-dlp Hq2j67veomk ...
[21:35:35]   [67/150] cutting Hq2j67veomk_3.mp4 (0:00:41.120 -> 0:00:46.800)
[21:35:36]   [68/150] yt-dlp p2IECEG7F9k ...
[21:36:10]   [68/150] cutting p2IECEG7F9k_3.mp4 (0:02:42.662 -> 0:02:50.670)
[21:36:10]   [69/150] yt-dlp HfQZztwbdJQ ...
[21:36:20]   [69/150] cutting HfQZztwbdJQ_0.mp4 (0:00:04.070 -> 0:00:12.112)
[21:36:20]   [70/150] yt-dlp 9cYulkrZOMg ...
[21:37:34]   [70/150] cutting 9cYulkrZOMg_1.mp4 (0:03:14.110 -> 0:03:29.167)
[21:37:34]   [71/150] yt-dlp TaBr9oS0pX8 ...
[21:38:11]   [71/150] cutting TaBr9oS0pX8_70.mp4 (0:07:46.365 -> 0:07:52.538)
[21:38:11]   [72/150] yt-dlp doxAzKzOZjE ...
[21:38:38]   [72/150] cutting doxAzKzOZjE_33.mp4 (0:05:41.107 -> 0:05:45.378)
[21:38:38]   [73/150] yt-dlp 0AdxqByLQkU ...
[21:38:58]   [73/150] cutting 0AdxqByLQkU_31.mp4 (0:03:53.080 -> 0:03:56.360)
[21:38:58]   [74/150] yt-dlp na2XMhs8-YY ...
[21:39:10]   [74/150] cutting na2XMhs8-YY_1.mp4 (0:00:17.480 -> 0:00:37.520)
[21:39:10]   [75/150] yt-dlp DPSzWeRCS7c ...
[21:39:28]   [75/150] cutting DPSzWeRCS7c_2.mp4 (0:00:30.030 -> 0:01:11.071)
[21:39:28]   [76/150] yt-dlp 678JnccfL8I ...
[21:39:56]   [76/150] cutting 678JnccfL8I_3.mp4 (0:11:28.240 -> 0:12:16.240)
[21:39:56]   [77/150] yt-dlp BslmaYBXl6o ...
[21:40:13]   [77/150] cutting BslmaYBXl6o_0.mp4 (0:00:56.633 -> 0:01:39.466)
[21:40:13]   [78/150] yt-dlp D7oZUMzaLCo ...
[21:40:39]   [78/150] cutting D7oZUMzaLCo_5.mp4 (0:06:35.160 -> 0:06:55.200)
[21:40:39]   [79/150] yt-dlp eD02AvZUKrM ...
[21:40:58]   [79/150] cutting eD02AvZUKrM_3.mp4 (0:01:50.743 -> 0:02:22.859)
[21:40:59]   [81/150] yt-dlp Vtp0d3ecHGg ...
[21:41:56]   [81/150] cutting Vtp0d3ecHGg_29.mp4 (0:09:22.760 -> 0:09:28.160)
[21:41:56]   [82/150] yt-dlp h65bT52SOwk ...
[21:42:00]     FAILED: ERROR: [youtube] h65bT52SOwk: Private video
[21:42:00]   [83/150] yt-dlp hVodeUgu69s ...
[21:42:11]   [83/150] cutting hVodeUgu69s_2.mp4 (0:00:19.786 -> 0:00:23.823)
[21:42:12]   [84/150] yt-dlp FN2MKfbFrTg ...
[21:42:24]   [84/150] cutting FN2MKfbFrTg_11.mp4 (0:01:21.548 -> 0:01:26.920)
[21:42:24]   [85/150] yt-dlp H-hgZIAFRiw ...
[21:43:04]   [85/150] cutting H-hgZIAFRiw_3.mp4 (0:00:17.951 -> 0:00:23.790)
[21:43:04]   [86/150] yt-dlp RO9PU9OFimk ...
[21:43:18]   [86/150] cutting RO9PU9OFimk_0.mp4 (0:00:03.336 -> 0:00:30.155)
[21:43:19]   [87/150] yt-dlp fM1xz_MWEMw ...
[21:43:35]   [87/150] cutting fM1xz_MWEMw_18.mp4 (0:03:47.333 -> 0:03:57.375)
[21:43:35]   [88/150] yt-dlp -XwiF5yMKiU ...
[21:44:08]   [88/150] cutting -XwiF5yMKiU_4.mp4 (0:02:05.816 -> 0:02:53.816)
[21:44:09]   [90/150] yt-dlp eMnyDbZ-kWA ...
[21:44:45]   [90/150] cutting eMnyDbZ-kWA_5.mp4 (0:08:04.867 -> 0:08:52.882)
[21:44:45]   [91/150] yt-dlp QzO6Ez6o7TE ...
[21:45:05]   [91/150] cutting QzO6Ez6o7TE_34.mp4 (0:05:03.680 -> 0:05:13.640)
[21:45:05]   [92/150] yt-dlp 36WY9NRxlE4 ...
[21:45:25]   [92/150] cutting 36WY9NRxlE4_2.mp4 (0:03:30.510 -> 0:04:18.524)
[21:45:25]   [93/150] yt-dlp AXaP9bqJUJU ...
[21:45:58]   [93/150] cutting AXaP9bqJUJU_6.mp4 (0:02:02.040 -> 0:02:16.480)
[21:45:58]   [94/150] yt-dlp Bce2OAA8Hyw ...
[21:46:10]   [94/150] cutting Bce2OAA8Hyw_2.mp4 (0:00:30.263 -> 0:00:42.108)
[21:46:11]   [95/150] yt-dlp OQADPAwGIiE ...
[21:46:24]   [95/150] cutting OQADPAwGIiE_5.mp4 (0:00:55.560 -> 0:01:00.840)
[21:46:24]   [97/150] yt-dlp 3bzzM3bFTWQ ...
[21:46:37]   [97/150] cutting 3bzzM3bFTWQ_4.mp4 (0:01:22.153 -> 0:02:04.655)
[21:46:37]   [98/150] yt-dlp 5dH7ZpZ_x28 ...
[21:46:59]   [98/150] cutting 5dH7ZpZ_x28_13.mp4 (0:02:18.360 -> 0:02:29.400)
[21:46:59]   [99/150] yt-dlp 5PKimQZVjqk ...
[21:47:14]   [99/150] cutting 5PKimQZVjqk_12.mp4 (0:01:17.760 -> 0:01:22.760)
[21:47:15]   [100/150] yt-dlp 8FsLt_0epRg ...
[21:47:36]   [100/150] cutting 8FsLt_0epRg_4.mp4 (0:00:34.768 -> 0:00:44.778)
[21:47:36]   [101/150] yt-dlp bweuuuhLirI ...
[21:47:45]   [101/150] cutting bweuuuhLirI_3.mp4 (0:00:14.314 -> 0:00:18.852)
[21:47:45]   [102/150] yt-dlp H2nbFRy0awA ...
[21:48:23]   [102/150] cutting H2nbFRy0awA_7.mp4 (0:10:11.920 -> 0:10:46.440)
[21:48:23]   [103/150] yt-dlp DwRnipWuU04 ...
[21:48:39]   [103/150] cutting DwRnipWuU04_4.mp4 (0:01:39.365 -> 0:01:55.348)
[21:48:39]   [104/150] yt-dlp WW30WM8DEbU ...
[21:48:52]   [104/150] cutting WW30WM8DEbU_5.mp4 (0:01:31.324 -> 0:02:19.372)
[21:48:52]   [105/150] yt-dlp f1jui5lElAo ...
[21:49:11]   [105/150] cutting f1jui5lElAo_3.mp4 (0:01:55.448 -> 0:02:00.870)
[21:49:11]   [106/150] yt-dlp IzAf2jGH5n0 ...
[21:49:21]   [106/150] cutting IzAf2jGH5n0_2.mp4 (0:00:29.548 -> 0:00:37.571)
[21:49:22]   [107/150] yt-dlp J9is61XA6gU ...
[21:49:40]   [107/150] cutting J9is61XA6gU_3.mp4 (0:04:10.483 -> 0:04:31.938)
[21:49:41]   [108/150] yt-dlp LAs2sZRUi4I ...
[21:50:05]   [108/150] cutting LAs2sZRUi4I_4.mp4 (0:00:41.641 -> 0:00:52.318)
[21:50:05]   [109/150] yt-dlp mLdgiSU9ZVc ...
[21:50:48]   [109/150] cutting mLdgiSU9ZVc_39.mp4 (0:10:18.284 -> 0:10:23.756)
[21:50:48]   [110/150] yt-dlp UyCLLXE22yA ...
[21:51:09]   [110/150] cutting UyCLLXE22yA_1.mp4 (0:01:00.126 -> 0:01:04.164)
[21:51:09]   [111/150] yt-dlp A8V1LFn7Be0 ...
[21:51:22]   [111/150] cutting A8V1LFn7Be0_5.mp4 (0:02:29.500 -> 0:02:37.000)
[21:51:23]   [112/150] yt-dlp jdy4zLL0Dbk ...
[21:52:03]   [112/150] cutting jdy4zLL0Dbk_3.mp4 (0:01:11.233 -> 0:01:36.633)
[21:52:04]   [113/150] yt-dlp vLx745EV8xs ...
[21:52:34]   [113/150] cutting vLx745EV8xs_19.mp4 (0:10:34.800 -> 0:10:51.117)
[21:52:35]   [114/150] yt-dlp RCh7oQGj_RU ...
[21:52:39]     FAILED: ERROR: [youtube] RCh7oQGj_RU: Private video
[21:52:39]   [115/150] yt-dlp gwtdqhedEL4 ...
[21:52:51]   [115/150] cutting gwtdqhedEL4_9.mp4 (0:01:28.291 -> 0:01:31.291)
[21:52:51]   [117/150] yt-dlp aOFnthn4DKo ...
[21:53:58]   [117/150] cutting aOFnthn4DKo_14.mp4 (0:09:44.333 -> 0:09:48.333)
[21:53:58]   [118/150] yt-dlp MSrZNItrvHo ...
[21:54:13]   [118/150] cutting MSrZNItrvHo_3.mp4 (0:03:16.663 -> 0:03:20.700)
[21:54:13]   [119/150] yt-dlp xpeOqXruBrk ...
[21:54:27]   [119/150] cutting xpeOqXruBrk_7.mp4 (0:03:19.365 -> 0:03:48.194)
[21:54:27]   [120/150] yt-dlp AURhUArFyrw ...
[21:55:14]   [120/150] cutting AURhUArFyrw_4.mp4 (0:02:49.802 -> 0:03:17.030)
[21:55:14]   [121/150] yt-dlp Oh4PzHKgkKY ...
[21:55:28]   [121/150] cutting Oh4PzHKgkKY_9.mp4 (0:01:02.395 -> 0:01:08.835)
[21:55:28]   [122/150] yt-dlp aMyWNAWHJrY ...
[21:56:14]   [122/150] cutting aMyWNAWHJrY_19.mp4 (0:04:19.800 -> 0:04:23.800)
[21:56:14]   [123/150] yt-dlp zoldtn36mo8 ...
[21:57:01]   [123/150] cutting zoldtn36mo8_9.mp4 (0:01:21.181 -> 0:01:25.218)
[21:57:01]   [125/150] yt-dlp 6XdRQAGi9LQ ...
[21:57:26]   [125/150] cutting 6XdRQAGi9LQ_3.mp4 (0:00:35.080 -> 0:00:39.520)
[21:57:26]   [126/150] yt-dlp A9qLCrAewyY ...
[21:57:41]   [126/150] cutting A9qLCrAewyY_13.mp4 (0:01:30.990 -> 0:01:39.265)
[21:57:41]   [128/150] yt-dlp ydhzwi5dFds ...
[21:58:36]   [128/150] cutting ydhzwi5dFds_7.mp4 (0:04:44.133 -> 0:04:55.566)
[21:58:36]   [129/150] yt-dlp wKDlHiet3ZQ ...
[21:58:59]   [129/150] cutting wKDlHiet3ZQ_30.mp4 (0:06:23.182 -> 0:06:29.622)
[21:59:00]   [130/150] yt-dlp 2Q7HZnFnLuQ ...
[21:59:10]   [130/150] cutting 2Q7HZnFnLuQ_3.mp4 (0:00:51.885 -> 0:01:01.494)
[21:59:10]   [131/150] yt-dlp OTAXykiqsGs ...
[22:00:01]   [131/150] cutting OTAXykiqsGs_3.mp4 (0:03:09.939 -> 0:03:14.777)
[22:00:02]   [132/150] yt-dlp IVi72WADebk ...
[22:00:15]   [132/150] cutting IVi72WADebk_34.mp4 (0:03:38.680 -> 0:03:43.160)
[22:00:15]   [133/150] yt-dlp x9UgW8EdQCk ...
[22:00:38]   [133/150] cutting x9UgW8EdQCk_7.mp4 (0:03:25.400 -> 0:03:47.583)
[22:00:38]   [134/150] yt-dlp PAI9dWlOSbg ...
[22:00:51]   [134/150] cutting PAI9dWlOSbg_17.mp4 (0:02:13.800 -> 0:02:19.800)
[22:00:51]   [135/150] yt-dlp ZaoHEXBV0fI ...
[22:01:16]   [135/150] cutting ZaoHEXBV0fI_32.mp4 (0:05:42.880 -> 0:05:51.360)
[22:01:16]   [136/150] yt-dlp 4ejo_Tkv-0o ...
[22:01:33]   [136/150] cutting 4ejo_Tkv-0o_1.mp4 (0:00:17.050 -> 0:00:23.189)
[22:01:33]   [137/150] yt-dlp 1Gwrv6aL1aA ...
[22:02:07]   [137/150] cutting 1Gwrv6aL1aA_12.mp4 (0:07:45.565 -> 0:07:49.836)
[22:02:07]   [138/150] yt-dlp l_TLNu-VcsI ...
[22:02:20]   [138/150] cutting l_TLNu-VcsI_4.mp4 (0:00:32.250 -> 0:00:37.583)
[22:02:20]   [140/150] yt-dlp heSxSQsaFKg ...
[22:02:35]   [140/150] cutting heSxSQsaFKg_42.mp4 (0:04:15.960 -> 0:04:20.760)
[22:02:35]   [141/150] yt-dlp EUf8nsAZuv8 ...
[22:02:56]   [141/150] cutting EUf8nsAZuv8_2.mp4 (0:00:37.303 -> 0:01:25.318)
[22:02:56]   [142/150] yt-dlp jPeoqG6UIx8 ...
[22:03:20]   [142/150] cutting jPeoqG6UIx8_23.mp4 (0:07:25.778 -> 0:07:39.058)
[22:03:20]   [144/150] yt-dlp AGwBDabCo7s ...
[22:03:38]   [144/150] cutting AGwBDabCo7s_2.mp4 (0:01:52.566 -> 0:02:38.766)
[22:03:38]   [146/150] yt-dlp _dJF1Y2BVFg ...
[22:03:47]   [146/150] cutting _dJF1Y2BVFg_0.mp4 (0:00:03.560 -> 0:00:32.120)
[22:03:47]   [147/150] yt-dlp ah-tuQ7imqM ...
[22:04:15]   [147/150] cutting ah-tuQ7imqM_7.mp4 (0:08:27.666 -> 0:09:15.666)
[22:04:15]   [148/150] yt-dlp VVaQIwVM_JU ...
[22:04:28]   [148/150] cutting VVaQIwVM_JU_1.mp4 (0:00:11.160 -> 0:00:51.160)
[22:04:28]   [149/150] yt-dlp sensMBNMlGQ ...
[22:04:39]   [149/150] cutting sensMBNMlGQ_9.mp4 (0:01:24.017 -> 0:01:29.355)
[22:04:39]   [150/150] yt-dlp mbKJIl43oS0 ...
[22:05:17]   [150/150] cutting mbKJIl43oS0_32.mp4 (0:12:21.874 -> 0:12:36.155)
[22:05:17] ======================================================================
[22:05:17] Cleaning up raw full-video downloads (only the cut clips are kept)
[22:05:17] ======================================================================
[22:05:17] DONE. requested=150 downloaded=130 youtube_download_failed=6 ffmpeg_cut_failed=0 already_exists=14
[22:05:17] Summary written to /scratch/users/anirban/tamaghnam/latentvans/data/panda70m_clips/download_summary.json
[22:05:17] ======================================================================
[22:05:17] IMPORTANT: run verify_panda70m_clips.py against this output before trusting it -- this script was just rewritten to use TwiFF's own meta_data.start/end instead of the old, confirmed-wrong Panda-70M-mirror index lookup, but that rewrite itself has not yet been re-verified against real downloaded content. See this script's module docstring.
===== Download Panda-70M clips (pilot) completed — see /scratch/users/anirban/tamaghnam/latentvans/data/panda70m_clips/download_summary.json =====
End: Mon Sep  7 10:05:17 PM IST 2026
