===== Download Panda-70M Clips (full dataset) =====
Job ID: 58448
Node: cn1.cds.iisc.in
Start: Sat Sep 12 07:35:15 PM IST 2026
METADATA_DIR=/scratch/users/anirban/tamaghnam/latentvans/data/twiff_metadata_val
OUTPUT_DIR=/scratch/users/anirban/tamaghnam/latentvans/data/panda70m_clips_val
Requirement already satisfied: yt-dlp in /scratch/users/anirban/tamaghnam/envs/latentvans/lib/python3.11/site-packages (2026.8.19)
Requirement already satisfied: datasets in /scratch/users/anirban/tamaghnam/envs/latentvans/lib/python3.11/site-packages (5.0.1)
Requirement already satisfied: filelock in /scratch/users/anirban/tamaghnam/envs/latentvans/lib/python3.11/site-packages (from datasets) (3.32.5)
Requirement already satisfied: numpy>=1.17 in /scratch/users/anirban/tamaghnam/envs/latentvans/lib/python3.11/site-packages (from datasets) (2.4.6)
Requirement already satisfied: pyarrow>=21.0.0 in /scratch/users/anirban/tamaghnam/envs/latentvans/lib/python3.11/site-packages (from datasets) (25.0.1)
Requirement already satisfied: dill<0.4.2,>=0.3.0 in /scratch/users/anirban/tamaghnam/envs/latentvans/lib/python3.11/site-packages (from datasets) (0.4.1)
Requirement already satisfied: pandas in /scratch/users/anirban/tamaghnam/envs/latentvans/lib/python3.11/site-packages (from datasets) (3.0.5)
Requirement already satisfied: requests>=2.32.2 in /scratch/users/anirban/tamaghnam/envs/latentvans/lib/python3.11/site-packages (from datasets) (2.34.2)
Requirement already satisfied: httpx<1.0.0 in /scratch/users/anirban/tamaghnam/envs/latentvans/lib/python3.11/site-packages (from datasets) (0.28.1)
Requirement already satisfied: tqdm>=4.66.3 in /scratch/users/anirban/tamaghnam/envs/latentvans/lib/python3.11/site-packages (from datasets) (4.70.0)
Requirement already satisfied: xxhash in /scratch/users/anirban/tamaghnam/envs/latentvans/lib/python3.11/site-packages (from datasets) (4.0.1)
Requirement already satisfied: multiprocess<0.70.20 in /scratch/users/anirban/tamaghnam/envs/latentvans/lib/python3.11/site-packages (from datasets) (0.70.19)
Requirement already satisfied: fsspec<=2026.6.0,>=2023.1.0 in /scratch/users/anirban/tamaghnam/envs/latentvans/lib/python3.11/site-packages (from fsspec[http]<=2026.6.0,>=2023.1.0->datasets) (2026.6.0)
Requirement already satisfied: huggingface-hub<2.0,>=0.25.0 in /scratch/users/anirban/tamaghnam/envs/latentvans/lib/python3.11/site-packages (from datasets) (1.31.0)
Requirement already satisfied: packaging in /scratch/users/anirban/tamaghnam/envs/latentvans/lib/python3.11/site-packages (from datasets) (26.3)
Requirement already satisfied: pyyaml>=5.1 in /scratch/users/anirban/tamaghnam/envs/latentvans/lib/python3.11/site-packages (from datasets) (6.0.3)
Requirement already satisfied: aiohttp!=4.0.0a0,!=4.0.0a1 in /scratch/users/anirban/tamaghnam/envs/latentvans/lib/python3.11/site-packages (from fsspec[http]<=2026.6.0,>=2023.1.0->datasets) (3.14.3)
Requirement already satisfied: anyio in /scratch/users/anirban/tamaghnam/envs/latentvans/lib/python3.11/site-packages (from httpx<1.0.0->datasets) (4.15.1)
Requirement already satisfied: certifi in /scratch/users/anirban/tamaghnam/envs/latentvans/lib/python3.11/site-packages (from httpx<1.0.0->datasets) (2026.7.22)
Requirement already satisfied: httpcore==1.* in /scratch/users/anirban/tamaghnam/envs/latentvans/lib/python3.11/site-packages (from httpx<1.0.0->datasets) (1.0.9)
Requirement already satisfied: idna in /scratch/users/anirban/tamaghnam/envs/latentvans/lib/python3.11/site-packages (from httpx<1.0.0->datasets) (3.19)
Requirement already satisfied: h11>=0.16 in /scratch/users/anirban/tamaghnam/envs/latentvans/lib/python3.11/site-packages (from httpcore==1.*->httpx<1.0.0->datasets) (0.16.0)
Requirement already satisfied: click<9.0.0,>=8.4.2 in /scratch/users/anirban/tamaghnam/envs/latentvans/lib/python3.11/site-packages (from huggingface-hub<2.0,>=0.25.0->datasets) (8.5.0)
Requirement already satisfied: hf-xet<2.0.0,>=1.5.2 in /scratch/users/anirban/tamaghnam/envs/latentvans/lib/python3.11/site-packages (from huggingface-hub<2.0,>=0.25.0->datasets) (1.6.0)
Requirement already satisfied: typing-extensions>=4.1.0 in /scratch/users/anirban/tamaghnam/envs/latentvans/lib/python3.11/site-packages (from huggingface-hub<2.0,>=0.25.0->datasets) (4.16.0)
Requirement already satisfied: aiohappyeyeballs>=2.5.0 in /scratch/users/anirban/tamaghnam/envs/latentvans/lib/python3.11/site-packages (from aiohttp!=4.0.0a0,!=4.0.0a1->fsspec[http]<=2026.6.0,>=2023.1.0->datasets) (2.7.1)
Requirement already satisfied: aiosignal>=1.4.0 in /scratch/users/anirban/tamaghnam/envs/latentvans/lib/python3.11/site-packages (from aiohttp!=4.0.0a0,!=4.0.0a1->fsspec[http]<=2026.6.0,>=2023.1.0->datasets) (1.4.0)
Requirement already satisfied: attrs>=17.3.0 in /scratch/users/anirban/tamaghnam/envs/latentvans/lib/python3.11/site-packages (from aiohttp!=4.0.0a0,!=4.0.0a1->fsspec[http]<=2026.6.0,>=2023.1.0->datasets) (26.1.0)
Requirement already satisfied: frozenlist>=1.1.1 in /scratch/users/anirban/tamaghnam/envs/latentvans/lib/python3.11/site-packages (from aiohttp!=4.0.0a0,!=4.0.0a1->fsspec[http]<=2026.6.0,>=2023.1.0->datasets) (1.8.0)
Requirement already satisfied: multidict<7.0,>=4.5 in /scratch/users/anirban/tamaghnam/envs/latentvans/lib/python3.11/site-packages (from aiohttp!=4.0.0a0,!=4.0.0a1->fsspec[http]<=2026.6.0,>=2023.1.0->datasets) (6.7.1)
Requirement already satisfied: propcache>=0.2.0 in /scratch/users/anirban/tamaghnam/envs/latentvans/lib/python3.11/site-packages (from aiohttp!=4.0.0a0,!=4.0.0a1->fsspec[http]<=2026.6.0,>=2023.1.0->datasets) (0.5.2)
Requirement already satisfied: yarl<2.0,>=1.17.0 in /scratch/users/anirban/tamaghnam/envs/latentvans/lib/python3.11/site-packages (from aiohttp!=4.0.0a0,!=4.0.0a1->fsspec[http]<=2026.6.0,>=2023.1.0->datasets) (1.24.5)
Requirement already satisfied: charset_normalizer<4,>=2 in /scratch/users/anirban/tamaghnam/envs/latentvans/lib/python3.11/site-packages (from requests>=2.32.2->datasets) (3.5.1)
Requirement already satisfied: urllib3<3,>=1.26 in /scratch/users/anirban/tamaghnam/envs/latentvans/lib/python3.11/site-packages (from requests>=2.32.2->datasets) (2.7.0)
Requirement already satisfied: python-dateutil>=2.8.2 in /scratch/users/anirban/tamaghnam/envs/latentvans/lib/python3.11/site-packages (from pandas->datasets) (2.9.0.post0)
Requirement already satisfied: six>=1.5 in /scratch/users/anirban/tamaghnam/envs/latentvans/lib/python3.11/site-packages (from python-dateutil>=2.8.2->pandas->datasets) (1.17.0)
[19:35:26] ======================================================================
[19:35:26] Loading all TwiFF targets from /scratch/users/anirban/tamaghnam/latentvans/data/twiff_metadata_val
[19:35:26] ======================================================================
[19:35:39] 1447 distinct clip files targeted for this run (start/end taken directly from each row's own meta_data)
[19:35:39] 1447 distinct source YouTube videos among those targets
[19:35:39] ======================================================================
[19:35:39] Downloading + cutting clips (grouped by source video)
[19:35:39] ======================================================================
[19:35:39]   [video 1/1447] yt-dlp wXtEoK5hAlE (1 clip(s) needed) ...
[19:36:25]     [1/1447] cutting wXtEoK5hAlE_18.mp4 (0:10:11.480 -> 0:10:59.480)
[19:36:27]   [video 2/1447] yt-dlp 80xPjbB6TZA (1 clip(s) needed) ...
[19:36:37]     [2/1447] cutting 80xPjbB6TZA_0.mp4 (0:00:06.806 -> 0:00:21.688)
[19:36:38]   [video 3/1447] yt-dlp xBxO6vcd9-Q (1 clip(s) needed) ...
[19:37:10]     [3/1447] cutting xBxO6vcd9-Q_2.mp4 (0:02:39.025 -> 0:02:48.334)
[19:37:11]   [video 4/1447] yt-dlp BblEv6HUC2g (1 clip(s) needed) ...
[19:37:22]     [4/1447] cutting BblEv6HUC2g_3.mp4 (0:01:19.045 -> 0:01:31.825)
[19:37:22]   [video 5/1447] yt-dlp Paa81PKiwsI (1 clip(s) needed) ...
[19:37:58]     [5/1447] cutting Paa81PKiwsI_51.mp4 (0:08:11.390 -> 0:08:16.078)
[19:37:59]   [video 6/1447] yt-dlp sqZCk7BKl4s (1 clip(s) needed) ...
[19:38:12]     [6/1447] cutting sqZCk7BKl4s_0.mp4 (0:00:05.972 -> 0:00:54.020)
[19:38:13]   [video 7/1447] yt-dlp c1pQ19a8pMM (1 clip(s) needed) ...
[19:38:23]     [7/1447] cutting c1pQ19a8pMM_5.mp4 (0:05:26.400 -> 0:06:10.066)
[19:38:24]   [video 8/1447] yt-dlp W2-MuOf65H0 (1 clip(s) needed) ...
[19:38:40]     [8/1447] cutting W2-MuOf65H0_21.mp4 (0:03:23.912 -> 0:03:32.295)
[19:38:41]   [video 9/1447] yt-dlp jLpMSEfPw4Y (1 clip(s) needed) ...
[19:38:56]     [9/1447] cutting jLpMSEfPw4Y_1.mp4 (0:04:18.424 -> 0:04:38.319)
[19:38:57]   [video 10/1447] yt-dlp U5lcRNGlEbo (1 clip(s) needed) ...
[19:39:32]     [10/1447] cutting U5lcRNGlEbo_1.mp4 (0:01:03.229 -> 0:01:09.636)
[19:39:33]   [video 11/1447] yt-dlp JAPBovMAg_8 (1 clip(s) needed) ...
[19:40:05]     [11/1447] cutting JAPBovMAg_8_11.mp4 (0:05:56.556 -> 0:06:12.505)
[19:40:06]   [video 12/1447] yt-dlp GlmSc2NNl_I (1 clip(s) needed) ...
[19:40:24]     [12/1447] cutting GlmSc2NNl_I_15.mp4 (0:05:04.304 -> 0:05:14.213)
[19:40:25]   [video 13/1447] yt-dlp 6m7CwarmCo4 (1 clip(s) needed) ...
[19:40:36]     [13/1447] cutting 6m7CwarmCo4_5.mp4 (0:01:15.775 -> 0:01:26.419)
[19:40:37]   [video 14/1447] yt-dlp mWY35fsCUgo (1 clip(s) needed) ...
[19:41:15]     FAILED: ERROR: unable to download video data: HTTP Error 403: Forbidden
[19:41:15]   [video 15/1447] yt-dlp SARAI9YlkHE (1 clip(s) needed) ...
[19:41:44]     [15/1447] cutting SARAI9YlkHE_8.mp4 (0:04:32.535 -> 0:04:46.445)
[19:41:44]   [video 16/1447] yt-dlp brEXd2gsrTk (1 clip(s) needed) ...
[19:42:11]     [16/1447] cutting brEXd2gsrTk_8.mp4 (0:03:05.818 -> 0:03:09.856)
[19:42:11]   [video 17/1447] yt-dlp oCTuQIX8IvU (1 clip(s) needed) ...
[19:42:22]     [17/1447] cutting oCTuQIX8IvU_10.mp4 (0:02:05.400 -> 0:02:17.333)
[19:42:22]   [video 18/1447] yt-dlp mSXOqZw9UMg (1 clip(s) needed) ...
[19:43:27]     [18/1447] cutting mSXOqZw9UMg_11.mp4 (0:03:29.540 -> 0:04:17.540)
[19:43:29]   [video 19/1447] yt-dlp kvozIrPr2RM (1 clip(s) needed) ...
[19:43:40]     [19/1447] cutting kvozIrPr2RM_1.mp4 (0:00:15.915 -> 0:01:03.963)
[19:43:41]   [video 20/1447] yt-dlp DA6YnIZRTX8 (1 clip(s) needed) ...
[19:43:53]     [20/1447] cutting DA6YnIZRTX8_7.mp4 (0:01:20.513 -> 0:02:08.561)
[19:43:55]   [video 21/1447] yt-dlp bNoLV4iuGl8 (1 clip(s) needed) ...
[19:44:24]     [21/1447] cutting bNoLV4iuGl8_2.mp4 (0:01:50.060 -> 0:02:38.060)
[19:44:26]   [video 22/1447] yt-dlp HEaxYWW6Zm8 (1 clip(s) needed) ...
[19:44:47]     [22/1447] cutting HEaxYWW6Zm8_6.mp4 (0:02:54.641 -> 0:03:09.856)
[19:44:48]   [video 23/1447] yt-dlp I97XgKgLefc (1 clip(s) needed) ...
[19:45:05]     [23/1447] cutting I97XgKgLefc_18.mp4 (0:03:41.679 -> 0:03:44.891)
[19:45:06]   [video 24/1447] yt-dlp 9aWDk6CovWM (1 clip(s) needed) ...
[19:45:36]     [24/1447] cutting 9aWDk6CovWM_20.mp4 (0:07:48.000 -> 0:07:56.920)
[19:45:37]   [video 25/1447] yt-dlp ze58yiIjUp8 (1 clip(s) needed) ...
[19:45:57]     [25/1447] cutting ze58yiIjUp8_23.mp4 (0:04:51.924 -> 0:04:57.030)
[19:45:58]   [video 26/1447] yt-dlp C7D65lGa8ck (1 clip(s) needed) ...
[19:46:24]     [26/1447] cutting C7D65lGa8ck_23.mp4 (0:07:17.787 -> 0:07:39.542)
[19:46:25]   [video 27/1447] yt-dlp ssh-cj_4Qwg (1 clip(s) needed) ...
[19:46:46]     [27/1447] cutting ssh-cj_4Qwg_41.mp4 (0:04:19.225 -> 0:04:26.566)
[19:46:47]   [video 28/1447] yt-dlp IF6iBVGKREo (1 clip(s) needed) ...
[19:47:07]     [28/1447] cutting IF6iBVGKREo_91.mp4 (0:12:50.936 -> 0:13:01.071)
[19:47:08]   [video 29/1447] yt-dlp Jo4XXm8OUP4 (1 clip(s) needed) ...
[19:47:15]     [29/1447] cutting Jo4XXm8OUP4_12.mp4 (0:01:51.277 -> 0:01:57.742)
[19:47:16]   [video 30/1447] yt-dlp nZBk1GObVuk (1 clip(s) needed) ...
[19:47:27]     [30/1447] cutting nZBk1GObVuk_0.mp4 (0:00:02.000 -> 0:00:18.000)
[19:47:27]   [video 31/1447] yt-dlp 50GeYVkcYec (1 clip(s) needed) ...
[19:47:40]     [31/1447] cutting 50GeYVkcYec_1.mp4 (0:00:11.366 -> 0:00:45.200)
[19:47:42]   [video 32/1447] yt-dlp OX5lX2yOr0M (1 clip(s) needed) ...
[19:48:41]     [32/1447] cutting OX5lX2yOr0M_88.mp4 (0:14:59.500 -> 0:15:03.460)
[19:48:42]   [video 33/1447] yt-dlp HNA2UgP8OP4 (1 clip(s) needed) ...
[19:49:01]     [33/1447] cutting HNA2UgP8OP4_0.mp4 (0:00:05.100 -> 0:00:45.900)
[19:49:03]   [video 34/1447] yt-dlp QN3t9ngsVyM (1 clip(s) needed) ...
[19:49:19]     [34/1447] cutting QN3t9ngsVyM_7.mp4 (0:04:28.234 -> 0:04:34.340)
[19:49:20]   [video 35/1447] yt-dlp fapIwPCp3o0 (1 clip(s) needed) ...
[19:49:23]     FAILED: ERROR: [youtube] fapIwPCp3o0: This video is unavailable
[19:49:23]   [video 36/1447] yt-dlp KhaqO_OwMTM (1 clip(s) needed) ...
[19:49:26]     FAILED: ERROR: [youtube] KhaqO_OwMTM: Private video
[19:49:26]   [video 37/1447] yt-dlp 7wu_-eHfLVg (1 clip(s) needed) ...
[19:49:34]     [37/1447] cutting 7wu_-eHfLVg_4.mp4 (0:00:33.333 -> 0:00:41.674)
[19:49:35]   [video 38/1447] yt-dlp eKGbqpo4-UQ (1 clip(s) needed) ...
[19:49:51]     [38/1447] cutting eKGbqpo4-UQ_32.mp4 (0:03:11.724 -> 0:03:15.929)
[19:49:51]   [video 39/1447] yt-dlp kYO9oOFOl9s (1 clip(s) needed) ...
[19:50:38]     [39/1447] cutting kYO9oOFOl9s_25.mp4 (0:05:19.652 -> 0:05:25.575)
[19:50:38]   [video 40/1447] yt-dlp MPhysZLZbls (1 clip(s) needed) ...
[19:50:57]     [40/1447] cutting MPhysZLZbls_3.mp4 (0:01:44.866 -> 0:02:18.266)
[19:50:59]   [video 41/1447] yt-dlp XJKXkdFLtbc (1 clip(s) needed) ...
[19:51:16]     [41/1447] cutting XJKXkdFLtbc_2.mp4 (0:00:38.040 -> 0:01:14.200)
[19:51:17]   [video 42/1447] yt-dlp 7Jl5JgNBYcE (1 clip(s) needed) ...
[19:51:46]     [42/1447] cutting 7Jl5JgNBYcE_0.mp4 (0:00:05.972 -> 0:00:54.020)
[19:51:48]   [video 43/1447] yt-dlp 53zIjkMSgfU (1 clip(s) needed) ...
[19:52:04]     [43/1447] cutting 53zIjkMSgfU_8.mp4 (0:04:17.440 -> 0:04:42.120)
[19:52:05]   [video 44/1447] yt-dlp 3U1ZrW-l7Ns (1 clip(s) needed) ...
[19:53:06]     [44/1447] cutting 3U1ZrW-l7Ns_3.mp4 (0:03:04.617 -> 0:03:32.946)
[19:53:08]   [video 45/1447] yt-dlp v_1UO1GTsg0 (1 clip(s) needed) ...
[19:53:31]     [45/1447] cutting v_1UO1GTsg0_60.mp4 (0:19:56.750 -> 0:20:44.750)
[19:53:32]   [video 46/1447] yt-dlp Mx5uVnkhgAc (1 clip(s) needed) ...
[19:53:35]     FAILED: ERROR: [youtube] Mx5uVnkhgAc: This video is not available
[19:53:35]   [video 47/1447] yt-dlp 97Z_JVP_LvM (1 clip(s) needed) ...
[19:53:58]     [47/1447] cutting 97Z_JVP_LvM_11.mp4 (0:01:13.240 -> 0:01:16.760)
[19:53:58]   [video 48/1447] yt-dlp B8S7IIld_LY (1 clip(s) needed) ...
[19:54:01]     FAILED: ERROR: [youtube] B8S7IIld_LY: This video is not available
[19:54:01]   [video 49/1447] yt-dlp LuLnRkCk7G0 (1 clip(s) needed) ...
[19:54:10]     [49/1447] cutting LuLnRkCk7G0_2.mp4 (0:01:08.485 -> 0:01:56.533)
[19:54:12]   [video 50/1447] yt-dlp we18JQrdzNM (1 clip(s) needed) ...
[19:54:40]     [50/1447] cutting we18JQrdzNM_5.mp4 (0:03:29.342 -> 0:03:33.546)
[19:54:40]   [video 51/1447] yt-dlp ESF_wzDFXA8 (1 clip(s) needed) ...
[19:54:56]     [51/1447] cutting ESF_wzDFXA8_1.mp4 (0:00:10.910 -> 0:00:58.591)
[19:54:57]   [video 52/1447] yt-dlp kXrhcA8wl5E (1 clip(s) needed) ...
[19:55:05]     [52/1447] cutting kXrhcA8wl5E_1.mp4 (0:00:40.100 -> 0:01:28.100)
[19:55:06]   [video 53/1447] yt-dlp h95f8kXhrQc (1 clip(s) needed) ...
[19:55:25]     [53/1447] cutting h95f8kXhrQc_27.mp4 (0:05:16.774 -> 0:05:29.579)
[19:55:25]   [video 54/1447] yt-dlp sO4LI7jQ0v4 (1 clip(s) needed) ...
[19:55:42]     [54/1447] cutting sO4LI7jQ0v4_2.mp4 (0:00:36.469 -> 0:00:42.442)
[19:55:43]   [video 55/1447] yt-dlp LJybG2DaR4o (1 clip(s) needed) ...
[19:56:51]     [55/1447] cutting LJybG2DaR4o_7.mp4 (0:19:45.284 -> 0:20:09.174)
[19:56:52]   [video 56/1447] yt-dlp LeKS3lZM9N8 (1 clip(s) needed) ...
[19:57:13]     [56/1447] cutting LeKS3lZM9N8_41.mp4 (0:08:10.406 -> 0:08:15.870)
[19:57:13]   [video 57/1447] yt-dlp 5GX3MDLmBAY (1 clip(s) needed) ...
[19:57:49]     [57/1447] cutting 5GX3MDLmBAY_3.mp4 (0:00:39.939 -> 0:00:59.859)
[19:57:51]   [video 58/1447] yt-dlp XQWz105sT1g (1 clip(s) needed) ...
[19:58:25]     [58/1447] cutting XQWz105sT1g_3.mp4 (0:03:23.236 -> 0:04:11.284)
[19:58:27]   [video 59/1447] yt-dlp RC_H5zWcWyU (1 clip(s) needed) ...
[19:58:32]     FAILED: ERROR: [youtube] RC_H5zWcWyU: This video is not available
[19:58:32]   [video 60/1447] yt-dlp yyg6-NUkYCg (1 clip(s) needed) ...
[19:59:18]     [60/1447] cutting yyg6-NUkYCg_7.mp4 (0:00:53.040 -> 0:00:59.240)
[19:59:19]   [video 61/1447] yt-dlp f8pjSfCh8as (1 clip(s) needed) ...
[20:02:06]     [61/1447] cutting f8pjSfCh8as_77.mp4 (0:13:06.218 -> 0:13:13.626)
[20:02:06]   [video 62/1447] yt-dlp MW41EAmaWAE (1 clip(s) needed) ...
[20:04:32]     [62/1447] cutting MW41EAmaWAE_49.mp4 (0:06:35.178 -> 0:06:46.005)
[20:04:33]   [video 63/1447] yt-dlp 6fusfft95JY (1 clip(s) needed) ...
[20:07:07]     [63/1447] cutting 6fusfft95JY_41.mp4 (0:07:27.563 -> 0:07:34.620)
[20:07:07]   [video 64/1447] yt-dlp dJNduDhBIYA (1 clip(s) needed) ...
[20:09:17]     [64/1447] cutting dJNduDhBIYA_16.mp4 (0:03:07.270 -> 0:03:13.151)
[20:09:18]   [video 65/1447] yt-dlp Za0TBlSOIOw (1 clip(s) needed) ...
[20:11:30]     [65/1447] cutting Za0TBlSOIOw_2.mp4 (0:03:28.333 -> 0:04:16.333)
[20:11:31]   [video 66/1447] yt-dlp siEPcXG1x6w (1 clip(s) needed) ...
[20:11:36]     FAILED: ERROR: [youtube] siEPcXG1x6w: Video unavailable
[20:11:36]   [video 67/1447] yt-dlp y9NIQe28ViU (1 clip(s) needed) ...
[20:12:53]     [67/1447] cutting y9NIQe28ViU_5.mp4 (0:00:48.481 -> 0:00:54.921)
[20:12:53]   [video 68/1447] yt-dlp vxRvSCUCFhU (1 clip(s) needed) ...
[20:13:08]     [68/1447] cutting vxRvSCUCFhU_0.mp4 (0:00:02.035 -> 0:00:18.385)
[20:13:09]   [video 69/1447] yt-dlp t5-EqQ9K4Do (1 clip(s) needed) ...
[20:13:50]     [69/1447] cutting t5-EqQ9K4Do_13.mp4 (0:02:42.080 -> 0:02:47.560)
[20:13:50]   [video 70/1447] yt-dlp QHUz1tevIf4 (1 clip(s) needed) ...
[20:14:34]     [70/1447] cutting QHUz1tevIf4_5.mp4 (0:01:44.083 -> 0:02:32.083)
[20:14:35]   [video 71/1447] yt-dlp Rj2fVXY7auI (1 clip(s) needed) ...
[20:15:43]     [71/1447] cutting Rj2fVXY7auI_4.mp4 (0:00:44.611 -> 0:00:52.419)
[20:15:44]   [video 72/1447] yt-dlp s0lCx-poYe0 (1 clip(s) needed) ...
[20:20:44] FATAL: unhandled exception.
