===== Download Panda-70M Clips (full dataset) =====
Job ID: 61334
Node: cn4.cds.iisc.in
Start: Thu Sep 24 03:46:39 PM IST 2026
METADATA_DIR=/scratch/users/anirban/tamaghnam/latentvans/data/future_l1_50k_metadata_full
OUTPUT_DIR=/scratch/users/anirban/tamaghnam/latentvans/data/panda70m_clips
NUM_SHARDS=1 SHARD_ID=0
Requirement already satisfied: yt-dlp in /scratch/users/anirban/tamaghnam/envs/latentvans/lib/python3.11/site-packages (2026.8.19)
Requirement already satisfied: datasets in /scratch/users/anirban/tamaghnam/envs/latentvans/lib/python3.11/site-packages (5.0.1)
Requirement already satisfied: filelock in /scratch/users/anirban/tamaghnam/envs/latentvans/lib/python3.11/site-packages (from datasets) (3.32.5)
Requirement already satisfied: numpy>=1.17 in /scratch/users/anirban/tamaghnam/envs/latentvans/lib/python3.11/site-packages (from datasets) (2.4.6)
Requirement already satisfied: pyarrow>=21.0.0 in /scratch/users/anirban/tamaghnam/envs/latentvans/lib/python3.11/site-packages (from datasets) (25.0.1)
Requirement already satisfied: dill<0.4.2,>=0.3.0 in /scratch/users/anirban/tamaghnam/envs/latentvans/lib/python3.11/site-packages (from datasets) (0.4.1)
Requirement already satisfied: pandas in /scratch/users/anirban/tamaghnam/envs/latentvans/lib/python3.11/site-packages (from datasets) (3.0.5)
Requirement already satisfied: requests>=2.32.2 in /scratch/users/anirban/tamaghnam/envs/latentvans/lib/python3.11/site-packages (from datasets) (2.34.2)
Requirement already satisfied: httpx<1.0.0 in /scratch/users/anirban/tamaghnam/envs/latentvans/lib/python3.11/site-packages (from datasets) (0.28.1)
Requirement already satisfied: tqdm>=4.66.3 in /scratch/users/anirban/tamaghnam/envs/latentvans/lib/python3.11/site-packages (from datasets) (4.70.0)
Requirement already satisfied: xxhash in /scratch/users/anirban/tamaghnam/envs/latentvans/lib/python3.11/site-packages (from datasets) (4.0.1)
Requirement already satisfied: multiprocess<0.70.20 in /scratch/users/anirban/tamaghnam/envs/latentvans/lib/python3.11/site-packages (from datasets) (0.70.19)
Requirement already satisfied: fsspec<=2026.6.0,>=2023.1.0 in /scratch/users/anirban/tamaghnam/envs/latentvans/lib/python3.11/site-packages (from fsspec[http]<=2026.6.0,>=2023.1.0->datasets) (2026.6.0)
Requirement already satisfied: huggingface-hub<2.0,>=0.25.0 in /scratch/users/anirban/tamaghnam/envs/latentvans/lib/python3.11/site-packages (from datasets) (1.31.0)
Requirement already satisfied: packaging in /scratch/users/anirban/tamaghnam/envs/latentvans/lib/python3.11/site-packages (from datasets) (26.3)
Requirement already satisfied: pyyaml>=5.1 in /scratch/users/anirban/tamaghnam/envs/latentvans/lib/python3.11/site-packages (from datasets) (6.0.3)
Requirement already satisfied: aiohttp!=4.0.0a0,!=4.0.0a1 in /scratch/users/anirban/tamaghnam/envs/latentvans/lib/python3.11/site-packages (from fsspec[http]<=2026.6.0,>=2023.1.0->datasets) (3.14.3)
Requirement already satisfied: anyio in /scratch/users/anirban/tamaghnam/envs/latentvans/lib/python3.11/site-packages (from httpx<1.0.0->datasets) (4.15.1)
Requirement already satisfied: certifi in /scratch/users/anirban/tamaghnam/envs/latentvans/lib/python3.11/site-packages (from httpx<1.0.0->datasets) (2026.7.22)
Requirement already satisfied: httpcore==1.* in /scratch/users/anirban/tamaghnam/envs/latentvans/lib/python3.11/site-packages (from httpx<1.0.0->datasets) (1.0.9)
Requirement already satisfied: idna in /scratch/users/anirban/tamaghnam/envs/latentvans/lib/python3.11/site-packages (from httpx<1.0.0->datasets) (3.19)
Requirement already satisfied: h11>=0.16 in /scratch/users/anirban/tamaghnam/envs/latentvans/lib/python3.11/site-packages (from httpcore==1.*->httpx<1.0.0->datasets) (0.16.0)
Requirement already satisfied: click<9.0.0,>=8.4.2 in /scratch/users/anirban/tamaghnam/envs/latentvans/lib/python3.11/site-packages (from huggingface-hub<2.0,>=0.25.0->datasets) (8.5.0)
Requirement already satisfied: hf-xet<2.0.0,>=1.5.2 in /scratch/users/anirban/tamaghnam/envs/latentvans/lib/python3.11/site-packages (from huggingface-hub<2.0,>=0.25.0->datasets) (1.6.0)
Requirement already satisfied: typing-extensions>=4.1.0 in /scratch/users/anirban/tamaghnam/envs/latentvans/lib/python3.11/site-packages (from huggingface-hub<2.0,>=0.25.0->datasets) (4.16.0)
Requirement already satisfied: aiohappyeyeballs>=2.5.0 in /scratch/users/anirban/tamaghnam/envs/latentvans/lib/python3.11/site-packages (from aiohttp!=4.0.0a0,!=4.0.0a1->fsspec[http]<=2026.6.0,>=2023.1.0->datasets) (2.7.1)
Requirement already satisfied: aiosignal>=1.4.0 in /scratch/users/anirban/tamaghnam/envs/latentvans/lib/python3.11/site-packages (from aiohttp!=4.0.0a0,!=4.0.0a1->fsspec[http]<=2026.6.0,>=2023.1.0->datasets) (1.4.0)
Requirement already satisfied: attrs>=17.3.0 in /scratch/users/anirban/tamaghnam/envs/latentvans/lib/python3.11/site-packages (from aiohttp!=4.0.0a0,!=4.0.0a1->fsspec[http]<=2026.6.0,>=2023.1.0->datasets) (26.1.0)
Requirement already satisfied: frozenlist>=1.1.1 in /scratch/users/anirban/tamaghnam/envs/latentvans/lib/python3.11/site-packages (from aiohttp!=4.0.0a0,!=4.0.0a1->fsspec[http]<=2026.6.0,>=2023.1.0->datasets) (1.8.0)
Requirement already satisfied: multidict<7.0,>=4.5 in /scratch/users/anirban/tamaghnam/envs/latentvans/lib/python3.11/site-packages (from aiohttp!=4.0.0a0,!=4.0.0a1->fsspec[http]<=2026.6.0,>=2023.1.0->datasets) (6.7.1)
Requirement already satisfied: propcache>=0.2.0 in /scratch/users/anirban/tamaghnam/envs/latentvans/lib/python3.11/site-packages (from aiohttp!=4.0.0a0,!=4.0.0a1->fsspec[http]<=2026.6.0,>=2023.1.0->datasets) (0.5.2)
Requirement already satisfied: yarl<2.0,>=1.17.0 in /scratch/users/anirban/tamaghnam/envs/latentvans/lib/python3.11/site-packages (from aiohttp!=4.0.0a0,!=4.0.0a1->fsspec[http]<=2026.6.0,>=2023.1.0->datasets) (1.24.5)
Requirement already satisfied: charset_normalizer<4,>=2 in /scratch/users/anirban/tamaghnam/envs/latentvans/lib/python3.11/site-packages (from requests>=2.32.2->datasets) (3.5.1)
Requirement already satisfied: urllib3<3,>=1.26 in /scratch/users/anirban/tamaghnam/envs/latentvans/lib/python3.11/site-packages (from requests>=2.32.2->datasets) (2.7.0)
Requirement already satisfied: python-dateutil>=2.8.2 in /scratch/users/anirban/tamaghnam/envs/latentvans/lib/python3.11/site-packages (from pandas->datasets) (2.9.0.post0)
Requirement already satisfied: six>=1.5 in /scratch/users/anirban/tamaghnam/envs/latentvans/lib/python3.11/site-packages (from python-dateutil>=2.8.2->pandas->datasets) (1.17.0)
COOKIES_FILE=/scratch/users/anirban/tamaghnam/latentvans/cookies.txt -- passing --cookies_file to reduce bot-detection failures.
[15:46:45] ======================================================================
[15:46:45] Loading all TwiFF targets from /scratch/users/anirban/tamaghnam/latentvans/data/future_l1_50k_metadata_full
[15:46:45] ======================================================================
[15:46:54] 50000 distinct clip files targeted for this run (start/end taken directly from each row's own meta_data)
[15:46:54] 49222 distinct source YouTube videos among those targets
[15:46:54] ======================================================================
[15:46:54] Downloading + cutting clips (grouped by source video)
[15:46:54] ======================================================================
[15:46:54]   [video 23/49222] yt-dlp d0OTlucki00 (1 clip(s) needed) ...
[15:47:01]     FAILED: ERROR: [youtube] d0OTlucki00: Video unavailable
[15:47:01]   [video 24/49222] yt-dlp jew1458EF5I (1 clip(s) needed) ...
[15:47:08]     FAILED: ERROR: [youtube] jew1458EF5I: The page needs to be reloaded.
[15:47:08]   [video 68/49222] yt-dlp zSfsNZzKZss (1 clip(s) needed) ...
[15:47:15]     FAILED: ERROR: [youtube] zSfsNZzKZss: The page needs to be reloaded.
[15:47:15]   [video 70/49222] yt-dlp 203x3L2HYAY (1 clip(s) needed) ...
[15:47:21]     FAILED: ERROR: [youtube] 203x3L2HYAY: Video unavailable
[15:47:21]   [video 80/49222] yt-dlp 2KUpTltWbfQ (2 clip(s) needed) ...
[15:47:28]     FAILED: ERROR: [youtube] 2KUpTltWbfQ: The page needs to be reloaded.
[15:47:28]   [video 85/49222] yt-dlp wZcNfq_Vdnk (1 clip(s) needed) ...
[15:47:35]     FAILED: ERROR: [youtube] wZcNfq_Vdnk: This video is unavailable
[15:47:35]   [video 89/49222] yt-dlp i8WVyvIK-14 (1 clip(s) needed) ...
[15:47:42]     FAILED: ERROR: [youtube] i8WVyvIK-14: The page needs to be reloaded.
[15:47:42]   [video 116/49222] yt-dlp fyhI4GPgEUM (2 clip(s) needed) ...
[15:47:50]     FAILED: ERROR: [youtube] fyhI4GPgEUM: The page needs to be reloaded.
[15:47:50]   [video 122/49222] yt-dlp kYxys6pXwwc (1 clip(s) needed) ...
[15:47:56]     FAILED: ERROR: [youtube] kYxys6pXwwc: The page needs to be reloaded.
[15:47:56]   [video 126/49222] yt-dlp vMeC-ibV8Ok (1 clip(s) needed) ...
[15:48:04]     FAILED: ERROR: [youtube] vMeC-ibV8Ok: Requested format is not available. Use --list-formats for a list of available formats
[15:48:04]   [video 153/49222] yt-dlp BQAImwhnmx8 (1 clip(s) needed) ...
[15:48:09]     FAILED: ERROR: [youtube] BQAImwhnmx8: Video unavailable
[15:48:09]   [video 174/49222] yt-dlp kIetDoO86HU (1 clip(s) needed) ...
[15:48:14]     FAILED: ERROR: [youtube] kIetDoO86HU: This video is unavailable
[15:48:14]   [video 203/49222] yt-dlp qyElIIlKrlg (1 clip(s) needed) ...
[15:48:21]     FAILED: ERROR: [youtube] qyElIIlKrlg: The page needs to be reloaded.
[15:48:21]   [video 240/49222] yt-dlp z92kV3NKEsw (1 clip(s) needed) ...
[15:48:28]     FAILED: ERROR: [youtube] z92kV3NKEsw: The page needs to be reloaded.
[15:48:28]   [video 283/49222] yt-dlp ttcAGQKdKvs (1 clip(s) needed) ...
[15:48:34]     FAILED: ERROR: [youtube] ttcAGQKdKvs: The page needs to be reloaded.
[15:48:34]   [video 293/49222] yt-dlp QCWkZ3yTAzk (1 clip(s) needed) ...
[15:48:41]     FAILED: ERROR: [youtube] QCWkZ3yTAzk: The page needs to be reloaded.
[15:48:41]   [video 300/49222] yt-dlp 8WkVNq1-6bs (1 clip(s) needed) ...
[15:48:53]     FAILED: ERROR: [youtube] 8WkVNq1-6bs: Video unavailable
[15:48:53]   [video 309/49222] yt-dlp un1PJ7U_ASA (1 clip(s) needed) ...
[15:49:02]     FAILED: ERROR: [youtube] un1PJ7U_ASA: The page needs to be reloaded.
[15:49:02]   [video 342/49222] yt-dlp YsKBaaxbwTU (1 clip(s) needed) ...
[15:49:08]     FAILED: ERROR: [youtube] YsKBaaxbwTU: Video unavailable
[15:49:08]   [video 343/49222] yt-dlp JQaBsXPSAEs (1 clip(s) needed) ...
[15:49:13]     FAILED: ERROR: [youtube] JQaBsXPSAEs: This video is unavailable
[15:49:13]   [video 346/49222] yt-dlp AckdrrEUpqw (1 clip(s) needed) ...
[15:49:20]     FAILED: ERROR: [youtube] AckdrrEUpqw: The page needs to be reloaded.
[15:49:21]   [video 355/49222] yt-dlp a_voqYLnQF8 (1 clip(s) needed) ...
[15:49:28]     FAILED: ERROR: [youtube] a_voqYLnQF8: The page needs to be reloaded.
[15:49:29]   [video 364/49222] yt-dlp 7tOefiOUS1I (1 clip(s) needed) ...
[15:49:36]     FAILED: ERROR: [youtube] 7tOefiOUS1I: This video is unavailable
[15:49:40]   [video 396/49222] yt-dlp vOyYn4ATsoo (1 clip(s) needed) ...
[15:49:47]     FAILED: ERROR: [youtube] vOyYn4ATsoo: The page needs to be reloaded.
[15:49:48]   [video 406/49222] yt-dlp 7aHBEk6VV8g (1 clip(s) needed) ...
[15:49:55]     FAILED: ERROR: [youtube] 7aHBEk6VV8g: The page needs to be reloaded.
[15:49:55]   [video 413/49222] yt-dlp SjRb-Z4ikOE (1 clip(s) needed) ...
[15:50:01]     FAILED: ERROR: [youtube] SjRb-Z4ikOE: Video unavailable
[15:50:01]   [video 420/49222] yt-dlp G-Pj5VP1YEo (1 clip(s) needed) ...
[15:50:06]     FAILED: ERROR: [youtube] G-Pj5VP1YEo: Video unavailable
[15:50:07]   [video 424/49222] yt-dlp G6oIXQFFm4c (1 clip(s) needed) ...
[15:50:13]     FAILED: ERROR: [youtube] G6oIXQFFm4c: The page needs to be reloaded.
[15:50:13]   [video 430/49222] yt-dlp q08s-OGrsKo (1 clip(s) needed) ...
[15:50:19]     FAILED: ERROR: [youtube] q08s-OGrsKo: The page needs to be reloaded.
[15:50:19]   [video 432/49222] yt-dlp wqOQMMnTnXg (1 clip(s) needed) ...
[15:50:25]     FAILED: ERROR: [youtube] wqOQMMnTnXg: The page needs to be reloaded.
[15:50:28]   [video 476/49222] yt-dlp 2CIZ-WoZsSc (1 clip(s) needed) ...
[15:50:34]     FAILED: ERROR: [youtube] 2CIZ-WoZsSc: The page needs to be reloaded.
[15:50:35]   [video 505/49222] yt-dlp C4Ta16hLW0w (1 clip(s) needed) ...
[15:50:40]     FAILED: ERROR: [youtube] C4Ta16hLW0w: Video unavailable
[15:50:40]   [video 507/49222] yt-dlp kRI-XGWNJow (1 clip(s) needed) ...
[15:50:46]     FAILED: ERROR: [youtube] kRI-XGWNJow: The page needs to be reloaded.
[15:50:51]   [video 554/49222] yt-dlp fanIpBRICCg (1 clip(s) needed) ...
[15:50:56]     FAILED: ERROR: [youtube] fanIpBRICCg: Video unavailable
[15:50:57]   [video 560/49222] yt-dlp YBOCsL_EA_s (1 clip(s) needed) ...
[15:51:03]     FAILED: ERROR: [youtube] YBOCsL_EA_s: The page needs to be reloaded.
[15:51:03]   [video 565/49222] yt-dlp cyyhO9e2zBo (1 clip(s) needed) ...
[15:51:08]     FAILED: ERROR: [youtube] cyyhO9e2zBo: Video unavailable
[15:51:09]   [video 577/49222] yt-dlp EOPzjh6tSO8 (1 clip(s) needed) ...
[15:51:13]     FAILED: ERROR: [youtube] EOPzjh6tSO8: Video unavailable
[15:51:13]   [video 582/49222] yt-dlp LwvZ7y6gLuo (1 clip(s) needed) ...
[15:51:21]     FAILED: ERROR: [youtube] LwvZ7y6gLuo: The page needs to be reloaded.
[15:51:21]   [video 586/49222] yt-dlp ggoc-Uaox_0 (1 clip(s) needed) ...
[15:51:26]     FAILED: ERROR: [youtube] ggoc-Uaox_0: Video unavailable
[15:51:27]   [video 597/49222] yt-dlp _Y-pFZd97Vs (1 clip(s) needed) ...
[15:51:34]     FAILED: ERROR: [youtube] _Y-pFZd97Vs: The page needs to be reloaded.
[15:51:34]   [video 607/49222] yt-dlp mqqx_ehU_WU (1 clip(s) needed) ...
[15:51:41]     FAILED: ERROR: [youtube] mqqx_ehU_WU: The page needs to be reloaded.
[15:51:41]   [video 610/49222] yt-dlp hCI78bKvGJ0 (1 clip(s) needed) ...
[15:51:48]     FAILED: ERROR: [youtube] hCI78bKvGJ0: The page needs to be reloaded.
[15:51:48]   [video 611/49222] yt-dlp pfsvrBWq_ao (1 clip(s) needed) ...
[15:51:54]     FAILED: ERROR: [youtube] pfsvrBWq_ao: The page needs to be reloaded.
[15:51:56]   [video 639/49222] yt-dlp bSRkyl039dM (1 clip(s) needed) ...
[15:52:01]     FAILED: ERROR: [youtube] bSRkyl039dM: This video is unavailable
[15:52:01]   [video 641/49222] yt-dlp HtrvyBkvKs8 (1 clip(s) needed) ...
[15:52:07]     FAILED: ERROR: [youtube] HtrvyBkvKs8: Video unavailable
[15:52:08]   [video 664/49222] yt-dlp brYj97Yl1Vk (1 clip(s) needed) ...
[15:52:13]     FAILED: ERROR: [youtube] brYj97Yl1Vk: The page needs to be reloaded.
[15:52:16]   [video 719/49222] yt-dlp 9LTgpJ4Njr8 (1 clip(s) needed) ...
[15:52:22]     FAILED: ERROR: [youtube] 9LTgpJ4Njr8: This video is unavailable
[15:52:23]   [video 737/49222] yt-dlp goOWdeRhFHU (1 clip(s) needed) ...
[15:52:29]     FAILED: ERROR: [youtube] goOWdeRhFHU: The page needs to be reloaded.
[15:52:29]   [video 739/49222] yt-dlp d4rdK6fIvMg (1 clip(s) needed) ...
[15:52:34]     FAILED: ERROR: [youtube] d4rdK6fIvMg: Video unavailable
[15:52:34]   [video 740/49222] yt-dlp rrowugi1a9o (1 clip(s) needed) ...
[15:52:40]     FAILED: ERROR: [youtube] rrowugi1a9o: The page needs to be reloaded.
[15:52:41]   [video 745/49222] yt-dlp 8l7x3gmFeUA (2 clip(s) needed) ...
[15:52:47]     FAILED: ERROR: [youtube] 8l7x3gmFeUA: The page needs to be reloaded.
[15:52:48]   [video 753/49222] yt-dlp KlP1gJX2q0Q (1 clip(s) needed) ...
[15:52:53]     FAILED: ERROR: [youtube] KlP1gJX2q0Q: This video is unavailable
[15:52:53]   [video 760/49222] yt-dlp x4zzdmD0-c8 (1 clip(s) needed) ...
[15:52:57]     FAILED: ERROR: [youtube] x4zzdmD0-c8: Video unavailable
[15:52:58]   [video 784/49222] yt-dlp SzvUNDgq8hc (1 clip(s) needed) ...
[15:53:04]     FAILED: ERROR: [youtube] SzvUNDgq8hc: The page needs to be reloaded.
[15:53:05]   [video 788/49222] yt-dlp Y8WoJBtFxgM (1 clip(s) needed) ...
[15:53:10]     FAILED: ERROR: [youtube] Y8WoJBtFxgM: Video unavailable
[15:53:10]   [video 798/49222] yt-dlp qsXAyFgPZVE (1 clip(s) needed) ...
[15:53:19]     FAILED: ERROR: [youtube] qsXAyFgPZVE: The page needs to be reloaded.
[15:53:19]   [video 803/49222] yt-dlp 6u7wi0rpMsE (1 clip(s) needed) ...
[15:53:25]     FAILED: ERROR: [youtube] 6u7wi0rpMsE: Video unavailable
[15:53:25]   [video 821/49222] yt-dlp bdzwKx1R80Y (1 clip(s) needed) ...
[15:53:32]     FAILED: ERROR: [youtube] bdzwKx1R80Y: The page needs to be reloaded.
[15:53:34]   [video 892/49222] yt-dlp -7oJIUTyuGY (1 clip(s) needed) ...
[15:53:40]     FAILED: ERROR: [youtube] -7oJIUTyuGY: This video is unavailable
[15:53:40]   [video 895/49222] yt-dlp mJiNKKDQU18 (1 clip(s) needed) ...
[15:53:45]     FAILED: ERROR: [youtube] mJiNKKDQU18: Video unavailable
[15:53:46]   [video 918/49222] yt-dlp UiLMHglmUPE (1 clip(s) needed) ...
[15:53:53]     FAILED: ERROR: [youtube] UiLMHglmUPE: The page needs to be reloaded.
[15:53:54]   [video 943/49222] yt-dlp Odv7f4zGQY4 (1 clip(s) needed) ...
[15:53:58]     FAILED: ERROR: [youtube] Odv7f4zGQY4: Video unavailable
[15:53:59]   [video 954/49222] yt-dlp 35Jdqx1MUWw (1 clip(s) needed) ...
[15:54:06]     FAILED: ERROR: [youtube] 35Jdqx1MUWw: The page needs to be reloaded.
[15:54:07]   [video 977/49222] yt-dlp sEBsEO75lOo (1 clip(s) needed) ...
[15:54:13]     FAILED: ERROR: [youtube] sEBsEO75lOo: The page needs to be reloaded.
[15:54:13]   [video 980/49222] yt-dlp KcHPsVFhs3g (1 clip(s) needed) ...
[15:54:18]     FAILED: ERROR: [youtube] KcHPsVFhs3g: Video unavailable
[15:54:18]   [video 987/49222] yt-dlp 9QT5qXXl5_4 (1 clip(s) needed) ...
[15:54:23]     FAILED: ERROR: [youtube] 9QT5qXXl5_4: The page needs to be reloaded.
[15:54:24]   [video 998/49222] yt-dlp xUN7bZHKXIM (1 clip(s) needed) ...
[15:54:29]     FAILED: ERROR: [youtube] xUN7bZHKXIM: The page needs to be reloaded.
[15:54:30]   [video 1003/49222] yt-dlp UZk4uWuUZT8 (1 clip(s) needed) ...
[15:54:35]     FAILED: ERROR: [youtube] UZk4uWuUZT8: The page needs to be reloaded.
[15:54:35]   [video 1012/49222] yt-dlp v8zD8jXAYM8 (1 clip(s) needed) ...
[15:54:41]     FAILED: ERROR: [youtube] v8zD8jXAYM8: The page needs to be reloaded.
[15:54:42]   [video 1022/49222] yt-dlp hMqraxRgIDw (1 clip(s) needed) ...
[15:54:47]     FAILED: ERROR: [youtube] hMqraxRgIDw: The page needs to be reloaded.
[15:54:49]   [video 1057/49222] yt-dlp XDR6hwPiO6c (1 clip(s) needed) ...
[15:54:56]     FAILED: ERROR: [youtube] XDR6hwPiO6c: Video unavailable
[15:54:57]   [video 1095/49222] yt-dlp gZwk7KfAtyA (1 clip(s) needed) ...
[15:55:02]     FAILED: ERROR: [youtube] gZwk7KfAtyA: Video unavailable
[15:55:02]   [video 1148/49222] yt-dlp nIxpE-LYUAA (1 clip(s) needed) ...
[15:55:09]     FAILED: ERROR: [youtube] nIxpE-LYUAA: The page needs to be reloaded.
[15:55:10]   [video 1160/49222] yt-dlp JvApEnqheEU (1 clip(s) needed) ...
[15:55:14]     FAILED: ERROR: [youtube] JvApEnqheEU: Video unavailable
[15:55:15]   [video 1170/49222] yt-dlp yfbnDcM6isg (1 clip(s) needed) ...
[15:55:20]     FAILED: ERROR: [youtube] yfbnDcM6isg: This video is unavailable
[15:55:21]   [video 1177/49222] yt-dlp v7q5EAlsFM8 (1 clip(s) needed) ...
[15:55:25]     FAILED: ERROR: [youtube] v7q5EAlsFM8: Video unavailable
[15:55:26]   [video 1199/49222] yt-dlp xg205sccJNg (1 clip(s) needed) ...
[15:55:31]     FAILED: ERROR: [youtube] xg205sccJNg: This video is unavailable
[15:55:32]   [video 1228/49222] yt-dlp W0G9agnc2MU (1 clip(s) needed) ...
[15:55:37]     FAILED: ERROR: [youtube] W0G9agnc2MU: Video unavailable
[15:55:37]   [video 1234/49222] yt-dlp cZcvi7d26fw (1 clip(s) needed) ...
[15:55:42]     FAILED: ERROR: [youtube] cZcvi7d26fw: The page needs to be reloaded.
[15:55:42]   [video 1244/49222] yt-dlp 1aTv0VtJIXQ (1 clip(s) needed) ...
[15:55:48]     FAILED: ERROR: [youtube] 1aTv0VtJIXQ: Video unavailable
[15:55:49]   [video 1270/49222] yt-dlp LwRPzlWQOlw (1 clip(s) needed) ...
[15:55:55]     FAILED: ERROR: [youtube] LwRPzlWQOlw: This video is unavailable
[15:55:55]   [video 1282/49222] yt-dlp NTvtNlT1EWE (1 clip(s) needed) ...
[15:56:01]     FAILED: ERROR: [youtube] NTvtNlT1EWE: The page needs to be reloaded.
[15:56:01]   [video 1283/49222] yt-dlp YW5yi3GxJyA (1 clip(s) needed) ...
[15:56:08]     FAILED: ERROR: [youtube] YW5yi3GxJyA: The page needs to be reloaded.
[15:56:09]   [video 1313/49222] yt-dlp kl8XOi1k6eM (1 clip(s) needed) ...
[15:56:14]     FAILED: ERROR: [youtube] kl8XOi1k6eM: Video unavailable
[15:56:15]   [video 1337/49222] yt-dlp x8QWRCURBvU (1 clip(s) needed) ...
[15:56:22]     FAILED: ERROR: [youtube] x8QWRCURBvU: The page needs to be reloaded.
[15:56:23]   [video 1354/49222] yt-dlp imNErjirM-A (1 clip(s) needed) ...
[15:56:28]     FAILED: ERROR: [youtube] imNErjirM-A: This video is unavailable
[15:56:28]   [video 1360/49222] yt-dlp hlk-v2zijyY (1 clip(s) needed) ...
[15:56:35]     FAILED: ERROR: [youtube] hlk-v2zijyY: The page needs to be reloaded.
[15:56:38]   [video 1433/49222] yt-dlp kyeFcwmoJPo (1 clip(s) needed) ...
[15:56:43]     FAILED: ERROR: [youtube] kyeFcwmoJPo: Video unavailable
[15:56:43]   [video 1464/49222] yt-dlp NV0Giewg4zQ (1 clip(s) needed) ...
[15:56:49]     FAILED: ERROR: [youtube] NV0Giewg4zQ: This video is unavailable
[15:56:49]   [video 1467/49222] yt-dlp PDlo5Hlj7hg (1 clip(s) needed) ...
[15:56:59]     FAILED: ERROR: [youtube] PDlo5Hlj7hg: Video unavailable
[15:57:00]   [video 1481/49222] yt-dlp OAXK2tBnXO4 (1 clip(s) needed) ...
[15:57:06]     FAILED: ERROR: [youtube] OAXK2tBnXO4: The page needs to be reloaded.
[15:57:08]   [video 1522/49222] yt-dlp n9yhBIdd_KY (1 clip(s) needed) ...
[15:57:14]     FAILED: ERROR: [youtube] n9yhBIdd_KY: The page needs to be reloaded.
[15:57:14]   [video 1529/49222] yt-dlp krkzk8V6WVk (1 clip(s) needed) ...
[15:57:21]     FAILED: ERROR: [youtube] krkzk8V6WVk: The page needs to be reloaded.
[15:57:21]   [video 1541/49222] yt-dlp -ji9pMcecvc (1 clip(s) needed) ...
[15:57:26]     FAILED: ERROR: [youtube] -ji9pMcecvc: Video unavailable
[15:57:28]   [video 1577/49222] yt-dlp mb2M_o-Z5WA (1 clip(s) needed) ...
[15:57:33]     FAILED: ERROR: [youtube] mb2M_o-Z5WA: The page needs to be reloaded.
[15:57:34]   [video 1588/49222] yt-dlp 7cCPjHadFUM (1 clip(s) needed) ...
[15:57:38]     FAILED: ERROR: [youtube] 7cCPjHadFUM: Video unavailable
[15:57:39]   [video 1612/49222] yt-dlp p6JInLKRwnI (1 clip(s) needed) ...
[15:57:44]     FAILED: ERROR: [youtube] p6JInLKRwnI: Video unavailable
[15:57:44]   [video 1615/49222] yt-dlp TjriIhGE9pc (1 clip(s) needed) ...
[15:57:49]     FAILED: ERROR: [youtube] TjriIhGE9pc: The page needs to be reloaded.
[15:57:50]   [video 1653/49222] yt-dlp xfmYI6vXz0w (1 clip(s) needed) ...
[15:57:57]     FAILED: ERROR: [youtube] xfmYI6vXz0w: The page needs to be reloaded.
[15:57:58]   [video 1663/49222] yt-dlp bmXnI4veZWk (1 clip(s) needed) ...
[15:58:03]     FAILED: ERROR: [youtube] bmXnI4veZWk: Join this channel to get access to members-only content like this video, and other exclusive perks.
[15:58:03]   [video 1665/49222] yt-dlp dauZWcHI9Y0 (1 clip(s) needed) ...
[15:58:09]     FAILED: ERROR: [youtube] dauZWcHI9Y0: The page needs to be reloaded.
[15:58:09]   [video 1669/49222] yt-dlp Mu-FQ2kWRRU (1 clip(s) needed) ...
[15:58:14]     FAILED: ERROR: [youtube] Mu-FQ2kWRRU: Video unavailable
[15:58:15]   [video 1695/49222] yt-dlp 4wD8De2g6A4 (1 clip(s) needed) ...
[15:58:20]     FAILED: ERROR: [youtube] 4wD8De2g6A4: The page needs to be reloaded.
[15:58:20]   [video 1700/49222] yt-dlp gb1Dw3jm-1Y (1 clip(s) needed) ...
[15:58:26]     FAILED: ERROR: [youtube] gb1Dw3jm-1Y: Video unavailable
[15:58:26]   [video 1704/49222] yt-dlp gz0EftxX7ao (2 clip(s) needed) ...
[15:58:32]     FAILED: ERROR: [youtube] gz0EftxX7ao: The page needs to be reloaded.
[15:58:33]   [video 1717/49222] yt-dlp lxEZUUmVxAA (1 clip(s) needed) ...
[15:58:37]     FAILED: ERROR: [youtube] lxEZUUmVxAA: Video unavailable
[15:58:37]   [video 1727/49222] yt-dlp klI1VsHc5So (1 clip(s) needed) ...
[15:58:45]     FAILED: ERROR: [youtube] klI1VsHc5So: The page needs to be reloaded.
[15:58:45]   [video 1728/49222] yt-dlp lpYNYfzob3o (1 clip(s) needed) ...
[15:58:50]     FAILED: ERROR: [youtube] lpYNYfzob3o: Video unavailable
[15:58:50]   [video 1759/49222] yt-dlp AgpQbzTwXEA (1 clip(s) needed) ...
[15:58:57]     FAILED: ERROR: [youtube] AgpQbzTwXEA: The page needs to be reloaded.
[15:58:57]   [video 1760/49222] yt-dlp mwdr2OXO-0A (1 clip(s) needed) ...
[15:59:03]     FAILED: ERROR: [youtube] mwdr2OXO-0A: The page needs to be reloaded.
[15:59:04]   [video 1789/49222] yt-dlp qMmctadwtzY (1 clip(s) needed) ...
[15:59:09]     FAILED: ERROR: [youtube] qMmctadwtzY: This video is unavailable
[15:59:10]   [video 1796/49222] yt-dlp do4k0A9oo3E (2 clip(s) needed) ...
[15:59:16]     FAILED: ERROR: [youtube] do4k0A9oo3E: The page needs to be reloaded.
[15:59:17]   [video 1822/49222] yt-dlp hphzEgmMApA (1 clip(s) needed) ...
[15:59:24]     FAILED: ERROR: [youtube] hphzEgmMApA: The page needs to be reloaded.
[15:59:24]   [video 1834/49222] yt-dlp XcpvdjgugBg (1 clip(s) needed) ...
[15:59:30]     FAILED: ERROR: [youtube] XcpvdjgugBg: The page needs to be reloaded.
[15:59:30]   [video 1848/49222] yt-dlp KTRQ3p7c5vo (1 clip(s) needed) ...
[15:59:35]     FAILED: ERROR: [youtube] KTRQ3p7c5vo: This video is unavailable
[15:59:35]   [video 1850/49222] yt-dlp f4ei55JZtes (1 clip(s) needed) ...
[15:59:40]     FAILED: ERROR: [youtube] f4ei55JZtes: Video unavailable
[15:59:40]   [video 1876/49222] yt-dlp _UhOYtq1_Ag (1 clip(s) needed) ...
[15:59:45]     FAILED: ERROR: [youtube] _UhOYtq1_Ag: Video unavailable
[15:59:45]   [video 1912/49222] yt-dlp fdNBHG4YA4o (1 clip(s) needed) ...
[15:59:50]     FAILED: ERROR: [youtube] fdNBHG4YA4o: The page needs to be reloaded.
[15:59:50]   [video 1917/49222] yt-dlp U_Va8Ok6kzc (2 clip(s) needed) ...
[15:59:57]     FAILED: ERROR: [youtube] U_Va8Ok6kzc: The page needs to be reloaded.
[15:59:57]   [video 1940/49222] yt-dlp FsqOV6E6Ryk (1 clip(s) needed) ...
[16:00:02]     FAILED: ERROR: [youtube] FsqOV6E6Ryk: The page needs to be reloaded.
[16:00:03]   [video 1943/49222] yt-dlp CApbW_3w1jg (1 clip(s) needed) ...
[16:00:07]     FAILED: ERROR: [youtube] CApbW_3w1jg: This video is unavailable
[16:00:07]   [video 1949/49222] yt-dlp ubgm7yr5jTo (1 clip(s) needed) ...
[16:00:13]     FAILED: ERROR: [youtube] ubgm7yr5jTo: The page needs to be reloaded.
[16:00:14]   [video 1963/49222] yt-dlp AwcVN-OOCa4 (1 clip(s) needed) ...
[16:00:24]     FAILED: ERROR: [youtube] AwcVN-OOCa4: The page needs to be reloaded.
[16:00:24]   [video 1984/49222] yt-dlp 7BAWKQvUHpQ (1 clip(s) needed) ...
[16:00:29]     FAILED: ERROR: [youtube] 7BAWKQvUHpQ: This video is unavailable
[16:00:30]   [video 2028/49222] yt-dlp IhHnKy74JwI (1 clip(s) needed) ...
[16:00:35]     FAILED: ERROR: [youtube] IhHnKy74JwI: The page needs to be reloaded.
[16:00:35]   [video 2029/49222] yt-dlp 4XV24cKSz4U (1 clip(s) needed) ...
[16:00:41]     FAILED: ERROR: [youtube] 4XV24cKSz4U: The page needs to be reloaded.
[16:00:41]   [video 2038/49222] yt-dlp mRrUqvKUNzA (1 clip(s) needed) ...
[16:00:46]     FAILED: ERROR: [youtube] mRrUqvKUNzA: This video is unavailable
[16:00:46]   [video 2052/49222] yt-dlp 6uA5dloLVdU (1 clip(s) needed) ...
[16:00:51]     FAILED: ERROR: [youtube] 6uA5dloLVdU: The page needs to be reloaded.
[16:00:52]   [video 2060/49222] yt-dlp nJVgkO4kMLk (1 clip(s) needed) ...
[16:00:56]     FAILED: ERROR: [youtube] nJVgkO4kMLk: The page needs to be reloaded.
[16:00:57]   [video 2097/49222] yt-dlp zUGtGlUi9Ck (1 clip(s) needed) ...
[16:01:02]     FAILED: ERROR: [youtube] zUGtGlUi9Ck: The page needs to be reloaded.
[16:01:02]   [video 2102/49222] yt-dlp i8wEQ9e4nBA (1 clip(s) needed) ...
[16:01:06]     FAILED: ERROR: [youtube] i8wEQ9e4nBA: Video unavailable
[16:01:06]   [video 2129/49222] yt-dlp owDKO3U9GVk (1 clip(s) needed) ...
[16:01:11]     FAILED: ERROR: [youtube] owDKO3U9GVk: This video is unavailable
[16:01:11]   [video 2149/49222] yt-dlp X-Y2L_4v5mg (1 clip(s) needed) ...
[16:01:15]     FAILED: ERROR: [youtube] X-Y2L_4v5mg: Video unavailable
[16:01:15]   [video 2154/49222] yt-dlp peA-4zoEA20 (1 clip(s) needed) ...
[16:01:21]     FAILED: ERROR: [youtube] peA-4zoEA20: The page needs to be reloaded.
[16:01:21]   [video 2169/49222] yt-dlp -A0f9CJH424 (1 clip(s) needed) ...
[16:01:28]     FAILED: ERROR: [youtube] -A0f9CJH424: The page needs to be reloaded.
[16:01:28]   [video 2176/49222] yt-dlp FRYyO-daRQ8 (1 clip(s) needed) ...
[16:01:34]     FAILED: ERROR: [youtube] FRYyO-daRQ8: The page needs to be reloaded.
[16:01:34]   [video 2190/49222] yt-dlp Ib3JIqlmXBc (1 clip(s) needed) ...
[16:01:41]     FAILED: ERROR: [youtube] Ib3JIqlmXBc: The page needs to be reloaded.
[16:01:41]   [video 2209/49222] yt-dlp zKdFoAiFE6k (1 clip(s) needed) ...
[16:01:46]     FAILED: ERROR: [youtube] zKdFoAiFE6k: This video is unavailable
[16:01:46]   [video 2216/49222] yt-dlp JFBLriZbi7E (1 clip(s) needed) ...
[16:01:52]     FAILED: ERROR: [youtube] JFBLriZbi7E: The page needs to be reloaded.
[16:01:53]   [video 2223/49222] yt-dlp y_infTa_zY4 (1 clip(s) needed) ...
[16:01:59]     FAILED: ERROR: [youtube] y_infTa_zY4: The page needs to be reloaded.
[16:02:00]   [video 2251/49222] yt-dlp cb01ZXlpLqY (1 clip(s) needed) ...
[16:02:04]     FAILED: ERROR: [youtube] cb01ZXlpLqY: Video unavailable
[16:02:04]   [video 2262/49222] yt-dlp h4Kx7i04Z88 (1 clip(s) needed) ...
[16:02:09]     FAILED: ERROR: [youtube] h4Kx7i04Z88: The page needs to be reloaded.
[16:02:09]   [video 2272/49222] yt-dlp B_ed7_cv7q8 (1 clip(s) needed) ...
[16:02:14]     FAILED: ERROR: [youtube] B_ed7_cv7q8: The page needs to be reloaded.
[16:02:14]   [video 2284/49222] yt-dlp UO_aEtkU9sw (1 clip(s) needed) ...
[16:02:20]     FAILED: ERROR: [youtube] UO_aEtkU9sw: The page needs to be reloaded.
[16:02:21]   [video 2309/49222] yt-dlp aKyrH5VVt24 (1 clip(s) needed) ...
[16:02:26]     FAILED: ERROR: [youtube] aKyrH5VVt24: Video unavailable
[16:02:26]   [video 2319/49222] yt-dlp 0N2tkmCgmNs (1 clip(s) needed) ...
[16:02:32]     FAILED: ERROR: [youtube] 0N2tkmCgmNs: The page needs to be reloaded.
[16:02:32]   [video 2322/49222] yt-dlp QmshWaOGG_o (1 clip(s) needed) ...
[16:02:36]     FAILED: ERROR: [youtube] QmshWaOGG_o: Video unavailable
[16:02:37]   [video 2325/49222] yt-dlp V7_qf-yzZsY (1 clip(s) needed) ...
[16:02:42]     FAILED: ERROR: [youtube] V7_qf-yzZsY: The page needs to be reloaded.
[16:02:42]   [video 2340/49222] yt-dlp SZX8oxPcg4c (1 clip(s) needed) ...
[16:02:49]     FAILED: ERROR: [youtube] SZX8oxPcg4c: The page needs to be reloaded.
[16:02:49]   [video 2389/49222] yt-dlp SfuKlyh6F88 (1 clip(s) needed) ...
[16:02:53]     FAILED: ERROR: [youtube] SfuKlyh6F88: Video unavailable
[16:02:53]   [video 2419/49222] yt-dlp -2bTqRSpSdg (1 clip(s) needed) ...
[16:03:00]     FAILED: ERROR: [youtube] -2bTqRSpSdg: The page needs to be reloaded.
[16:03:00]   [video 2471/49222] yt-dlp bRcv5Xg3XFk (1 clip(s) needed) ...
[16:03:05]     FAILED: ERROR: [youtube] bRcv5Xg3XFk: The page needs to be reloaded.
[16:03:05]   [video 2472/49222] yt-dlp lc6r3cBV7M0 (1 clip(s) needed) ...
[16:03:11]     FAILED: ERROR: [youtube] lc6r3cBV7M0: The page needs to be reloaded.
[16:03:11]   [video 2474/49222] yt-dlp FVQQRBqTExU (1 clip(s) needed) ...
[16:03:16]     FAILED: ERROR: [youtube] FVQQRBqTExU: This video is unavailable
[16:03:16]   [video 2479/49222] yt-dlp CqMMG05l8qw (1 clip(s) needed) ...
[16:03:24]     FAILED: ERROR: [youtube] CqMMG05l8qw: Video unavailable
[16:03:24]   [video 2498/49222] yt-dlp cNbj3u2H1Tg (1 clip(s) needed) ...
[16:03:28]     FAILED: ERROR: [youtube] cNbj3u2H1Tg: This video is unavailable
[16:03:28]   [video 2513/49222] yt-dlp HuxQLLFSmIA (1 clip(s) needed) ...
[16:03:32]     FAILED: ERROR: [youtube] HuxQLLFSmIA: Video unavailable
[16:03:32]   [video 2529/49222] yt-dlp C-ZNt1pFKXw (1 clip(s) needed) ...
[16:03:38]     FAILED: ERROR: [youtube] C-ZNt1pFKXw: The page needs to be reloaded.
[16:03:38]   [video 2558/49222] yt-dlp iG3d6sDnQq0 (1 clip(s) needed) ...
[16:03:44]     FAILED: ERROR: [youtube] iG3d6sDnQq0: The page needs to be reloaded.
[16:03:44]   [video 2596/49222] yt-dlp nYlvZ95KmGI (1 clip(s) needed) ...
[16:03:49]     FAILED: ERROR: [youtube] nYlvZ95KmGI: This video is unavailable
[16:03:49]   [video 2625/49222] yt-dlp quBpwLGrrSE (1 clip(s) needed) ...
[16:03:54]     FAILED: ERROR: [youtube] quBpwLGrrSE: The page needs to be reloaded.
[16:03:55]   [video 2685/49222] yt-dlp l6vNVGydDtg (1 clip(s) needed) ...
[16:04:01]     FAILED: ERROR: [youtube] l6vNVGydDtg: The page needs to be reloaded.
[16:04:01]   [video 2717/49222] yt-dlp bQFK_M3uEJk (1 clip(s) needed) ...
[16:04:05]     FAILED: ERROR: [youtube] bQFK_M3uEJk: Video unavailable
[16:04:05]   [video 2762/49222] yt-dlp 3Ma9hYq1_Ps (1 clip(s) needed) ...
[16:04:11]     FAILED: ERROR: [youtube] 3Ma9hYq1_Ps: The page needs to be reloaded.
[16:04:11]   [video 2776/49222] yt-dlp t9IRoqIA5WM (1 clip(s) needed) ...
[16:04:16]     FAILED: ERROR: [youtube] t9IRoqIA5WM: The page needs to be reloaded.
[16:04:16]   [video 2841/49222] yt-dlp J_pKNAldA8I (1 clip(s) needed) ...
[16:04:22]     FAILED: ERROR: [youtube] J_pKNAldA8I: The page needs to be reloaded.
[16:04:23]   [video 2850/49222] yt-dlp hHqg6TEPF20 (1 clip(s) needed) ...
[16:04:28]     FAILED: ERROR: [youtube] hHqg6TEPF20: This video is unavailable
[16:04:28]   [video 2857/49222] yt-dlp 17mkDb5-Prk (1 clip(s) needed) ...
[16:04:36]     FAILED: ERROR: [youtube] 17mkDb5-Prk: The page needs to be reloaded.
[16:04:36]   [video 2863/49222] yt-dlp F2-gU9Bq1lM (1 clip(s) needed) ...
[16:04:40]     FAILED: ERROR: [youtube] F2-gU9Bq1lM: Video unavailable
[16:04:40]   [video 2868/49222] yt-dlp tZpt2oZnbz8 (1 clip(s) needed) ...
