===== Download Panda-70M Clips (full dataset) =====
Job ID: 59106
Node: cn1.cds.iisc.in
Start: Wed Sep 16 01:06:52 AM IST 2026
METADATA_DIR=/scratch/users/anirban/tamaghnam/latentvans/data/twiff_metadata_val
OUTPUT_DIR=/scratch/users/anirban/tamaghnam/latentvans/data/panda70m_clips_val
Requirement already satisfied: yt-dlp in /scratch/users/anirban/tamaghnam/envs/latentvans/lib/python3.11/site-packages (2026.8.19)
Requirement already satisfied: datasets in /scratch/users/anirban/tamaghnam/envs/latentvans/lib/python3.11/site-packages (5.0.1)
Requirement already satisfied: filelock in /scratch/users/anirban/tamaghnam/envs/latentvans/lib/python3.11/site-packages (from datasets) (3.32.5)
Requirement already satisfied: numpy>=1.17 in /scratch/users/anirban/tamaghnam/envs/latentvans/lib/python3.11/site-packages (from datasets) (2.4.6)
Requirement already satisfied: pyarrow>=21.0.0 in /scratch/users/anirban/tamaghnam/envs/latentvans/lib/python3.11/site-packages (from datasets) (25.0.1)
Requirement already satisfied: dill<0.4.2,>=0.3.0 in /scratch/users/anirban/tamaghnam/envs/latentvans/lib/python3.11/site-packages (from datasets) (0.4.1)
Requirement already satisfied: pandas in /scratch/users/anirban/tamaghnam/envs/latentvans/lib/python3.11/site-packages (from datasets) (3.0.5)
Requirement already satisfied: requests>=2.32.2 in /scratch/users/anirban/tamaghnam/envs/latentvans/lib/python3.11/site-packages (from datasets) (2.34.2)
Requirement already satisfied: httpx<1.0.0 in /scratch/users/anirban/tamaghnam/envs/latentvans/lib/python3.11/site-packages (from datasets) (0.28.1)
Requirement already satisfied: tqdm>=4.66.3 in /scratch/users/anirban/tamaghnam/envs/latentvans/lib/python3.11/site-packages (from datasets) (4.70.0)
Requirement already satisfied: xxhash in /scratch/users/anirban/tamaghnam/envs/latentvans/lib/python3.11/site-packages (from datasets) (4.0.1)
Requirement already satisfied: multiprocess<0.70.20 in /scratch/users/anirban/tamaghnam/envs/latentvans/lib/python3.11/site-packages (from datasets) (0.70.19)
Requirement already satisfied: fsspec<=2026.6.0,>=2023.1.0 in /scratch/users/anirban/tamaghnam/envs/latentvans/lib/python3.11/site-packages (from fsspec[http]<=2026.6.0,>=2023.1.0->datasets) (2026.6.0)
Requirement already satisfied: huggingface-hub<2.0,>=0.25.0 in /scratch/users/anirban/tamaghnam/envs/latentvans/lib/python3.11/site-packages (from datasets) (1.31.0)
Requirement already satisfied: packaging in /scratch/users/anirban/tamaghnam/envs/latentvans/lib/python3.11/site-packages (from datasets) (26.3)
Requirement already satisfied: pyyaml>=5.1 in /scratch/users/anirban/tamaghnam/envs/latentvans/lib/python3.11/site-packages (from datasets) (6.0.3)
Requirement already satisfied: aiohttp!=4.0.0a0,!=4.0.0a1 in /scratch/users/anirban/tamaghnam/envs/latentvans/lib/python3.11/site-packages (from fsspec[http]<=2026.6.0,>=2023.1.0->datasets) (3.14.3)
Requirement already satisfied: anyio in /scratch/users/anirban/tamaghnam/envs/latentvans/lib/python3.11/site-packages (from httpx<1.0.0->datasets) (4.15.1)
Requirement already satisfied: certifi in /scratch/users/anirban/tamaghnam/envs/latentvans/lib/python3.11/site-packages (from httpx<1.0.0->datasets) (2026.7.22)
Requirement already satisfied: httpcore==1.* in /scratch/users/anirban/tamaghnam/envs/latentvans/lib/python3.11/site-packages (from httpx<1.0.0->datasets) (1.0.9)
Requirement already satisfied: idna in /scratch/users/anirban/tamaghnam/envs/latentvans/lib/python3.11/site-packages (from httpx<1.0.0->datasets) (3.19)
Requirement already satisfied: h11>=0.16 in /scratch/users/anirban/tamaghnam/envs/latentvans/lib/python3.11/site-packages (from httpcore==1.*->httpx<1.0.0->datasets) (0.16.0)
Requirement already satisfied: click<9.0.0,>=8.4.2 in /scratch/users/anirban/tamaghnam/envs/latentvans/lib/python3.11/site-packages (from huggingface-hub<2.0,>=0.25.0->datasets) (8.5.0)
Requirement already satisfied: hf-xet<2.0.0,>=1.5.2 in /scratch/users/anirban/tamaghnam/envs/latentvans/lib/python3.11/site-packages (from huggingface-hub<2.0,>=0.25.0->datasets) (1.6.0)
Requirement already satisfied: typing-extensions>=4.1.0 in /scratch/users/anirban/tamaghnam/envs/latentvans/lib/python3.11/site-packages (from huggingface-hub<2.0,>=0.25.0->datasets) (4.16.0)
Requirement already satisfied: aiohappyeyeballs>=2.5.0 in /scratch/users/anirban/tamaghnam/envs/latentvans/lib/python3.11/site-packages (from aiohttp!=4.0.0a0,!=4.0.0a1->fsspec[http]<=2026.6.0,>=2023.1.0->datasets) (2.7.1)
Requirement already satisfied: aiosignal>=1.4.0 in /scratch/users/anirban/tamaghnam/envs/latentvans/lib/python3.11/site-packages (from aiohttp!=4.0.0a0,!=4.0.0a1->fsspec[http]<=2026.6.0,>=2023.1.0->datasets) (1.4.0)
Requirement already satisfied: attrs>=17.3.0 in /scratch/users/anirban/tamaghnam/envs/latentvans/lib/python3.11/site-packages (from aiohttp!=4.0.0a0,!=4.0.0a1->fsspec[http]<=2026.6.0,>=2023.1.0->datasets) (26.1.0)
Requirement already satisfied: frozenlist>=1.1.1 in /scratch/users/anirban/tamaghnam/envs/latentvans/lib/python3.11/site-packages (from aiohttp!=4.0.0a0,!=4.0.0a1->fsspec[http]<=2026.6.0,>=2023.1.0->datasets) (1.8.0)
Requirement already satisfied: multidict<7.0,>=4.5 in /scratch/users/anirban/tamaghnam/envs/latentvans/lib/python3.11/site-packages (from aiohttp!=4.0.0a0,!=4.0.0a1->fsspec[http]<=2026.6.0,>=2023.1.0->datasets) (6.7.1)
Requirement already satisfied: propcache>=0.2.0 in /scratch/users/anirban/tamaghnam/envs/latentvans/lib/python3.11/site-packages (from aiohttp!=4.0.0a0,!=4.0.0a1->fsspec[http]<=2026.6.0,>=2023.1.0->datasets) (0.5.2)
Requirement already satisfied: yarl<2.0,>=1.17.0 in /scratch/users/anirban/tamaghnam/envs/latentvans/lib/python3.11/site-packages (from aiohttp!=4.0.0a0,!=4.0.0a1->fsspec[http]<=2026.6.0,>=2023.1.0->datasets) (1.24.5)
Requirement already satisfied: charset_normalizer<4,>=2 in /scratch/users/anirban/tamaghnam/envs/latentvans/lib/python3.11/site-packages (from requests>=2.32.2->datasets) (3.5.1)
Requirement already satisfied: urllib3<3,>=1.26 in /scratch/users/anirban/tamaghnam/envs/latentvans/lib/python3.11/site-packages (from requests>=2.32.2->datasets) (2.7.0)
Requirement already satisfied: python-dateutil>=2.8.2 in /scratch/users/anirban/tamaghnam/envs/latentvans/lib/python3.11/site-packages (from pandas->datasets) (2.9.0.post0)
Requirement already satisfied: six>=1.5 in /scratch/users/anirban/tamaghnam/envs/latentvans/lib/python3.11/site-packages (from python-dateutil>=2.8.2->pandas->datasets) (1.17.0)
[01:06:58] ======================================================================
[01:06:58] Loading all TwiFF targets from /scratch/users/anirban/tamaghnam/latentvans/data/twiff_metadata_val
[01:06:58] ======================================================================
[01:07:02] 1447 distinct clip files targeted for this run (start/end taken directly from each row's own meta_data)
[01:07:02] 1447 distinct source YouTube videos among those targets
[01:07:02] ======================================================================
[01:07:02] Downloading + cutting clips (grouped by source video)
[01:07:02] ======================================================================
[01:07:02]   [video 35/1447] yt-dlp fapIwPCp3o0 (1 clip(s) needed) ...
[01:07:06]     FAILED: ERROR: [youtube] fapIwPCp3o0: This video is unavailable
[01:07:06]   [video 36/1447] yt-dlp KhaqO_OwMTM (1 clip(s) needed) ...
[01:07:09]     FAILED: ERROR: [youtube] KhaqO_OwMTM: Private video
[01:07:09]   [video 46/1447] yt-dlp Mx5uVnkhgAc (1 clip(s) needed) ...
[01:07:12]     FAILED: ERROR: [youtube] Mx5uVnkhgAc: This video is not available
[01:07:12]   [video 48/1447] yt-dlp B8S7IIld_LY (1 clip(s) needed) ...
[01:07:15]     FAILED: ERROR: [youtube] B8S7IIld_LY: This video is not available
[01:07:15]   [video 59/1447] yt-dlp RC_H5zWcWyU (1 clip(s) needed) ...
[01:07:18]     FAILED: ERROR: [youtube] RC_H5zWcWyU: This video is not available
[01:07:18]   [video 66/1447] yt-dlp siEPcXG1x6w (1 clip(s) needed) ...
[01:07:21]     FAILED: ERROR: [youtube] siEPcXG1x6w: Video unavailable
[01:07:21]   [video 79/1447] yt-dlp 4jWfUT9TgB0 (1 clip(s) needed) ...
[01:07:23]     FAILED: ERROR: [youtube] 4jWfUT9TgB0: This video is unavailable
[01:07:23]   [video 83/1447] yt-dlp ZbhMqt2pDnw (1 clip(s) needed) ...
[01:07:26]     FAILED: ERROR: [youtube] ZbhMqt2pDnw: This video is not available
[01:07:26]   [video 90/1447] yt-dlp Nroha6OMV_k (1 clip(s) needed) ...
[01:07:29]     FAILED: ERROR: [youtube] Nroha6OMV_k: This video is unavailable
[01:07:29]   [video 96/1447] yt-dlp G2tMm4wuGwI (1 clip(s) needed) ...
[01:08:08]     [96/1447] cutting G2tMm4wuGwI_89.mp4 (0:12:50.240 -> 0:12:59.060)
[01:08:09]   [video 97/1447] yt-dlp ojSdG7ZFXYQ (1 clip(s) needed) ...
[01:08:13]     FAILED: ERROR: [youtube] ojSdG7ZFXYQ: This video is not available
[01:08:13]   [video 105/1447] yt-dlp AZon22jsW5I (1 clip(s) needed) ...
[01:08:15]     FAILED: ERROR: [youtube] AZon22jsW5I: This video is not available
[01:08:16]   [video 120/1447] yt-dlp DvRg7Oh6pes (1 clip(s) needed) ...
[01:08:19]     FAILED: ERROR: [youtube] DvRg7Oh6pes: Private video
[01:08:19]   [video 170/1447] yt-dlp -UD8Gtz96s0 (1 clip(s) needed) ...
[01:08:21]     FAILED: ERROR: [youtube] -UD8Gtz96s0: This video is not available
[01:08:21]   [video 175/1447] yt-dlp t_fXRl8QMZ8 (1 clip(s) needed) ...
[01:08:24]     FAILED: ERROR: [youtube] t_fXRl8QMZ8: This video is unavailable
[01:08:24]   [video 178/1447] yt-dlp ICrpW8_IkBY (1 clip(s) needed) ...
[01:08:27]     FAILED: ERROR: [youtube] ICrpW8_IkBY: This video is unavailable
[01:08:27]   [video 191/1447] yt-dlp 1plDAxO7NIo (1 clip(s) needed) ...
[01:08:42]     [191/1447] cutting 1plDAxO7NIo_18.mp4 (0:06:47.407 -> 0:07:34.120)
[01:08:44]   [video 209/1447] yt-dlp 62g-ep-MLBQ (1 clip(s) needed) ...
[01:08:47]     FAILED: ERROR: [youtube] 62g-ep-MLBQ: Private video
[01:08:47]   [video 227/1447] yt-dlp n0u9R2iygg4 (1 clip(s) needed) ...
[01:08:49]     FAILED: ERROR: [youtube] n0u9R2iygg4: This video is unavailable
[01:08:49]   [video 228/1447] yt-dlp RshiaNKHr7M (1 clip(s) needed) ...
[01:08:52]     FAILED: ERROR: [youtube] RshiaNKHr7M: This video is not available
[01:08:52]   [video 234/1447] yt-dlp BPDfWslxYNQ (1 clip(s) needed) ...
[01:08:55]     FAILED: ERROR: [youtube] BPDfWslxYNQ: This video is not available
[01:08:55]   [video 243/1447] yt-dlp j_ffvv-hD9w (1 clip(s) needed) ...
[01:08:58]     FAILED: ERROR: [youtube] j_ffvv-hD9w: Private video
[01:08:58]   [video 245/1447] yt-dlp PhwMjnKY54A (1 clip(s) needed) ...
[01:09:28]     [245/1447] cutting PhwMjnKY54A_23.mp4 (0:04:51.524 -> 0:05:05.571)
[01:09:29]   [video 246/1447] yt-dlp CmvsKc35R2U (1 clip(s) needed) ...
[01:09:42]     [246/1447] cutting CmvsKc35R2U_4.mp4 (0:00:29.329 -> 0:00:34.000)
[01:09:42]   [video 247/1447] yt-dlp wsdDw2UlX8c (1 clip(s) needed) ...
[01:10:18]     [247/1447] cutting wsdDw2UlX8c_17.mp4 (0:02:07.594 -> 0:02:13.199)
[01:10:18]   [video 248/1447] yt-dlp IChRNbuHHWE (1 clip(s) needed) ...
[01:10:30]     [248/1447] cutting IChRNbuHHWE_42.mp4 (0:05:07.720 -> 0:05:19.600)
[01:10:31]   [video 249/1447] yt-dlp Y868f0sgDd4 (1 clip(s) needed) ...
[01:10:42]     [249/1447] cutting Y868f0sgDd4_3.mp4 (0:00:56.000 -> 0:01:44.000)
[01:10:44]   [video 250/1447] yt-dlp 8KlN3O0q2Co (1 clip(s) needed) ...
[01:11:13]     [250/1447] cutting 8KlN3O0q2Co_11.mp4 (0:02:26.960 -> 0:02:32.000)
[01:11:13]   [video 251/1447] yt-dlp vPA3Ff_ftnc (1 clip(s) needed) ...
[01:12:21]     [251/1447] cutting vPA3Ff_ftnc_5.mp4 (0:07:16.869 -> 0:07:20.907)
[01:12:21]   [video 252/1447] yt-dlp HP5OxMTaRBI (1 clip(s) needed) ...
[01:13:20]     [252/1447] cutting HP5OxMTaRBI_3.mp4 (0:01:52.712 -> 0:01:58.067)
[01:13:21]   [video 253/1447] yt-dlp P7eGATbjdxk (1 clip(s) needed) ...
[01:13:29]     [253/1447] cutting P7eGATbjdxk_0.mp4 (0:00:05.832 -> 0:00:52.759)
[01:13:30]   [video 254/1447] yt-dlp PrluBhp9EsQ (1 clip(s) needed) ...
[01:13:43]     [254/1447] cutting PrluBhp9EsQ_4.mp4 (0:02:08.128 -> 0:02:15.268)
[01:13:43]   [video 255/1447] yt-dlp Mcma0nLflrc (1 clip(s) needed) ...
[01:13:55]     [255/1447] cutting Mcma0nLflrc_1.mp4 (0:00:12.812 -> 0:01:00.860)
[01:13:57]   [video 256/1447] yt-dlp 9r8MvBfXgPw (1 clip(s) needed) ...
[01:14:05]     [256/1447] cutting 9r8MvBfXgPw_8.mp4 (0:00:49.249 -> 0:00:53.887)
[01:14:06]   [video 257/1447] yt-dlp Egz8qFSRExQ (1 clip(s) needed) ...
[01:16:24]     [257/1447] cutting Egz8qFSRExQ_11.mp4 (0:11:46.696 -> 0:12:25.437)
[01:16:26]   [video 258/1447] yt-dlp pgXkG43yCJw (1 clip(s) needed) ...
[01:16:44]     [258/1447] cutting pgXkG43yCJw_55.mp4 (0:09:03.834 -> 0:09:13.511)
[01:16:45]   [video 259/1447] yt-dlp eqXoupk3g2U (1 clip(s) needed) ...
[01:16:54]     [259/1447] cutting eqXoupk3g2U_0.mp4 (0:00:29.863 -> 0:00:41.833)
[01:16:55]   [video 260/1447] yt-dlp A8CaQtJaj3Q (1 clip(s) needed) ...
[01:16:57]     FAILED: ERROR: [youtube] A8CaQtJaj3Q: Private video
[01:16:57]   [video 261/1447] yt-dlp WRgUD39T-Ho (1 clip(s) needed) ...
[01:17:08]     [261/1447] cutting WRgUD39T-Ho_2.mp4 (0:00:26.192 -> 0:00:33.466)
[01:17:08]   [video 262/1447] yt-dlp 2e3UhFodJK0 (1 clip(s) needed) ...
[01:17:41]     [262/1447] cutting 2e3UhFodJK0_9.mp4 (0:02:10.700 -> 0:02:58.700)
[01:17:42]   [video 263/1447] yt-dlp NxqdcnMhnQ4 (1 clip(s) needed) ...
[01:18:15]     [263/1447] cutting NxqdcnMhnQ4_324.mp4 (0:58:17.544 -> 0:58:21.281)
[01:18:16]   [video 264/1447] yt-dlp ipTAGVfJXpY (1 clip(s) needed) ...
[01:18:25]     [264/1447] cutting ipTAGVfJXpY_8.mp4 (0:01:31.091 -> 0:01:37.097)
[01:18:25]   [video 265/1447] yt-dlp Cf1ZGHfuAs8 (1 clip(s) needed) ...
[01:19:12]     [265/1447] cutting Cf1ZGHfuAs8_86.mp4 (0:12:04.290 -> 0:12:07.493)
[01:19:12]   [video 266/1447] yt-dlp hlvwND1u2f8 (1 clip(s) needed) ...
[01:19:40]     [266/1447] cutting hlvwND1u2f8_43.mp4 (0:08:06.652 -> 0:08:09.906)
[01:19:40]   [video 267/1447] yt-dlp CMbDCIChvP8 (1 clip(s) needed) ...
[01:19:56]     [267/1447] cutting CMbDCIChvP8_35.mp4 (0:05:08.241 -> 0:05:27.727)
[01:19:56]   [video 268/1447] yt-dlp tBYVfryUUgg (1 clip(s) needed) ...
[01:21:31]     [268/1447] cutting tBYVfryUUgg_1.mp4 (0:00:09.466 -> 0:00:16.433)
[01:21:31]   [video 269/1447] yt-dlp grYF4gzYOKg (1 clip(s) needed) ...
[01:21:56]     [269/1447] cutting grYF4gzYOKg_30.mp4 (0:05:16.440 -> 0:05:19.480)
[01:21:57]   [video 270/1447] yt-dlp 45ndhYs0zos (1 clip(s) needed) ...
[01:22:05]     [270/1447] cutting 45ndhYs0zos_3.mp4 (0:02:20.773 -> 0:02:29.883)
[01:22:06]   [video 271/1447] yt-dlp JA7l8asaAvo (1 clip(s) needed) ...
[01:22:25]     [271/1447] cutting JA7l8asaAvo_69.mp4 (0:10:57.933 -> 0:11:05.933)
[01:22:27]   [video 272/1447] yt-dlp m_cWCDia_9I (1 clip(s) needed) ...
[01:22:38]     [272/1447] cutting m_cWCDia_9I_24.mp4 (0:03:10.160 -> 0:03:15.480)
[01:22:38]   [video 273/1447] yt-dlp 5oqDHsn_vGo (1 clip(s) needed) ...
[01:23:16]     [273/1447] cutting 5oqDHsn_vGo_101.mp4 (0:15:47.480 -> 0:15:51.640)
[01:23:17]   [video 274/1447] yt-dlp sUx0E-9U2KM (1 clip(s) needed) ...
[01:23:19]     FAILED: ERROR: [youtube] sUx0E-9U2KM: Private video
[01:23:19]   [video 275/1447] yt-dlp vXXiyIGqliE (1 clip(s) needed) ...
[01:23:22]     FAILED: ERROR: [youtube] vXXiyIGqliE: This video is not available
[01:23:22]   [video 276/1447] yt-dlp bQC60xu_vLw (1 clip(s) needed) ...
[01:23:48]     [276/1447] cutting bQC60xu_vLw_3.mp4 (0:00:37.537 -> 0:01:25.585)
[01:23:50]   [video 277/1447] yt-dlp yL-uX8uXUcM (1 clip(s) needed) ...
[01:24:31]     [277/1447] cutting yL-uX8uXUcM_0.mp4 (0:00:00.533 -> 0:00:05.066)
[01:24:31]   [video 278/1447] yt-dlp lIRDaM2_vwk (1 clip(s) needed) ...
[01:24:46]     [278/1447] cutting lIRDaM2_vwk_3.mp4 (0:02:34.921 -> 0:02:54.841)
[01:24:47]   [video 279/1447] yt-dlp NE5WaajFpno (1 clip(s) needed) ...
[01:24:49]     FAILED: ERROR: [youtube] NE5WaajFpno: This video is unavailable
[01:24:49]   [video 280/1447] yt-dlp LQ-BT9Z1ksQ (1 clip(s) needed) ...
[01:25:04]     [280/1447] cutting LQ-BT9Z1ksQ_1.mp4 (0:00:11.000 -> 0:00:19.000)
[01:25:05]   [video 281/1447] yt-dlp WdDi1haA71Q (1 clip(s) needed) ...
[01:25:48]     [281/1447] cutting WdDi1haA71Q_12.mp4 (0:01:50.880 -> 0:02:03.680)
[01:25:49]   [video 282/1447] yt-dlp MWhq2zDV3CI (1 clip(s) needed) ...
[01:26:03]     [282/1447] cutting MWhq2zDV3CI_1.mp4 (0:00:44.677 -> 0:01:32.725)
[01:26:05]   [video 283/1447] yt-dlp 6x4j7_V0q_U (1 clip(s) needed) ...
[01:26:16]     [283/1447] cutting 6x4j7_V0q_U_1.mp4 (0:00:15.715 -> 0:00:22.222)
[01:26:16]   [video 284/1447] yt-dlp OC3_C7fazJQ (1 clip(s) needed) ...
[01:26:36]     [284/1447] cutting OC3_C7fazJQ_0.mp4 (0:00:11.019 -> 0:00:18.922)
[01:26:36]   [video 285/1447] yt-dlp dCZ4TgS4RSs (1 clip(s) needed) ...
[01:26:49]     [285/1447] cutting dCZ4TgS4RSs_0.mp4 (0:00:05.972 -> 0:00:54.020)
[01:26:51]   [video 286/1447] yt-dlp _6BRLn22WAc (1 clip(s) needed) ...
[01:27:00]     [286/1447] cutting _6BRLn22WAc_3.mp4 (0:01:08.520 -> 0:01:11.920)
[01:27:01]   [video 287/1447] yt-dlp V9Bi5Z2Wu6U (1 clip(s) needed) ...
[01:30:35]     [287/1447] cutting V9Bi5Z2Wu6U_20.mp4 (0:03:12.233 -> 0:03:25.288)
[01:30:36]   [video 288/1447] yt-dlp Mu9IftiMqxE (1 clip(s) needed) ...
[01:31:50]     [288/1447] cutting Mu9IftiMqxE_2.mp4 (0:01:03.163 -> 0:01:51.211)
[01:31:52]   [video 289/1447] yt-dlp frwrTxCEVlI (1 clip(s) needed) ...
[01:32:07]     [289/1447] cutting frwrTxCEVlI_16.mp4 (0:03:06.719 -> 0:03:21.935)
[01:32:08]   [video 290/1447] yt-dlp FPHe-xWEdjE (1 clip(s) needed) ...
[01:32:21]     [290/1447] cutting FPHe-xWEdjE_21.mp4 (0:03:25.413 -> 0:03:31.794)
[01:32:21]   [video 291/1447] yt-dlp AOrc6VD2k_g (1 clip(s) needed) ...
[01:32:30]     [291/1447] cutting AOrc6VD2k_g_9.mp4 (0:01:38.098 -> 0:01:45.038)
[01:32:31]   [video 292/1447] yt-dlp -eZsiaerS94 (1 clip(s) needed) ...
[01:32:51]     [292/1447] cutting -eZsiaerS94_1.mp4 (0:00:07.766 -> 0:00:38.016)
[01:32:52]   [video 293/1447] yt-dlp FnCbBK_AuYw (1 clip(s) needed) ...
[01:33:32]     [293/1447] cutting FnCbBK_AuYw_9.mp4 (0:02:34.600 -> 0:02:40.900)
[01:33:33]   [video 294/1447] yt-dlp 4efr1tcd3SI (1 clip(s) needed) ...
[01:34:29]     [294/1447] cutting 4efr1tcd3SI_1.mp4 (0:00:36.000 -> 0:01:24.000)
[01:34:31]   [video 295/1447] yt-dlp kgFbUnR7WLU (1 clip(s) needed) ...
[01:36:50]     [295/1447] cutting kgFbUnR7WLU_59.mp4 (0:10:17.742 -> 0:10:29.962)
[01:36:51]   [video 296/1447] yt-dlp 1I6dS8q2EkU (1 clip(s) needed) ...
[01:38:42]     [296/1447] cutting 1I6dS8q2EkU_5.mp4 (0:01:46.239 -> 0:02:18.872)
[01:38:44]   [video 297/1447] yt-dlp VwPvadb7m_0 (1 clip(s) needed) ...
[01:39:29]     [297/1447] cutting VwPvadb7m_0_50.mp4 (0:10:01.701 -> 0:10:12.678)
[01:39:30]   [video 298/1447] yt-dlp Z3WNOUmsYMw (1 clip(s) needed) ...
[01:40:01]     [298/1447] cutting Z3WNOUmsYMw_16.mp4 (0:16:39.431 -> 0:16:47.439)
[01:40:02]   [video 299/1447] yt-dlp JjvVPLqHTAo (1 clip(s) needed) ...
[01:43:56]     [299/1447] cutting JjvVPLqHTAo_45.mp4 (0:13:28.291 -> 0:13:35.208)
[01:43:56]   [video 300/1447] yt-dlp zbCs5sXfhG0 (1 clip(s) needed) ...
[01:44:13]     [300/1447] cutting zbCs5sXfhG0_4.mp4 (0:01:24.360 -> 0:01:33.480)
[01:44:13]   [video 301/1447] yt-dlp JYyTXEzOTns (1 clip(s) needed) ...
[01:44:28]     [301/1447] cutting JYyTXEzOTns_0.mp4 (0:00:02.369 -> 0:00:19.386)
[01:44:29]   [video 302/1447] yt-dlp EMOAFWxdufc (1 clip(s) needed) ...
[01:44:44]     [302/1447] cutting EMOAFWxdufc_5.mp4 (0:01:52.579 -> 0:01:59.819)
[01:44:44]   [video 303/1447] yt-dlp vckPNTLCOUo (1 clip(s) needed) ...
[01:44:58]     [303/1447] cutting vckPNTLCOUo_13.mp4 (0:03:14.127 -> 0:03:23.336)
[01:44:58]   [video 304/1447] yt-dlp zauLekMGtvw (1 clip(s) needed) ...
[01:45:11]     [304/1447] cutting zauLekMGtvw_19.mp4 (0:02:03.623 -> 0:02:07.861)
[01:45:11]   [video 305/1447] yt-dlp bZy_iCq1fUw (1 clip(s) needed) ...
[01:45:40]     [305/1447] cutting bZy_iCq1fUw_2.mp4 (0:01:03.772 -> 0:01:10.904)
[01:45:41]   [video 306/1447] yt-dlp paDRLVEzmQ8 (1 clip(s) needed) ...
[01:46:02]     [306/1447] cutting paDRLVEzmQ8_4.mp4 (0:07:07.527 -> 0:07:15.701)
[01:46:03]   [video 307/1447] yt-dlp pm5cjnH7MKc (1 clip(s) needed) ...
[01:46:15]     [307/1447] cutting pm5cjnH7MKc_5.mp4 (0:03:29.342 -> 0:03:35.748)
[01:46:15]   [video 308/1447] yt-dlp 7E_paAVoYbw (1 clip(s) needed) ...
[01:46:26]     [308/1447] cutting 7E_paAVoYbw_3.mp4 (0:00:43.176 -> 0:01:10.870)
[01:46:27]   [video 309/1447] yt-dlp m81B9okGWk0 (1 clip(s) needed) ...
[01:46:47]     [309/1447] cutting m81B9okGWk0_1.mp4 (0:03:06.786 -> 0:03:15.628)
[01:46:48]   [video 310/1447] yt-dlp D33s_Yy6Y2g (1 clip(s) needed) ...
[01:46:51]     FAILED: ERROR: [youtube] D33s_Yy6Y2g: This video is not available
[01:46:51]   [video 311/1447] yt-dlp JnTIe5k-1Jk (1 clip(s) needed) ...
[01:47:01]     [311/1447] cutting JnTIe5k-1Jk_3.mp4 (0:02:48.250 -> 0:02:53.833)
[01:47:02]   [video 312/1447] yt-dlp 9BryL_S7hps (1 clip(s) needed) ...
[01:47:25]     [312/1447] cutting 9BryL_S7hps_3.mp4 (0:00:59.375 -> 0:01:04.864)
[01:47:25]   [video 313/1447] yt-dlp 86srR_U3PGI (1 clip(s) needed) ...
[01:47:49]     [313/1447] cutting 86srR_U3PGI_7.mp4 (0:07:07.727 -> 0:07:19.739)
[01:47:50]   [video 314/1447] yt-dlp OBAARiA2wRI (1 clip(s) needed) ...
[01:48:06]     [314/1447] cutting OBAARiA2wRI_57.mp4 (0:06:43.027 -> 0:06:48.032)
[01:48:07]   [video 315/1447] yt-dlp wEVl8EUOD_U (1 clip(s) needed) ...
[01:48:09]     FAILED: ERROR: [youtube] wEVl8EUOD_U: Private video
[01:48:09]   [video 316/1447] yt-dlp xH0tH3P7wBU (1 clip(s) needed) ...
[01:49:03]     [316/1447] cutting xH0tH3P7wBU_192.mp4 (0:24:40.480 -> 0:24:44.600)
[01:49:03]   [video 317/1447] yt-dlp m9drgICCR-E (1 clip(s) needed) ...
[01:49:36]     [317/1447] cutting m9drgICCR-E_6.mp4 (0:03:01.306 -> 0:03:07.353)
[01:49:37]   [video 318/1447] yt-dlp A4D16YpMNoY (1 clip(s) needed) ...
[01:51:18]     [318/1447] cutting A4D16YpMNoY_40.mp4 (0:05:58.057 -> 0:06:06.766)
[01:51:19]   [video 319/1447] yt-dlp 66HJEYO-cII (1 clip(s) needed) ...
[01:51:43]     [319/1447] cutting 66HJEYO-cII_71.mp4 (0:16:55.280 -> 0:16:59.301)
[01:51:43]   [video 320/1447] yt-dlp thXoJ9grJyc (1 clip(s) needed) ...
[01:52:06]     [320/1447] cutting thXoJ9grJyc_17.mp4 (0:02:32.333 -> 0:02:55.700)
[01:52:07]   [video 321/1447] yt-dlp p_2JLYeCeSU (1 clip(s) needed) ...
[01:52:17]     [321/1447] cutting p_2JLYeCeSU_10.mp4 (0:01:16.843 -> 0:01:26.219)
[01:52:17]   [video 322/1447] yt-dlp 9hZ6h0rqc4M (1 clip(s) needed) ...
[01:53:09]     [322/1447] cutting 9hZ6h0rqc4M_7.mp4 (0:04:16.656 -> 0:04:41.614)
[01:53:10]   [video 323/1447] yt-dlp cK9AnkyOktw (1 clip(s) needed) ...
[01:53:44]     [323/1447] cutting cK9AnkyOktw_17.mp4 (0:06:49.120 -> 0:07:13.480)
[01:53:45]   [video 324/1447] yt-dlp Zfvm0JyZImc (1 clip(s) needed) ...
[01:54:29]     [324/1447] cutting Zfvm0JyZImc_6.mp4 (0:11:26.960 -> 0:12:14.960)
[01:54:31]   [video 325/1447] yt-dlp nZVDmQJnn1w (1 clip(s) needed) ...
[01:54:35]     FAILED: ERROR: [youtube] nZVDmQJnn1w: Video unavailable
[01:54:35]   [video 326/1447] yt-dlp qT-iqej5jDk (1 clip(s) needed) ...
[01:54:37]     FAILED: ERROR: [youtube] qT-iqej5jDk: Private video
[01:54:37]   [video 327/1447] yt-dlp BH59QM_3AgM (1 clip(s) needed) ...
[01:54:47]     [327/1447] cutting BH59QM_3AgM_26.mp4 (0:02:58.386 -> 0:03:05.935)
[01:54:47]   [video 328/1447] yt-dlp 3Qq8g1ev7Dc (1 clip(s) needed) ...
[01:54:58]     [328/1447] cutting 3Qq8g1ev7Dc_0.mp4 (0:00:00.934 -> 0:00:08.675)
[01:54:58]   [video 329/1447] yt-dlp mfh_QL6M6Kw (1 clip(s) needed) ...
[01:57:40]     [329/1447] cutting mfh_QL6M6Kw_8.mp4 (0:04:53.466 -> 0:05:01.000)
[01:57:40]   [video 330/1447] yt-dlp xCq5LQ7fpbo (1 clip(s) needed) ...
[01:57:49]     [330/1447] cutting xCq5LQ7fpbo_2.mp4 (0:00:20.937 -> 0:00:29.654)
[01:57:50]   [video 331/1447] yt-dlp E7AXvM7OIeU (1 clip(s) needed) ...
[01:58:00]     [331/1447] cutting E7AXvM7OIeU_1.mp4 (0:00:14.066 -> 0:00:46.766)
[01:58:01]   [video 332/1447] yt-dlp 0Fez7sRTOKM (1 clip(s) needed) ...
[01:58:09]     [332/1447] cutting 0Fez7sRTOKM_0.mp4 (0:00:15.882 -> 0:01:03.930)
[01:58:11]   [video 333/1447] yt-dlp Z2OdKov9Or8 (1 clip(s) needed) ...
[01:58:37]     [333/1447] cutting Z2OdKov9Or8_6.mp4 (0:02:43.266 -> 0:03:02.100)
[01:58:38]   [video 334/1447] yt-dlp 4MerfDMxvDQ (1 clip(s) needed) ...
[01:58:52]     [334/1447] cutting 4MerfDMxvDQ_0.mp4 (0:00:06.000 -> 0:00:54.000)
[01:58:53]   [video 335/1447] yt-dlp Uw-8G5v8o60 (1 clip(s) needed) ...
[01:59:25]     [335/1447] cutting Uw-8G5v8o60_57.mp4 (0:07:02.375 -> 0:07:14.250)
[01:59:26]   [video 336/1447] yt-dlp soY4UEasT_o (1 clip(s) needed) ...
[01:59:39]     [336/1447] cutting soY4UEasT_o_0.mp4 (0:00:12.946 -> 0:01:00.727)
[01:59:41]   [video 337/1447] yt-dlp 08J_ZK7pcYc (1 clip(s) needed) ...
[01:59:51]     [337/1447] cutting 08J_ZK7pcYc_5.mp4 (0:02:13.233 -> 0:02:17.437)
[01:59:52]   [video 338/1447] yt-dlp UXV62zWy_uk (1 clip(s) needed) ...
[02:00:00]     [338/1447] cutting UXV62zWy_uk_6.mp4 (0:00:59.459 -> 0:01:25.085)
[02:00:01]   [video 339/1447] yt-dlp Y80rtP3zZFU (1 clip(s) needed) ...
[02:00:05]     FAILED: ERROR: [youtube] Y80rtP3zZFU: This video is not available
[02:00:05]   [video 340/1447] yt-dlp q_KDzJnkBo8 (1 clip(s) needed) ...
[02:00:29]     [340/1447] cutting q_KDzJnkBo8_19.mp4 (0:07:53.973 -> 0:08:17.430)
[02:00:30]   [video 341/1447] yt-dlp VNGAozC1moQ (1 clip(s) needed) ...
[02:01:18]     [341/1447] cutting VNGAozC1moQ_4.mp4 (0:00:42.609 -> 0:00:53.703)
[02:01:19]   [video 342/1447] yt-dlp WmG9CUP-PA4 (1 clip(s) needed) ...
[02:01:33]     [342/1447] cutting WmG9CUP-PA4_28.mp4 (0:02:49.002 -> 0:02:58.444)
[02:01:33]   [video 343/1447] yt-dlp iq5AX4SLPn0 (1 clip(s) needed) ...
[02:01:57]     [343/1447] cutting iq5AX4SLPn0_1.mp4 (0:00:35.135 -> 0:00:39.472)
[02:01:57]   [video 344/1447] yt-dlp -zsXzT1k7-g (1 clip(s) needed) ...
[02:02:15]     [344/1447] cutting -zsXzT1k7-g_9.mp4 (0:02:33.319 -> 0:02:41.536)
[02:02:16]   [video 345/1447] yt-dlp J6Oxe4bY4Z0 (1 clip(s) needed) ...
[02:02:44]     [345/1447] cutting J6Oxe4bY4Z0_4.mp4 (0:02:46.533 -> 0:03:06.452)
[02:02:45]   [video 346/1447] yt-dlp tDFmukAIlcM (1 clip(s) needed) ...
[02:03:07]     [346/1447] cutting tDFmukAIlcM_6.mp4 (0:03:24.804 -> 0:03:40.753)
[02:03:07]   [video 347/1447] yt-dlp KQAz0XgBcqM (1 clip(s) needed) ...
[02:03:28]     [347/1447] cutting KQAz0XgBcqM_2.mp4 (0:00:43.585 -> 0:00:52.802)
[02:03:29]   [video 348/1447] yt-dlp kJ1Jomicrww (1 clip(s) needed) ...
[02:03:40]     [348/1447] cutting kJ1Jomicrww_9.mp4 (0:03:58.400 -> 0:04:22.400)
[02:03:41]   [video 349/1447] yt-dlp CJAuvRAWOM0 (1 clip(s) needed) ...
[02:04:12]     [349/1447] cutting CJAuvRAWOM0_1.mp4 (0:00:15.000 -> 0:01:03.000)
[02:04:14]   [video 350/1447] yt-dlp 9ho4kHyxceM (1 clip(s) needed) ...
[02:04:25]     [350/1447] cutting 9ho4kHyxceM_4.mp4 (0:00:57.015 -> 0:01:04.731)
[02:04:26]   [video 351/1447] yt-dlp fQgvEqwqoC0 (1 clip(s) needed) ...
[02:04:40]     [351/1447] cutting fQgvEqwqoC0_1.mp4 (0:06:28.988 -> 0:07:10.296)
[02:04:42]   [video 352/1447] yt-dlp nr9VAbWn7EE (1 clip(s) needed) ...
[02:05:06]     [352/1447] cutting nr9VAbWn7EE_11.mp4 (0:05:13.083 -> 0:05:43.958)
[02:05:07]   [video 353/1447] yt-dlp VxwzZWFYe7o (1 clip(s) needed) ...
[02:05:18]     [353/1447] cutting VxwzZWFYe7o_6.mp4 (0:00:54.066 -> 0:00:58.466)
[02:05:19]   [video 354/1447] yt-dlp XZccfMWd5aM (1 clip(s) needed) ...
[02:05:22]     FAILED: ERROR: [youtube] XZccfMWd5aM: Please sign in. Use --cookies-from-browser or --cookies for the authentication. See  https://github.com/yt-dlp/yt-dlp/wiki/FAQ#how-do-i-pass-cookies-to-yt-dlp  for how to manually pass cookies. Also see  https://github.com/yt-dlp/yt-dlp/wiki/Extractors#exporting-youtube-cookies  for tips on effectively exporting YouTube cookies
[02:05:22]   [video 355/1447] yt-dlp Ol-H0EBEO5c (1 clip(s) needed) ...
[02:06:38]     [355/1447] cutting Ol-H0EBEO5c_9.mp4 (0:04:34.107 -> 0:05:10.310)
[02:06:40]   [video 356/1447] yt-dlp AMUG2WhxSrg (1 clip(s) needed) ...
[02:06:55]     [356/1447] cutting AMUG2WhxSrg_5.mp4 (0:01:02.095 -> 0:01:08.668)
[02:06:55]   [video 357/1447] yt-dlp cSXitLZieD4 (1 clip(s) needed) ...
[02:07:34]     [357/1447] cutting cSXitLZieD4_23.mp4 (0:02:52.750 -> 0:03:00.000)
[02:07:35]   [video 358/1447] yt-dlp gMcZV_x5aDc (1 clip(s) needed) ...
[02:07:52]     [358/1447] cutting gMcZV_x5aDc_1.mp4 (0:03:05.566 -> 0:03:15.866)
[02:07:52]   [video 359/1447] yt-dlp onqgiu-OPfw (1 clip(s) needed) ...
[02:07:57]     FAILED: ERROR: [youtube] onqgiu-OPfw: This video is not available
[02:07:57]   [video 360/1447] yt-dlp vKmUE8yf2gQ (1 clip(s) needed) ...
[02:08:27]     [360/1447] cutting vKmUE8yf2gQ_15.mp4 (0:03:09.055 -> 0:03:15.795)
[02:08:28]   [video 361/1447] yt-dlp sTptUmwHBtI (1 clip(s) needed) ...
[02:08:34]     [361/1447] cutting sTptUmwHBtI_0.mp4 (0:00:04.504 -> 0:00:40.540)
[02:08:35]   [video 362/1447] yt-dlp QSWWUJ4K4xg (1 clip(s) needed) ...
[02:09:00]     [362/1447] cutting QSWWUJ4K4xg_5.mp4 (0:04:53.040 -> 0:05:41.040)
[02:09:02]   [video 363/1447] yt-dlp yAlBAhxr8ic (1 clip(s) needed) ...
[02:09:13]     [363/1447] cutting yAlBAhxr8ic_0.mp4 (0:00:12.479 -> 0:00:20.854)
[02:09:14]   [video 364/1447] yt-dlp 2e8na1xKMsU (1 clip(s) needed) ...
[02:09:17]     FAILED: ERROR: [youtube] 2e8na1xKMsU: This video is not available
[02:09:17]   [video 365/1447] yt-dlp CwMgn2m1dLE (1 clip(s) needed) ...
[02:09:20]     FAILED: ERROR: [youtube] CwMgn2m1dLE: This video is not available
[02:09:20]   [video 366/1447] yt-dlp nRR4paQnUsQ (1 clip(s) needed) ...
[02:09:28]     [366/1447] cutting nRR4paQnUsQ_11.mp4 (0:01:17.120 -> 0:01:24.680)
[02:09:28]   [video 367/1447] yt-dlp Kk0vS9ckyiI (1 clip(s) needed) ...
[02:11:29]     [367/1447] cutting Kk0vS9ckyiI_20.mp4 (0:04:27.033 -> 0:04:31.304)
[02:11:30]   [video 368/1447] yt-dlp rxho1JrmbIk (1 clip(s) needed) ...
[02:11:37]     [368/1447] cutting rxho1JrmbIk_14.mp4 (0:01:37.680 -> 0:01:42.960)
[02:11:37]   [video 369/1447] yt-dlp ctTi1wLXndg (1 clip(s) needed) ...
[02:12:57]     [369/1447] cutting ctTi1wLXndg_32.mp4 (0:04:41.906 -> 0:04:47.787)
[02:12:57]   [video 370/1447] yt-dlp hnqIJeuixcY (1 clip(s) needed) ...
[02:13:10]     [370/1447] cutting hnqIJeuixcY_15.mp4 (0:01:52.090 -> 0:02:00.500)
[02:13:11]   [video 371/1447] yt-dlp HYMKd5uDRBs (1 clip(s) needed) ...
[02:13:29]     [371/1447] cutting HYMKd5uDRBs_4.mp4 (0:01:54.960 -> 0:02:42.960)
[02:13:31]   [video 372/1447] yt-dlp EvGOlAkLSLw (1 clip(s) needed) ...
[02:13:49]     [372/1447] cutting EvGOlAkLSLw_13.mp4 (0:02:15.869 -> 0:02:26.946)
[02:13:49]   [video 373/1447] yt-dlp 4Cjm0vZM2O0 (1 clip(s) needed) ...
[02:14:03]     [373/1447] cutting 4Cjm0vZM2O0_92.mp4 (0:11:51.320 -> 0:11:58.440)
[02:14:04]   [video 374/1447] yt-dlp 0ZBg5qtq0BY (1 clip(s) needed) ...
[02:14:31]     [374/1447] cutting 0ZBg5qtq0BY_3.mp4 (0:03:47.560 -> 0:04:15.421)
[02:14:32]   [video 375/1447] yt-dlp vObSv8PqZVI (1 clip(s) needed) ...
[02:14:46]     [375/1447] cutting vObSv8PqZVI_4.mp4 (0:04:24.163 -> 0:04:31.104)
[02:14:46]   [video 376/1447] yt-dlp wspU5rYFv5o (1 clip(s) needed) ...
[02:15:17]     [376/1447] cutting wspU5rYFv5o_3.mp4 (0:09:29.640 -> 0:10:17.640)
[02:15:19]   [video 377/1447] yt-dlp ShwDwKDAnXA (1 clip(s) needed) ...
[02:16:04]     [377/1447] cutting ShwDwKDAnXA_40.mp4 (0:08:21.626 -> 0:08:26.297)
[02:16:05]   [video 378/1447] yt-dlp 8vX4ohlf26g (1 clip(s) needed) ...
[02:16:37]     [378/1447] cutting 8vX4ohlf26g_28.mp4 (0:05:23.756 -> 0:05:40.139)
[02:16:37]   [video 379/1447] yt-dlp qhcEHhsn76g (1 clip(s) needed) ...
[02:17:15]     [379/1447] cutting qhcEHhsn76g_87.mp4 (0:10:43.275 -> 0:10:53.085)
[02:17:16]   [video 380/1447] yt-dlp j7DqZnz_V4c (1 clip(s) needed) ...
[02:17:38]     [380/1447] cutting j7DqZnz_V4c_2.mp4 (0:02:28.982 -> 0:02:48.902)
[02:17:39]   [video 381/1447] yt-dlp NqrCupTfe7U (1 clip(s) needed) ...
[02:18:01]     [381/1447] cutting NqrCupTfe7U_6.mp4 (0:01:00.193 -> 0:01:04.497)
[02:18:01]   [video 382/1447] yt-dlp aaLCEdjsBrs (1 clip(s) needed) ...
[02:18:09]     [382/1447] cutting aaLCEdjsBrs_4.mp4 (0:01:09.960 -> 0:01:41.960)
[02:18:11]   [video 383/1447] yt-dlp gGpftsiiESg (1 clip(s) needed) ...
[02:18:21]     [383/1447] cutting gGpftsiiESg_3.mp4 (0:00:39.272 -> 0:00:54.354)
[02:18:22]   [video 384/1447] yt-dlp CpyzejBD82M (1 clip(s) needed) ...
[02:19:17]     [384/1447] cutting CpyzejBD82M_69.mp4 (0:17:05.891 -> 0:17:10.195)
[02:19:17]   [video 385/1447] yt-dlp Y2Q49gMTESA (1 clip(s) needed) ...
[02:20:30]     FAILED: ERROR: 
[download] Got error: HTTP Error 500: Internal Server Error. Giving up after 10 retries
ERROR: 
[download] Got error: HTTP Error 500: Internal Server Error. Giving up after 10 retries
ERROR: 
[download] Got error: HTTP Error 500: Internal Server Error. Giving up after 10 retries
ERROR: 
[download] Got error: HTTP Error 500: Internal Server Error. Giving up after 10 retries
[02:20:30]   [video 386/1447] yt-dlp FZOhvk6bJGg (1 clip(s) needed) ...
[02:21:11]     [386/1447] cutting FZOhvk6bJGg_43.mp4 (0:08:04.666 -> 0:08:09.866)
[02:21:12]   [video 387/1447] yt-dlp F_ZSvpSQJFc (1 clip(s) needed) ...
[02:21:24]     [387/1447] cutting F_ZSvpSQJFc_3.mp4 (0:01:20.160 -> 0:02:07.040)
[02:21:25]   [video 388/1447] yt-dlp B3OuJnI0CsI (1 clip(s) needed) ...
[02:21:43]     [388/1447] cutting B3OuJnI0CsI_12.mp4 (0:03:18.660 -> 0:03:23.740)
[02:21:43]   [video 389/1447] yt-dlp aEq0InlwNAM (1 clip(s) needed) ...
[02:26:45]     FAILED: yt-dlp did not finish within 300s -- timed out
[02:26:45]   [video 390/1447] yt-dlp dxeeBSsPpaE (1 clip(s) needed) ...
[02:27:10]     [390/1447] cutting dxeeBSsPpaE_5.mp4 (0:05:56.205 -> 0:06:12.188)
[02:27:11]   [video 391/1447] yt-dlp 6p18EtJ0sQ8 (1 clip(s) needed) ...
[02:30:02]     [391/1447] cutting 6p18EtJ0sQ8_17.mp4 (0:07:16.135 -> 0:08:04.183)
[02:30:03]   [video 392/1447] yt-dlp skksk_E7Gls (1 clip(s) needed) ...
[02:32:50]     [392/1447] cutting skksk_E7Gls_74.mp4 (0:08:28.049 -> 0:08:33.804)
[02:32:50]   [video 393/1447] yt-dlp DBJ4CgverfE (1 clip(s) needed) ...
[02:33:26]     [393/1447] cutting DBJ4CgverfE_42.mp4 (0:11:19.879 -> 0:11:23.916)
[02:33:26]   [video 394/1447] yt-dlp wy6UrteHU4M (1 clip(s) needed) ...
[02:33:40]     [394/1447] cutting wy6UrteHU4M_28.mp4 (0:07:05.525 -> 0:07:11.814)
[02:33:41]   [video 395/1447] yt-dlp dknJBcBTmyE (1 clip(s) needed) ...
[02:33:48]     [395/1447] cutting dknJBcBTmyE_2.mp4 (0:00:38.571 -> 0:00:41.741)
[02:33:48]   [video 396/1447] yt-dlp d_WIvsrRKjk (1 clip(s) needed) ...
[02:34:02]     [396/1447] cutting d_WIvsrRKjk_2.mp4 (0:00:29.689 -> 0:00:34.413)
[02:34:02]   [video 397/1447] yt-dlp W_EfeHIOfsQ (1 clip(s) needed) ...
[02:34:17]     [397/1447] cutting W_EfeHIOfsQ_1.mp4 (0:00:40.707 -> 0:00:48.348)
[02:34:17]   [video 398/1447] yt-dlp pzBit8wliVM (1 clip(s) needed) ...
[02:34:39]     [398/1447] cutting pzBit8wliVM_16.mp4 (0:06:13.166 -> 0:06:29.166)
[02:34:39]   [video 399/1447] yt-dlp EupVeNnSzO8 (1 clip(s) needed) ...
[02:35:15]     [399/1447] cutting EupVeNnSzO8_12.mp4 (0:02:09.095 -> 0:02:14.367)
[02:35:16]   [video 403/1447] yt-dlp 9DKNbhgDBN4 (1 clip(s) needed) ...
[02:35:20]     FAILED: ERROR: [youtube] 9DKNbhgDBN4: Private video
[02:35:20]   [video 413/1447] yt-dlp 2OLnbcFfqqk (1 clip(s) needed) ...
[02:35:22]     FAILED: ERROR: [youtube] 2OLnbcFfqqk: This video is unavailable
[02:35:22]   [video 417/1447] yt-dlp xGZOLU3cLZE (1 clip(s) needed) ...
[02:35:25]     FAILED: ERROR: [youtube] xGZOLU3cLZE: Please sign in. Use --cookies-from-browser or --cookies for the authentication. See  https://github.com/yt-dlp/yt-dlp/wiki/FAQ#how-do-i-pass-cookies-to-yt-dlp  for how to manually pass cookies. Also see  https://github.com/yt-dlp/yt-dlp/wiki/Extractors#exporting-youtube-cookies  for tips on effectively exporting YouTube cookies
[02:35:25]   [video 418/1447] yt-dlp Sys_dCVnhmQ (1 clip(s) needed) ...
[02:35:28]     FAILED: ERROR: [youtube] Sys_dCVnhmQ: Private video
[02:35:28]   [video 420/1447] yt-dlp l8FMRh4nNx0 (1 clip(s) needed) ...
[02:35:31]     FAILED: ERROR: [youtube] l8FMRh4nNx0: This video is not available
[02:35:31]   [video 446/1447] yt-dlp xJZyODnVefQ (1 clip(s) needed) ...
[02:35:34]     FAILED: ERROR: [youtube] xJZyODnVefQ: This video is not available
[02:35:34]   [video 458/1447] yt-dlp i3zMyH2ovXM (1 clip(s) needed) ...
[02:35:36]     FAILED: ERROR: [youtube] i3zMyH2ovXM: This video is not available
[02:35:36]   [video 476/1447] yt-dlp vlK5PAqx-iY (1 clip(s) needed) ...
[02:35:39]     FAILED: ERROR: [youtube] vlK5PAqx-iY: This video is unavailable
[02:35:39]   [video 491/1447] yt-dlp W7Xw7hbpqm0 (1 clip(s) needed) ...
[02:35:42]     FAILED: ERROR: [youtube] W7Xw7hbpqm0: Please sign in. Use --cookies-from-browser or --cookies for the authentication. See  https://github.com/yt-dlp/yt-dlp/wiki/FAQ#how-do-i-pass-cookies-to-yt-dlp  for how to manually pass cookies. Also see  https://github.com/yt-dlp/yt-dlp/wiki/Extractors#exporting-youtube-cookies  for tips on effectively exporting YouTube cookies
[02:35:42]   [video 508/1447] yt-dlp LTNh1bL_J7k (1 clip(s) needed) ...
[02:35:45]     FAILED: ERROR: [youtube] LTNh1bL_J7k: Private video
[02:35:45]   [video 529/1447] yt-dlp EssAMxLuNgU (1 clip(s) needed) ...
[02:35:48]     FAILED: ERROR: [youtube] EssAMxLuNgU: This video is not available
[02:35:48]   [video 530/1447] yt-dlp _JOnWF0oO8U (1 clip(s) needed) ...
[02:35:51]     FAILED: ERROR: [youtube] _JOnWF0oO8U: Please sign in. Use --cookies-from-browser or --cookies for the authentication. See  https://github.com/yt-dlp/yt-dlp/wiki/FAQ#how-do-i-pass-cookies-to-yt-dlp  for how to manually pass cookies. Also see  https://github.com/yt-dlp/yt-dlp/wiki/Extractors#exporting-youtube-cookies  for tips on effectively exporting YouTube cookies
[02:35:51]   [video 536/1447] yt-dlp cKJmph5_EjE (1 clip(s) needed) ...
[02:35:53]     FAILED: ERROR: [youtube] cKJmph5_EjE: Video unavailable
[02:35:53]   [video 542/1447] yt-dlp eIl17N70LlU (1 clip(s) needed) ...
[02:35:56]     FAILED: ERROR: [youtube] eIl17N70LlU: This video is not available
[02:35:56]   [video 551/1447] yt-dlp DgocWmXSWW4 (1 clip(s) needed) ...
[02:35:59]     FAILED: ERROR: [youtube] DgocWmXSWW4: Video unavailable
[02:35:59]   [video 559/1447] yt-dlp j6a25HzuLyA (1 clip(s) needed) ...
[02:36:03]     FAILED: ERROR: [youtube] j6a25HzuLyA: Sign in to confirm your age. Use --cookies-from-browser or --cookies for the authentication. See  https://github.com/yt-dlp/yt-dlp/wiki/FAQ#how-do-i-pass-cookies-to-yt-dlp  for how to manually pass cookies. Also see  https://github.com/yt-dlp/yt-dlp/wiki/Extractors#exporting-youtube-cookies  for tips on effectively exporting YouTube cookies
[02:36:03]   [video 562/1447] yt-dlp oL5VJPxtRhk (1 clip(s) needed) ...
[02:36:05]     FAILED: ERROR: [youtube] oL5VJPxtRhk: This video is not available
[02:36:05]   [video 563/1447] yt-dlp 8fdMfR_1_cU (1 clip(s) needed) ...
[02:36:08]     FAILED: ERROR: [youtube] 8fdMfR_1_cU: This video is not available
[02:36:08]   [video 569/1447] yt-dlp _02V2KC-M40 (1 clip(s) needed) ...
[02:36:11]     FAILED: ERROR: [youtube] _02V2KC-M40: Private video
[02:36:11]   [video 578/1447] yt-dlp tzX1b3vqjP4 (1 clip(s) needed) ...
[02:36:13]     FAILED: ERROR: [youtube] tzX1b3vqjP4: Private video
[02:36:13]   [video 591/1447] yt-dlp snUIGzJ0dZY (1 clip(s) needed) ...
[02:36:21]     [591/1447] cutting snUIGzJ0dZY_5.mp4 (0:00:36.803 -> 0:00:41.841)
[02:36:21]   [video 595/1447] yt-dlp Maf9hBGROeo (1 clip(s) needed) ...
[02:36:24]     FAILED: ERROR: [youtube] Maf9hBGROeo: Private video
[02:36:24]   [video 599/1447] yt-dlp GXK_VgAz4Eo (1 clip(s) needed) ...
[02:36:28]     FAILED: ERROR: [youtube] GXK_VgAz4Eo: This video is not available
[02:36:28]   [video 600/1447] yt-dlp 8XkgrRtF2CQ (1 clip(s) needed) ...
[02:36:30]     FAILED: ERROR: [youtube] 8XkgrRtF2CQ: This video is unavailable
[02:36:30]   [video 604/1447] yt-dlp JcLJNIspKMU (1 clip(s) needed) ...
[02:36:33]     FAILED: ERROR: [youtube] JcLJNIspKMU: Private video
[02:36:33]   [video 624/1447] yt-dlp n7Yi0Yr4BTY (1 clip(s) needed) ...
[02:37:03]     [624/1447] cutting n7Yi0Yr4BTY_23.mp4 (0:11:50.116 -> 0:12:00.850)
[02:37:04]   [video 625/1447] yt-dlp 0P8iYdXGNZU (1 clip(s) needed) ...
[02:37:11]     [625/1447] cutting 0P8iYdXGNZU_9.mp4 (0:01:07.434 -> 0:01:11.638)
[02:37:12]   [video 626/1447] yt-dlp f7sdGh1Fnoc (1 clip(s) needed) ...
[02:37:20]     [626/1447] cutting f7sdGh1Fnoc_7.mp4 (0:01:24.200 -> 0:01:33.000)
[02:37:20]   [video 627/1447] yt-dlp 7vLEt1rYVNg (1 clip(s) needed) ...
[02:37:47]     [627/1447] cutting 7vLEt1rYVNg_55.mp4 (0:07:24.043 -> 0:07:29.816)
[02:37:47]   [video 628/1447] yt-dlp anEC79JO81k (1 clip(s) needed) ...
[02:37:58]     [628/1447] cutting anEC79JO81k_3.mp4 (0:00:21.520 -> 0:00:28.920)
[02:37:58]   [video 629/1447] yt-dlp L9MjWmEPQJg (1 clip(s) needed) ...
[02:43:00]     FAILED: yt-dlp did not finish within 300s -- timed out
[02:43:00]   [video 630/1447] yt-dlp bJVXG7GUOQE (1 clip(s) needed) ...
[02:43:15]     [630/1447] cutting bJVXG7GUOQE_2.mp4 (0:00:24.224 -> 0:00:30.663)
[02:43:15]   [video 631/1447] yt-dlp IZhE0IFhpVQ (1 clip(s) needed) ...
[02:43:19]     FAILED: ERROR: [youtube] IZhE0IFhpVQ: Sign in to confirm your age. Use --cookies-from-browser or --cookies for the authentication. See  https://github.com/yt-dlp/yt-dlp/wiki/FAQ#how-do-i-pass-cookies-to-yt-dlp  for how to manually pass cookies. Also see  https://github.com/yt-dlp/yt-dlp/wiki/Extractors#exporting-youtube-cookies  for tips on effectively exporting YouTube cookies
[02:43:19]   [video 632/1447] yt-dlp g7bRybXI3b0 (1 clip(s) needed) ...
[02:44:06]     [632/1447] cutting g7bRybXI3b0_76.mp4 (0:14:34.060 -> 0:14:39.900)
[02:44:07]   [video 633/1447] yt-dlp uaflGiA7k98 (1 clip(s) needed) ...
[02:44:25]     [633/1447] cutting uaflGiA7k98_4.mp4 (0:03:59.072 -> 0:04:26.599)
[02:44:26]   [video 634/1447] yt-dlp jOjO0UH9fUM (1 clip(s) needed) ...
[02:44:54]     [634/1447] cutting jOjO0UH9fUM_36.mp4 (0:07:33.219 -> 0:07:44.831)
[02:44:54]   [video 635/1447] yt-dlp -PLN65j2rk8 (1 clip(s) needed) ...
[02:45:12]     [635/1447] cutting -PLN65j2rk8_16.mp4 (0:02:01.554 -> 0:02:06.626)
[02:45:12]   [video 636/1447] yt-dlp Qx0HLNhQAs4 (1 clip(s) needed) ...
[02:45:50]     [636/1447] cutting Qx0HLNhQAs4_4.mp4 (0:01:06.820 -> 0:01:10.820)
[02:45:51]   [video 637/1447] yt-dlp kO-Js53Ddf4 (1 clip(s) needed) ...
[02:46:19]     [637/1447] cutting kO-Js53Ddf4_11.mp4 (0:02:10.280 -> 0:02:17.800)
[02:46:19]   [video 638/1447] yt-dlp 7hYwxgH3sQg (1 clip(s) needed) ...
[02:46:23]     FAILED: ERROR: [youtube] 7hYwxgH3sQg: Please sign in. Use --cookies-from-browser or --cookies for the authentication. See  https://github.com/yt-dlp/yt-dlp/wiki/FAQ#how-do-i-pass-cookies-to-yt-dlp  for how to manually pass cookies. Also see  https://github.com/yt-dlp/yt-dlp/wiki/Extractors#exporting-youtube-cookies  for tips on effectively exporting YouTube cookies
[02:46:23]   [video 639/1447] yt-dlp cmnSIBRDgSc (1 clip(s) needed) ...
[02:47:08]     [639/1447] cutting cmnSIBRDgSc_11.mp4 (0:00:57.157 -> 0:01:05.265)
[02:47:08]   [video 640/1447] yt-dlp 2UMDDHwMMPo (1 clip(s) needed) ...
[02:47:16]     [640/1447] cutting 2UMDDHwMMPo_1.mp4 (0:00:06.439 -> 0:00:10.977)
[02:47:17]   [video 641/1447] yt-dlp h9uKCwMy_ZE (1 clip(s) needed) ...
[02:47:20]     FAILED: ERROR: [youtube] h9uKCwMy_ZE: This video is not available
[02:47:20]   [video 642/1447] yt-dlp xGIurwBoFIY (1 clip(s) needed) ...
[02:47:31]     [642/1447] cutting xGIurwBoFIY_3.mp4 (0:01:04.864 -> 0:01:48.675)
[02:47:33]   [video 643/1447] yt-dlp YiB532j55PU (1 clip(s) needed) ...
[02:48:06]     [643/1447] cutting YiB532j55PU_13.mp4 (0:02:29.482 -> 0:02:33.853)
[02:48:07]   [video 644/1447] yt-dlp IRlUF2d8hQ4 (1 clip(s) needed) ...
[02:48:24]     [644/1447] cutting IRlUF2d8hQ4_1.mp4 (0:01:59.752 -> 0:02:05.725)
[02:48:25]   [video 645/1447] yt-dlp iOzfduinN9U (1 clip(s) needed) ...
[02:48:44]     [645/1447] cutting iOzfduinN9U_10.mp4 (0:01:52.737 -> 0:02:01.621)
[02:48:45]   [video 646/1447] yt-dlp swAAppnqB48 (1 clip(s) needed) ...
[02:48:57]     [646/1447] cutting swAAppnqB48_5.mp4 (0:03:06.502 -> 0:03:10.506)
[02:48:57]   [video 647/1447] yt-dlp A6mn5VBP0Ac (1 clip(s) needed) ...
[02:49:25]     [647/1447] cutting A6mn5VBP0Ac_30.mp4 (0:04:21.694 -> 0:04:25.431)
[02:49:26]   [video 648/1447] yt-dlp s9FHjbaS7mM (1 clip(s) needed) ...
[02:50:07]     [648/1447] cutting s9FHjbaS7mM_5.mp4 (0:01:36.996 -> 0:01:45.004)
[02:50:08]   [video 649/1447] yt-dlp z7057eXxbDI (1 clip(s) needed) ...
[02:50:10]     FAILED: ERROR: [youtube] z7057eXxbDI: This video is unavailable
[02:50:10]   [video 650/1447] yt-dlp DXIQSbSOKMo (1 clip(s) needed) ...
[02:50:18]     [650/1447] cutting DXIQSbSOKMo_4.mp4 (0:00:41.008 -> 0:00:49.804)
[02:50:18]   [video 651/1447] yt-dlp pOKWJCIl4iQ (1 clip(s) needed) ...
[02:50:31]     [651/1447] cutting pOKWJCIl4iQ_7.mp4 (0:01:02.187 -> 0:01:08.777)
[02:50:32]   [video 652/1447] yt-dlp gNphDRnfITc (1 clip(s) needed) ...
[02:51:11]     [652/1447] cutting gNphDRnfITc_33.mp4 (0:09:21.811 -> 0:09:32.038)
[02:51:11]   [video 653/1447] yt-dlp -J5sf3Naheg (1 clip(s) needed) ...
[02:51:31]     [653/1447] cutting -J5sf3Naheg_36.mp4 (0:05:03.269 -> 0:05:26.959)
[02:51:31]   [video 654/1447] yt-dlp x2tFDe3Jt0c (1 clip(s) needed) ...
[02:52:11]     [654/1447] cutting x2tFDe3Jt0c_81.mp4 (0:12:56.892 -> 0:13:05.034)
[02:52:12]   [video 655/1447] yt-dlp ze4HHsokYW8 (1 clip(s) needed) ...
[02:52:49]     [655/1447] cutting ze4HHsokYW8_12.mp4 (0:05:30.246 -> 0:06:18.294)
[02:52:51]   [video 656/1447] yt-dlp Tc_xv-j94Vk (1 clip(s) needed) ...
[02:53:25]     [656/1447] cutting Tc_xv-j94Vk_74.mp4 (0:07:23.818 -> 0:07:29.532)
[02:53:26]   [video 657/1447] yt-dlp xFFpHURt-RM (1 clip(s) needed) ...
[02:53:33]     [657/1447] cutting xFFpHURt-RM_7.mp4 (0:00:56.756 -> 0:01:02.929)
[02:53:33]   [video 658/1447] yt-dlp FF18CkbgDGI (1 clip(s) needed) ...
[02:53:46]     [658/1447] cutting FF18CkbgDGI_1.mp4 (0:00:31.920 -> 0:00:45.360)
[02:53:46]   [video 659/1447] yt-dlp zriS9roeaCs (1 clip(s) needed) ...
[02:54:05]     [659/1447] cutting zriS9roeaCs_1.mp4 (0:01:10.870 -> 0:01:58.918)
[02:54:07]   [video 660/1447] yt-dlp KG0ZHMAz7_o (1 clip(s) needed) ...
[02:54:17]     [660/1447] cutting KG0ZHMAz7_o_18.mp4 (0:02:03.289 -> 0:02:15.602)
[02:54:18]   [video 661/1447] yt-dlp EEhoZ0BWXu4 (1 clip(s) needed) ...
[02:54:31]     [661/1447] cutting EEhoZ0BWXu4_2.mp4 (0:00:27.861 -> 0:00:32.348)
[02:54:31]   [video 662/1447] yt-dlp hfIKKQ-4Npo (1 clip(s) needed) ...
[02:54:47]     [662/1447] cutting hfIKKQ-4Npo_1.mp4 (0:00:08.049 -> 0:00:13.096)
[02:54:47]   [video 663/1447] yt-dlp -UIQAJum1pM (1 clip(s) needed) ...
[02:54:59]     [663/1447] cutting -UIQAJum1pM_6.mp4 (0:01:31.233 -> 0:01:48.133)
[02:55:00]   [video 664/1447] yt-dlp yyg8HzywY1M (1 clip(s) needed) ...
[02:55:43]     [664/1447] cutting yyg8HzywY1M_44.mp4 (0:13:04.250 -> 0:13:13.342)
[02:55:43]   [video 665/1447] yt-dlp IBhBB6gLYPA (1 clip(s) needed) ...
[02:55:50]     [665/1447] cutting IBhBB6gLYPA_3.mp4 (0:00:17.440 -> 0:00:22.680)
[02:55:51]   [video 666/1447] yt-dlp CdedLxWW9ZQ (1 clip(s) needed) ...
[02:56:02]     [666/1447] cutting CdedLxWW9ZQ_19.mp4 (0:02:15.568 -> 0:02:19.606)
[02:56:03]   [video 667/1447] yt-dlp 5cAvWMnLLXc (1 clip(s) needed) ...
[02:58:06]     [667/1447] cutting 5cAvWMnLLXc_0.mp4 (0:00:03.303 -> 0:00:29.996)
[02:58:07]   [video 668/1447] yt-dlp giLO8t6q0uo (1 clip(s) needed) ...
[02:58:25]     [668/1447] cutting giLO8t6q0uo_0.mp4 (0:00:08.266 -> 0:00:33.900)
[02:58:26]   [video 669/1447] yt-dlp 4nE6yq6aUvs (1 clip(s) needed) ...
[02:58:38]     [669/1447] cutting 4nE6yq6aUvs_8.mp4 (0:02:13.833 -> 0:02:20.540)
[02:58:38]   [video 670/1447] yt-dlp ujsIAHVjP8U (1 clip(s) needed) ...
[02:58:52]     [670/1447] cutting ujsIAHVjP8U_26.mp4 (0:06:08.434 -> 0:06:15.174)
[02:58:52]   [video 671/1447] yt-dlp y_Kz3pqSWu0 (1 clip(s) needed) ...
[02:59:07]     [671/1447] cutting y_Kz3pqSWu0_15.mp4 (0:02:31.751 -> 0:02:35.788)
[02:59:08]   [video 672/1447] yt-dlp Ih9glhIsB1M (1 clip(s) needed) ...
[02:59:11]     FAILED: ERROR: [youtube] Ih9glhIsB1M: This video is not available
[02:59:11]   [video 673/1447] yt-dlp QnOfOnBkQmo (1 clip(s) needed) ...
[02:59:33]     [673/1447] cutting QnOfOnBkQmo_1.mp4 (0:00:03.803 -> 0:00:12.512)
[02:59:33]   [video 674/1447] yt-dlp X5TaLxbKvlg (1 clip(s) needed) ...
[02:59:53]     [674/1447] cutting X5TaLxbKvlg_14.mp4 (0:02:11.256 -> 0:02:44.956)
[02:59:54]   [video 675/1447] yt-dlp arxCCSTwiR8 (1 clip(s) needed) ...
[03:00:11]     [675/1447] cutting arxCCSTwiR8_2.mp4 (0:00:42.733 -> 0:00:48.300)
[03:00:11]   [video 676/1447] yt-dlp RFgEBJlOzW4 (1 clip(s) needed) ...
[03:00:46]     [676/1447] cutting RFgEBJlOzW4_30.mp4 (0:12:45.440 -> 0:13:20.160)
[03:00:47]   [video 677/1447] yt-dlp x0UO-C5mWg8 (1 clip(s) needed) ...
[03:01:26]     [677/1447] cutting x0UO-C5mWg8_4.mp4 (0:01:20.513 -> 0:01:32.559)
[03:01:26]   [video 678/1447] yt-dlp K1AyF-2oVPk (1 clip(s) needed) ...
[03:01:41]     [678/1447] cutting K1AyF-2oVPk_12.mp4 (0:01:58.952 -> 0:02:03.957)
[03:01:42]   [video 679/1447] yt-dlp e4u1YYCb4tM (1 clip(s) needed) ...
[03:01:52]     [679/1447] cutting e4u1YYCb4tM_5.mp4 (0:01:19.345 -> 0:02:07.393)
[03:01:53]   [video 680/1447] yt-dlp KjJMFGEdUcU (1 clip(s) needed) ...
[03:02:00]     [680/1447] cutting KjJMFGEdUcU_3.mp4 (0:00:38.080 -> 0:00:42.160)
[03:02:00]   [video 681/1447] yt-dlp t0ztvV6SIiU (1 clip(s) needed) ...
[03:02:42]     [681/1447] cutting t0ztvV6SIiU_79.mp4 (0:11:44.995 -> 0:12:15.985)
[03:02:43]   [video 682/1447] yt-dlp SEBmcsTrfLg (1 clip(s) needed) ...
[03:02:51]     [682/1447] cutting SEBmcsTrfLg_7.mp4 (0:00:49.583 -> 0:00:55.500)
[03:02:51]   [video 683/1447] yt-dlp nv2FbwjIZRE (1 clip(s) needed) ...
[03:03:16]     [683/1447] cutting nv2FbwjIZRE_38.mp4 (0:05:50.366 -> 0:05:55.866)
[03:03:16]   [video 684/1447] yt-dlp AsyfJP6sQ8M (1 clip(s) needed) ...
[03:03:46]     [684/1447] cutting AsyfJP6sQ8M_38.mp4 (0:05:28.561 -> 0:05:34.133)
[03:03:46]   [video 685/1447] yt-dlp knBCxaCx6_0 (1 clip(s) needed) ...
[03:04:49]     [685/1447] cutting knBCxaCx6_0_154.mp4 (0:14:47.019 -> 0:14:53.993)
[03:04:50]   [video 686/1447] yt-dlp UhdcUJLAqqw (1 clip(s) needed) ...
[03:05:16]     [686/1447] cutting UhdcUJLAqqw_38.mp4 (0:07:54.208 -> 0:07:59.500)
[03:05:16]   [video 687/1447] yt-dlp 3HAF5WBWNio (1 clip(s) needed) ...
[03:05:42]     [687/1447] cutting 3HAF5WBWNio_3.mp4 (0:06:31.307 -> 0:07:19.322)
[03:05:44]   [video 688/1447] yt-dlp WYV20WS-5eE (1 clip(s) needed) ...
[03:05:53]     [688/1447] cutting WYV20WS-5eE_3.mp4 (0:00:18.018 -> 0:00:23.390)
[03:05:53]   [video 689/1447] yt-dlp JfCbFaPuBKk (1 clip(s) needed) ...
[03:06:01]     [689/1447] cutting JfCbFaPuBKk_4.mp4 (0:00:53.416 -> 0:01:09.333)
[03:06:01]   [video 690/1447] yt-dlp QfKJR28LE24 (1 clip(s) needed) ...
[03:06:14]     [690/1447] cutting QfKJR28LE24_9.mp4 (0:01:53.113 -> 0:01:59.252)
[03:06:15]   [video 691/1447] yt-dlp 2X2Wqzcn9GI (1 clip(s) needed) ...
[03:06:36]     [691/1447] cutting 2X2Wqzcn9GI_12.mp4 (0:07:33.653 -> 0:07:43.095)
[03:06:36]   [video 692/1447] yt-dlp MWBl4baUNR4 (1 clip(s) needed) ...
[03:06:46]     [692/1447] cutting MWBl4baUNR4_3.mp4 (0:01:07.917 -> 0:01:23.399)
[03:06:47]   [video 693/1447] yt-dlp GOREtGlNx1s (1 clip(s) needed) ...
[03:07:01]     [693/1447] cutting GOREtGlNx1s_5.mp4 (0:01:11.271 -> 0:01:19.412)
[03:07:02]   [video 694/1447] yt-dlp EGpkZ0Ced9s (1 clip(s) needed) ...
[03:07:13]     [694/1447] cutting EGpkZ0Ced9s_44.mp4 (0:05:52.602 -> 0:06:05.907)
[03:07:13]   [video 695/1447] yt-dlp Feqj17K8lk0 (1 clip(s) needed) ...
[03:07:16]     FAILED: ERROR: [youtube] Feqj17K8lk0: This video is unavailable
[03:07:16]   [video 696/1447] yt-dlp qQwoh0yxCBA (1 clip(s) needed) ...
[03:07:36]     [696/1447] cutting qQwoh0yxCBA_99.mp4 (0:15:22.755 -> 0:15:35.467)
[03:07:37]   [video 697/1447] yt-dlp fS3r5CQIQJc (1 clip(s) needed) ...
[03:07:41]     FAILED: ERROR: [youtube] fS3r5CQIQJc: This video is not available
[03:07:41]   [video 698/1447] yt-dlp s48XuAD-CgU (1 clip(s) needed) ...
[03:08:22]     [698/1447] cutting s48XuAD-CgU_48.mp4 (0:10:07.039 -> 0:10:14.480)
[03:08:23]   [video 699/1447] yt-dlp nAzswBbZRKU (1 clip(s) needed) ...
[03:08:45]     [699/1447] cutting nAzswBbZRKU_33.mp4 (0:06:20.791 -> 0:06:27.333)
[03:08:46]   [video 700/1447] yt-dlp EIE-ltn74ik (1 clip(s) needed) ...
[03:09:03]     [700/1447] cutting EIE-ltn74ik_8.mp4 (0:01:35.261 -> 0:01:40.266)
[03:09:04]   [video 701/1447] yt-dlp PxtyoE1ovSI (1 clip(s) needed) ...
[03:09:21]     [701/1447] cutting PxtyoE1ovSI_1.mp4 (0:00:21.688 -> 0:00:57.490)
[03:09:22]   [video 702/1447] yt-dlp xHdCtlIAFHA (1 clip(s) needed) ...
[03:09:42]     [702/1447] cutting xHdCtlIAFHA_7.mp4 (0:01:31.024 -> 0:01:37.764)
[03:09:42]   [video 703/1447] yt-dlp odp1LpGphec (1 clip(s) needed) ...
[03:10:06]     [703/1447] cutting odp1LpGphec_0.mp4 (0:00:04.466 -> 0:00:16.466)
[03:10:07]   [video 704/1447] yt-dlp 5HGN572hY7E (1 clip(s) needed) ...
[03:10:20]     [704/1447] cutting 5HGN572hY7E_2.mp4 (0:00:09.109 -> 0:00:14.647)
[03:10:20]   [video 705/1447] yt-dlp a8oaEYjcqsc (1 clip(s) needed) ...
[03:11:03]     [705/1447] cutting a8oaEYjcqsc_31.mp4 (0:13:22.735 -> 0:13:52.765)
[03:11:04]   [video 706/1447] yt-dlp OjNCXIA3JN4 (1 clip(s) needed) ...
[03:11:16]     [706/1447] cutting OjNCXIA3JN4_11.mp4 (0:09:41.831 -> 0:09:49.839)
[03:11:17]   [video 707/1447] yt-dlp TbuPVFtYqwk (1 clip(s) needed) ...
[03:12:38]     [707/1447] cutting TbuPVFtYqwk_17.mp4 (0:11:45.500 -> 0:12:22.600)
[03:12:40]   [video 708/1447] yt-dlp DVwuhcJzyQ8 (1 clip(s) needed) ...
[03:12:44]     FAILED: ERROR: [youtube] DVwuhcJzyQ8: Please sign in. Use --cookies-from-browser or --cookies for the authentication. See  https://github.com/yt-dlp/yt-dlp/wiki/FAQ#how-do-i-pass-cookies-to-yt-dlp  for how to manually pass cookies. Also see  https://github.com/yt-dlp/yt-dlp/wiki/Extractors#exporting-youtube-cookies  for tips on effectively exporting YouTube cookies
[03:12:44]   [video 709/1447] yt-dlp oDQULLF0-98 (1 clip(s) needed) ...
[03:12:57]     [709/1447] cutting oDQULLF0-98_22.mp4 (0:03:06.480 -> 0:03:11.560)
[03:12:57]   [video 710/1447] yt-dlp 5k9JkEf9-MU (1 clip(s) needed) ...
[03:13:23]     [710/1447] cutting 5k9JkEf9-MU_70.mp4 (0:09:02.500 -> 0:09:11.551)
[03:13:24]   [video 711/1447] yt-dlp cOYg2fVlfw0 (1 clip(s) needed) ...
[03:13:49]     [711/1447] cutting cOYg2fVlfw0_77.mp4 (0:09:52.140 -> 0:09:55.500)
[03:13:49]   [video 712/1447] yt-dlp ZBb_cSlpOWc (1 clip(s) needed) ...
[03:13:57]     [712/1447] cutting ZBb_cSlpOWc_7.mp4 (0:00:59.768 -> 0:01:03.772)
[03:13:58]   [video 713/1447] yt-dlp ZDnMtHzK_ZI (1 clip(s) needed) ...
[03:14:35]     [713/1447] cutting ZDnMtHzK_ZI_12.mp4 (0:02:25.211 -> 0:02:38.291)
[03:14:36]   [video 714/1447] yt-dlp 0DGF76Ea3yc (1 clip(s) needed) ...
[03:14:46]     [714/1447] cutting 0DGF76Ea3yc_1.mp4 (0:00:25.658 -> 0:00:38.738)
[03:14:47]   [video 715/1447] yt-dlp QjH1FSGwVUM (1 clip(s) needed) ...
[03:15:14]     [715/1447] cutting QjH1FSGwVUM_5.mp4 (0:10:19.285 -> 0:11:07.333)
[03:15:15]   [video 716/1447] yt-dlp -0nQPAYBiho (1 clip(s) needed) ...
[03:15:19]     FAILED: ERROR: [youtube] -0nQPAYBiho: Private video
[03:15:19]   [video 717/1447] yt-dlp i3sP3IVuMv8 (1 clip(s) needed) ...
[03:15:27]     [717/1447] cutting i3sP3IVuMv8_1.mp4 (0:01:08.885 -> 0:01:24.984)
[03:15:28]   [video 718/1447] yt-dlp GrDPvjwQ1G4 (1 clip(s) needed) ...
[03:15:43]     [718/1447] cutting GrDPvjwQ1G4_15.mp4 (0:04:21.816 -> 0:04:26.616)
[03:15:43]   [video 719/1447] yt-dlp F7eho3BhhHM (1 clip(s) needed) ...
[03:15:52]     [719/1447] cutting F7eho3BhhHM_0.mp4 (0:00:05.572 -> 0:00:10.377)
[03:15:52]   [video 720/1447] yt-dlp 42c8go9A7HQ (1 clip(s) needed) ...
[03:16:13]     [720/1447] cutting 42c8go9A7HQ_40.mp4 (0:09:07.980 -> 0:09:17.056)
[03:16:13]   [video 721/1447] yt-dlp fyFXCAbrob4 (1 clip(s) needed) ...
[03:16:31]     [721/1447] cutting fyFXCAbrob4_3.mp4 (0:04:32.563 -> 0:04:56.087)
[03:16:32]   [video 722/1447] yt-dlp TVtqwWGguFk (1 clip(s) needed) ...
[03:16:48]     [722/1447] cutting TVtqwWGguFk_36.mp4 (0:04:09.515 -> 0:04:15.655)
[03:16:48]   [video 723/1447] yt-dlp LYf8rquz4p0 (1 clip(s) needed) ...
[03:17:27]     [723/1447] cutting LYf8rquz4p0_20.mp4 (0:10:40.773 -> 0:10:50.349)
[03:17:28]   [video 724/1447] yt-dlp OAoA4snvaxU (1 clip(s) needed) ...
[03:17:53]     [724/1447] cutting OAoA4snvaxU_6.mp4 (0:00:47.047 -> 0:00:51.351)
[03:17:53]   [video 725/1447] yt-dlp O5lWaZZOjdM (1 clip(s) needed) ...
[03:18:09]     [725/1447] cutting O5lWaZZOjdM_5.mp4 (0:01:45.266 -> 0:01:53.266)
[03:18:09]   [video 726/1447] yt-dlp X2hSoo-w8K8 (1 clip(s) needed) ...
[03:18:30]     [726/1447] cutting X2hSoo-w8K8_1.mp4 (0:00:08.341 -> 0:00:12.379)
[03:18:31]   [video 727/1447] yt-dlp ZYp1GfJRHFY (1 clip(s) needed) ...
[03:18:43]     [727/1447] cutting ZYp1GfJRHFY_15.mp4 (0:02:33.987 -> 0:02:39.325)
[03:18:43]   [video 728/1447] yt-dlp i9oTce6cODM (1 clip(s) needed) ...
[03:18:53]     [728/1447] cutting i9oTce6cODM_8.mp4 (0:01:11.958 -> 0:01:21.125)
[03:18:53]   [video 729/1447] yt-dlp gUqzyoM2YXI (1 clip(s) needed) ...
[03:19:11]     [729/1447] cutting gUqzyoM2YXI_26.mp4 (0:09:41.113 -> 0:09:56.062)
[03:19:12]   [video 730/1447] yt-dlp vlSWX_dQBSI (1 clip(s) needed) ...
[03:19:26]     [730/1447] cutting vlSWX_dQBSI_8.mp4 (0:02:48.333 -> 0:03:16.333)
[03:19:27]   [video 731/1447] yt-dlp nTLZZqVz--E (1 clip(s) needed) ...
[03:19:40]     [731/1447] cutting nTLZZqVz--E_2.mp4 (0:01:41.101 -> 0:02:17.670)
[03:19:41]   [video 732/1447] yt-dlp JfAMkgbwCXk (1 clip(s) needed) ...
[03:20:14]     [732/1447] cutting JfAMkgbwCXk_2.mp4 (0:03:09.240 -> 0:03:57.240)
[03:20:16]   [video 733/1447] yt-dlp 7caIvmOhO1M (1 clip(s) needed) ...
[03:20:32]     [733/1447] cutting 7caIvmOhO1M_6.mp4 (0:05:17.283 -> 0:05:37.203)
[03:20:33]   [video 734/1447] yt-dlp qRMyyEPaor4 (1 clip(s) needed) ...
[03:20:44]     [734/1447] cutting qRMyyEPaor4_0.mp4 (0:00:05.438 -> 0:00:08.875)
[03:20:44]   [video 735/1447] yt-dlp bOd8mILlhsA (1 clip(s) needed) ...
[03:20:58]     [735/1447] cutting bOd8mILlhsA_3.mp4 (0:01:29.823 -> 0:02:17.871)
[03:21:00]   [video 736/1447] yt-dlp Z9Nbellf7e8 (1 clip(s) needed) ...
[03:21:09]     [736/1447] cutting Z9Nbellf7e8_6.mp4 (0:00:48.833 -> 0:00:53.466)
[03:21:09]   [video 737/1447] yt-dlp CHKIA8QqieQ (1 clip(s) needed) ...
[03:21:35]     [737/1447] cutting CHKIA8QqieQ_60.mp4 (0:07:08.327 -> 0:07:12.698)
[03:21:35]   [video 738/1447] yt-dlp -bSxHBELiJQ (1 clip(s) needed) ...
[03:22:41]     [738/1447] cutting -bSxHBELiJQ_9.mp4 (0:06:28.054 -> 0:06:32.692)
[03:22:42]   [video 739/1447] yt-dlp Ndg-axuUGOw (1 clip(s) needed) ...
[03:22:53]     [739/1447] cutting Ndg-axuUGOw_1.mp4 (0:00:14.300 -> 0:00:22.300)
[03:22:54]   [video 740/1447] yt-dlp vmfZSLmB3aU (1 clip(s) needed) ...
[03:23:01]     [740/1447] cutting vmfZSLmB3aU_5.mp4 (0:00:39.664 -> 0:00:47.213)
[03:23:01]   [video 741/1447] yt-dlp boBLi4mg6I8 (1 clip(s) needed) ...
[03:23:10]     [741/1447] cutting boBLi4mg6I8_11.mp4 (0:03:14.383 -> 0:03:18.583)
[03:23:10]   [video 742/1447] yt-dlp RGUM8VlQ8WY (1 clip(s) needed) ...
[03:23:31]     [742/1447] cutting RGUM8VlQ8WY_22.mp4 (0:07:27.080 -> 0:07:35.080)
[03:23:32]   [video 743/1447] yt-dlp pvaI_KPS4mU (1 clip(s) needed) ...
[03:23:59]     [743/1447] cutting pvaI_KPS4mU_2.mp4 (0:00:16.683 -> 0:00:57.924)
[03:24:01]   [video 744/1447] yt-dlp 6wQfQrGekXk (1 clip(s) needed) ...
[03:24:05]     FAILED: ERROR: [youtube] 6wQfQrGekXk: This video is not available
[03:24:05]   [video 745/1447] yt-dlp 75pNfQP2_5Y (1 clip(s) needed) ...
[03:24:25]     [745/1447] cutting 75pNfQP2_5Y_17.mp4 (0:05:47.760 -> 0:05:52.280)
[03:24:26]   [video 746/1447] yt-dlp SVS4GE0ykKk (1 clip(s) needed) ...
[03:24:59]     [746/1447] cutting SVS4GE0ykKk_57.mp4 (0:15:40.320 -> 0:15:46.060)
[03:25:00]   [video 747/1447] yt-dlp iLngzSVJhzQ (1 clip(s) needed) ...
[03:25:24]     FAILED: ERROR: 
[download] Got error: 1008 bytes read, 10104636 more expected. Giving up after 10 retries
[03:25:24]   [video 748/1447] yt-dlp qNRvdc61_uo (1 clip(s) needed) ...
[03:25:35]     [748/1447] cutting qNRvdc61_uo_5.mp4 (0:01:42.402 -> 0:01:50.543)
[03:25:35]   [video 749/1447] yt-dlp xLQp0IB4YmM (1 clip(s) needed) ...
[03:26:21]     [749/1447] cutting xLQp0IB4YmM_26.mp4 (0:04:20.176 -> 0:04:24.647)
[03:26:21]   [video 750/1447] yt-dlp h0CChr_Nyyc (1 clip(s) needed) ...
[03:26:25]     FAILED: ERROR: [youtube] h0CChr_Nyyc: This video is not available
[03:26:25]   [video 751/1447] yt-dlp DNPm3XU8sh8 (1 clip(s) needed) ...
[03:26:33]     [751/1447] cutting DNPm3XU8sh8_2.mp4 (0:00:37.971 -> 0:00:53.920)
[03:26:34]   [video 752/1447] yt-dlp wvXarvw2QBU (1 clip(s) needed) ...
[03:26:37]     FAILED: ERROR: [youtube] wvXarvw2QBU: This video is not available
[03:26:37]   [video 753/1447] yt-dlp QPsaOPH-taM (1 clip(s) needed) ...
[03:26:53]     [753/1447] cutting QPsaOPH-taM_5.mp4 (0:01:18.678 -> 0:01:24.751)
[03:26:53]   [video 754/1447] yt-dlp tX2AphEO9pM (1 clip(s) needed) ...
[03:27:08]     [754/1447] cutting tX2AphEO9pM_2.mp4 (0:04:03.276 -> 0:04:51.057)
[03:27:10]   [video 755/1447] yt-dlp 7A2Ajxjqm4o (1 clip(s) needed) ...
[03:28:04]     [755/1447] cutting 7A2Ajxjqm4o_7.mp4 (0:09:25.631 -> 0:09:29.669)
[03:28:05]   [video 756/1447] yt-dlp fIGsODN1Lv0 (1 clip(s) needed) ...
[03:28:16]     [756/1447] cutting fIGsODN1Lv0_2.mp4 (0:01:32.425 -> 0:01:52.345)
[03:28:17]   [video 757/1447] yt-dlp xttQP6V9vJg (1 clip(s) needed) ...
[03:29:01]     [757/1447] cutting xttQP6V9vJg_30.mp4 (0:06:10.920 -> 0:06:19.240)
[03:29:01]   [video 758/1447] yt-dlp 4APdt36eBr8 (1 clip(s) needed) ...
[03:29:28]     [758/1447] cutting 4APdt36eBr8_5.mp4 (0:04:01.608 -> 0:04:49.656)
[03:29:30]   [video 759/1447] yt-dlp 1VcroWfthwE (1 clip(s) needed) ...
[03:29:53]     [759/1447] cutting 1VcroWfthwE_62.mp4 (0:15:19.001 -> 0:15:39.355)
[03:29:54]   [video 760/1447] yt-dlp y_1jq2COwb4 (1 clip(s) needed) ...
[03:29:58]     FAILED: ERROR: [youtube] y_1jq2COwb4: This video is not available
[03:29:58]   [video 761/1447] yt-dlp MfnCFMBp2bw (1 clip(s) needed) ...
[03:31:05]     [761/1447] cutting MfnCFMBp2bw_45.mp4 (0:07:02.722 -> 0:07:14.450)
[03:31:06]   [video 762/1447] yt-dlp xpCY73qZu7U (1 clip(s) needed) ...
[03:31:35]     [762/1447] cutting xpCY73qZu7U_16.mp4 (0:03:29.209 -> 0:03:36.699)
[03:31:35]   [video 763/1447] yt-dlp H_pkEypgjKU (1 clip(s) needed) ...
[03:31:42]     [763/1447] cutting H_pkEypgjKU_10.mp4 (0:01:20.647 -> 0:01:28.655)
[03:31:43]   [video 764/1447] yt-dlp 6RFoMODbn7I (1 clip(s) needed) ...
[03:32:03]     [764/1447] cutting 6RFoMODbn7I_22.mp4 (0:02:57.560 -> 0:03:02.360)
[03:32:04]   [video 765/1447] yt-dlp KEFYCNnOUbM (1 clip(s) needed) ...
[03:32:13]     [765/1447] cutting KEFYCNnOUbM_8.mp4 (0:01:30.790 -> 0:01:41.468)
[03:32:13]   [video 766/1447] yt-dlp iGsdOJoC7JI (1 clip(s) needed) ...
[03:32:21]     [766/1447] cutting iGsdOJoC7JI_2.mp4 (0:00:30.330 -> 0:01:06.466)
[03:32:22]   [video 767/1447] yt-dlp PbnSXC9DIFI (1 clip(s) needed) ...
[03:32:31]     [767/1447] cutting PbnSXC9DIFI_0.mp4 (0:00:05.972 -> 0:00:54.020)
[03:32:33]   [video 768/1447] yt-dlp FTzwb6hZ3OU (1 clip(s) needed) ...
[03:33:24]     [768/1447] cutting FTzwb6hZ3OU_41.mp4 (0:05:54.053 -> 0:06:00.009)
[03:33:25]   [video 769/1447] yt-dlp orZtsbAsSco (1 clip(s) needed) ...
[03:33:36]     [769/1447] cutting orZtsbAsSco_2.mp4 (0:00:16.000 -> 0:00:24.000)
[03:33:37]   [video 770/1447] yt-dlp Vyy1H9GnmLk (1 clip(s) needed) ...
[03:36:00]     [770/1447] cutting Vyy1H9GnmLk_12.mp4 (0:02:39.866 -> 0:03:17.466)
[03:36:02]   [video 771/1447] yt-dlp bzeWf2T1f_A (1 clip(s) needed) ...
[03:36:14]     [771/1447] cutting bzeWf2T1f_A_7.mp4 (0:01:03.320 -> 0:01:07.200)
[03:36:14]   [video 772/1447] yt-dlp bs_Pxp4ZogQ (1 clip(s) needed) ...
[03:36:24]     [772/1447] cutting bs_Pxp4ZogQ_1.mp4 (0:00:06.673 -> 0:00:17.475)
[03:36:25]   [video 773/1447] yt-dlp cor5sA4utYo (1 clip(s) needed) ...
[03:36:50]     [773/1447] cutting cor5sA4utYo_22.mp4 (0:15:13.846 -> 0:15:19.685)
[03:36:51]   [video 774/1447] yt-dlp bz_ICZPgnm0 (1 clip(s) needed) ...
[03:37:02]     [774/1447] cutting bz_ICZPgnm0_1.mp4 (0:00:09.520 -> 0:00:41.440)
[03:37:03]   [video 775/1447] yt-dlp l3OIFj-qdtY (1 clip(s) needed) ...
[03:37:13]     [775/1447] cutting l3OIFj-qdtY_10.mp4 (0:00:53.033 -> 0:00:57.300)
[03:37:13]   [video 776/1447] yt-dlp 4yktkLnPUX8 (1 clip(s) needed) ...
[03:37:30]     [776/1447] cutting 4yktkLnPUX8_5.mp4 (0:01:45.805 -> 0:02:00.620)
[03:37:31]   [video 777/1447] yt-dlp 1k86z112Zrw (1 clip(s) needed) ...
[03:37:45]     [777/1447] cutting 1k86z112Zrw_28.mp4 (0:04:43.049 -> 0:04:47.053)
[03:37:45]   [video 778/1447] yt-dlp lsmVh_sF_yc (1 clip(s) needed) ...
[03:38:00]     [778/1447] cutting lsmVh_sF_yc_6.mp4 (0:01:01.686 -> 0:01:44.729)
[03:38:01]   [video 779/1447] yt-dlp zkpDmMM1pDY (1 clip(s) needed) ...
[03:38:25]     [779/1447] cutting zkpDmMM1pDY_0.mp4 (0:00:00.480 -> 0:00:04.520)
[03:38:25]   [video 780/1447] yt-dlp HWwKVsru1oM (1 clip(s) needed) ...
[03:39:03]     [780/1447] cutting HWwKVsru1oM_8.mp4 (0:03:34.966 -> 0:04:03.966)
[03:39:04]   [video 781/1447] yt-dlp BBpGE9YddAo (1 clip(s) needed) ...
[03:39:14]     [781/1447] cutting BBpGE9YddAo_6.mp4 (0:00:49.582 -> 0:01:10.770)
[03:39:14]   [video 782/1447] yt-dlp qVfve_uYuKY (1 clip(s) needed) ...
[03:39:39]     [782/1447] cutting qVfve_uYuKY_29.mp4 (0:03:42.600 -> 0:03:52.566)
[03:39:39]   [video 783/1447] yt-dlp R5WwG2mFi9w (1 clip(s) needed) ...
[03:39:42]     FAILED: ERROR: [youtube] R5WwG2mFi9w: Private video
[03:39:42]   [video 784/1447] yt-dlp NUvLB8YhD34 (1 clip(s) needed) ...
[03:40:01]     [784/1447] cutting NUvLB8YhD34_2.mp4 (0:02:52.205 -> 0:03:40.253)
[03:40:03]   [video 785/1447] yt-dlp PrQoDkG91B8 (1 clip(s) needed) ...
[03:40:42]     [785/1447] cutting PrQoDkG91B8_1.mp4 (0:00:47.947 -> 0:01:24.084)
[03:40:43]   [video 786/1447] yt-dlp D5u0wdMNjJc (1 clip(s) needed) ...
[03:40:51]     [786/1447] cutting D5u0wdMNjJc_2.mp4 (0:00:10.400 -> 0:00:24.066)
[03:40:52]   [video 787/1447] yt-dlp sQuXtqcnx7Q (1 clip(s) needed) ...
[03:40:59]     [787/1447] cutting sQuXtqcnx7Q_0.mp4 (0:00:00.867 -> 0:00:08.041)
[03:41:00]   [video 788/1447] yt-dlp 0aJkxifBWI8 (1 clip(s) needed) ...
[03:41:02]     FAILED: ERROR: [youtube] 0aJkxifBWI8: Private video
[03:41:02]   [video 789/1447] yt-dlp z0ZDiRLDSsQ (1 clip(s) needed) ...
[03:43:12]     [789/1447] cutting z0ZDiRLDSsQ_1.mp4 (0:04:42.315 -> 0:05:10.176)
[03:43:14]   [video 790/1447] yt-dlp N2dHOYIzHpM (1 clip(s) needed) ...
[03:43:27]     [790/1447] cutting N2dHOYIzHpM_18.mp4 (0:02:51.400 -> 0:02:55.440)
[03:43:27]   [video 791/1447] yt-dlp _JrQNfGKc7Y (1 clip(s) needed) ...
[03:43:41]     [791/1447] cutting _JrQNfGKc7Y_9.mp4 (0:01:18.120 -> 0:01:24.040)
[03:43:41]   [video 792/1447] yt-dlp g0aH1C4HIpw (1 clip(s) needed) ...
[03:43:57]     [792/1447] cutting g0aH1C4HIpw_1.mp4 (0:00:16.082 -> 0:00:20.520)
[03:43:58]   [video 793/1447] yt-dlp hXuA7qkC-Ss (1 clip(s) needed) ...
[03:44:14]     [793/1447] cutting hXuA7qkC-Ss_1.mp4 (0:00:37.003 -> 0:01:25.051)
[03:44:16]   [video 794/1447] yt-dlp USyVFX3pbNU (1 clip(s) needed) ...
[03:44:39]     [794/1447] cutting USyVFX3pbNU_0.mp4 (0:00:02.369 -> 0:00:21.554)
[03:44:40]   [video 795/1447] yt-dlp NxLR4GrvGX4 (1 clip(s) needed) ...
[03:44:50]     [795/1447] cutting NxLR4GrvGX4_0.mp4 (0:00:05.972 -> 0:00:54.020)
[03:44:51]   [video 806/1447] yt-dlp JyxTx7IprLA (1 clip(s) needed) ...
[03:44:54]     FAILED: ERROR: [youtube] JyxTx7IprLA: Please sign in. Use --cookies-from-browser or --cookies for the authentication. See  https://github.com/yt-dlp/yt-dlp/wiki/FAQ#how-do-i-pass-cookies-to-yt-dlp  for how to manually pass cookies. Also see  https://github.com/yt-dlp/yt-dlp/wiki/Extractors#exporting-youtube-cookies  for tips on effectively exporting YouTube cookies
[03:44:54]   [video 818/1447] yt-dlp 7Ysp436w068 (1 clip(s) needed) ...
[03:44:57]     FAILED: ERROR: [youtube] 7Ysp436w068: Please sign in. Use --cookies-from-browser or --cookies for the authentication. See  https://github.com/yt-dlp/yt-dlp/wiki/FAQ#how-do-i-pass-cookies-to-yt-dlp  for how to manually pass cookies. Also see  https://github.com/yt-dlp/yt-dlp/wiki/Extractors#exporting-youtube-cookies  for tips on effectively exporting YouTube cookies
[03:44:57]   [video 839/1447] yt-dlp cXIOnzRuLVY (1 clip(s) needed) ...
[03:45:00]     FAILED: ERROR: [youtube] cXIOnzRuLVY: This video is not available
[03:45:00]   [video 847/1447] yt-dlp Uu-xnUFtzUU (1 clip(s) needed) ...
[03:45:02]     FAILED: ERROR: [youtube] Uu-xnUFtzUU: This video is unavailable
[03:45:02]   [video 849/1447] yt-dlp hQKvQmprGgs (1 clip(s) needed) ...
[03:45:24]     [849/1447] cutting hQKvQmprGgs_32.mp4 (0:04:21.678 -> 0:04:25.932)
[03:45:25]   [video 853/1447] yt-dlp 0jahNsEZF6Y (1 clip(s) needed) ...
[03:45:36]     [853/1447] cutting 0jahNsEZF6Y_3.mp4 (0:00:36.336 -> 0:00:42.642)
[03:45:36]   [video 879/1447] yt-dlp QkcU1RJxiqQ (1 clip(s) needed) ...
[03:45:56]     [879/1447] cutting QkcU1RJxiqQ_37.mp4 (0:05:55.588 -> 0:05:58.891)
[03:45:56]   [video 885/1447] yt-dlp B4BQdr6XZYs (1 clip(s) needed) ...
[03:45:59]     FAILED: ERROR: [youtube] B4BQdr6XZYs: This video is not available
[03:45:59]   [video 914/1447] yt-dlp 45DuAAVgzmA (1 clip(s) needed) ...
[03:46:01]     FAILED: ERROR: [youtube] 45DuAAVgzmA: Private video
[03:46:01]   [video 919/1447] yt-dlp 59cWInczdiI (1 clip(s) needed) ...
[03:46:04]     FAILED: ERROR: [youtube] 59cWInczdiI: This video is not available
[03:46:04]   [video 920/1447] yt-dlp vT3I_DDLI84 (1 clip(s) needed) ...
[03:46:08]     FAILED: ERROR: [youtube] vT3I_DDLI84: This video is not available
[03:46:08]   [video 938/1447] yt-dlp QmTBkQ_f8ME (1 clip(s) needed) ...
[03:46:11]     FAILED: ERROR: [youtube] QmTBkQ_f8ME: Private video
[03:46:11]   [video 939/1447] yt-dlp 7MnqjwnQI9s (1 clip(s) needed) ...
[03:46:14]     FAILED: ERROR: [youtube] 7MnqjwnQI9s: This video is not available
[03:46:14]   [video 964/1447] yt-dlp RwVprTso1bk (1 clip(s) needed) ...
[03:46:16]     FAILED: ERROR: [youtube] RwVprTso1bk: This video is unavailable
[03:46:16]   [video 974/1447] yt-dlp 5KbeuP1yL1c (1 clip(s) needed) ...
[03:46:19]     FAILED: ERROR: [youtube] 5KbeuP1yL1c: Private video
[03:46:19]   [video 983/1447] yt-dlp IcpnrCg8LRs (1 clip(s) needed) ...
[03:46:22]     FAILED: ERROR: [youtube] IcpnrCg8LRs: This video is not available
[03:46:22]   [video 984/1447] yt-dlp x73c1WnerYk (1 clip(s) needed) ...
[03:46:24]     FAILED: ERROR: [youtube] x73c1WnerYk: This video is not available
[03:46:24]   [video 988/1447] yt-dlp EhVC-JNwPek (1 clip(s) needed) ...
[03:46:27]     FAILED: ERROR: [youtube] EhVC-JNwPek: Private video
[03:46:27]   [video 1013/1447] yt-dlp fKKLJpcSfac (1 clip(s) needed) ...
[03:46:30]     FAILED: ERROR: [youtube] fKKLJpcSfac: This video is not available
[03:46:30]   [video 1034/1447] yt-dlp cCtMhK3FxHU (1 clip(s) needed) ...
[03:46:33]     FAILED: ERROR: [youtube] cCtMhK3FxHU: This video is unavailable
[03:46:33]   [video 1045/1447] yt-dlp -HSWj-MqxIo (1 clip(s) needed) ...
[03:46:36]     FAILED: ERROR: [youtube] -HSWj-MqxIo: This video is not available
[03:46:36]   [video 1064/1447] yt-dlp mwElEhIF8NY (1 clip(s) needed) ...
[03:46:39]     FAILED: ERROR: [youtube] mwElEhIF8NY: This video is not available
[03:46:39]   [video 1083/1447] yt-dlp CmYWdJM150g (1 clip(s) needed) ...
[03:46:48]     [1083/1447] cutting CmYWdJM150g_2.mp4 (0:00:31.280 -> 0:00:36.400)
[03:46:48]   [video 1084/1447] yt-dlp oKZX_wjmMzg (1 clip(s) needed) ...
[03:46:51]     FAILED: ERROR: [youtube] oKZX_wjmMzg: Video unavailable
[03:46:51]   [video 1120/1447] yt-dlp FSr_7mysNaE (1 clip(s) needed) ...
[03:46:54]     FAILED: ERROR: [youtube] FSr_7mysNaE: Please sign in. Use --cookies-from-browser or --cookies for the authentication. See  https://github.com/yt-dlp/yt-dlp/wiki/FAQ#how-do-i-pass-cookies-to-yt-dlp  for how to manually pass cookies. Also see  https://github.com/yt-dlp/yt-dlp/wiki/Extractors#exporting-youtube-cookies  for tips on effectively exporting YouTube cookies
[03:46:54]   [video 1122/1447] yt-dlp g6NJa_4L5xE (1 clip(s) needed) ...
[03:46:57]     FAILED: ERROR: [youtube] g6NJa_4L5xE: This video is not available
[03:46:57]   [video 1129/1447] yt-dlp ZQ-nxOMAFjE (1 clip(s) needed) ...
[03:47:00]     FAILED: ERROR: [youtube] ZQ-nxOMAFjE: Private video
[03:47:00]   [video 1132/1447] yt-dlp nU6HamRjLDQ (1 clip(s) needed) ...
[03:47:03]     FAILED: ERROR: [youtube] nU6HamRjLDQ: This video is not available
[03:47:03]   [video 1150/1447] yt-dlp YuL890Wlt-Y (1 clip(s) needed) ...
[03:47:06]     FAILED: ERROR: [youtube] YuL890Wlt-Y: This video is not available
[03:47:06]   [video 1163/1447] yt-dlp LRHPBfc9T4Y (1 clip(s) needed) ...
[03:47:09]     FAILED: ERROR: [youtube] LRHPBfc9T4Y: This video is not available
[03:47:09]   [video 1172/1447] yt-dlp mCTLZkym-rs (1 clip(s) needed) ...
[03:47:12]     FAILED: ERROR: [youtube] mCTLZkym-rs: This video is not available
[03:47:12]   [video 1190/1447] yt-dlp BeIFslm6uRA (1 clip(s) needed) ...
[03:47:14]     FAILED: ERROR: [youtube] BeIFslm6uRA: This video is unavailable
[03:47:14]   [video 1205/1447] yt-dlp tBaB3Fb1Qoo (1 clip(s) needed) ...
[03:47:24]     [1205/1447] cutting tBaB3Fb1Qoo_4.mp4 (0:02:31.484 -> 0:03:19.265)
[03:47:25]   [video 1211/1447] yt-dlp OIvg-dVFP2k (1 clip(s) needed) ...
[03:47:42]     [1211/1447] cutting OIvg-dVFP2k_11.mp4 (0:04:15.040 -> 0:04:19.960)
[03:47:42]   [video 1218/1447] yt-dlp bs4F_VJwmS0 (1 clip(s) needed) ...
[03:47:45]     FAILED: ERROR: [youtube] bs4F_VJwmS0: This video is unavailable
[03:47:45]   [video 1219/1447] yt-dlp LPgG2r_6lJ0 (1 clip(s) needed) ...
[03:47:48]     FAILED: ERROR: [youtube] LPgG2r_6lJ0: This video is unavailable
[03:47:48]   [video 1232/1447] yt-dlp BDSvH1FXoZg (1 clip(s) needed) ...
[03:47:51]     FAILED: ERROR: [youtube] BDSvH1FXoZg: This video is not available
[03:47:51]   [video 1238/1447] yt-dlp 336vZDwrNlM (1 clip(s) needed) ...
[03:47:54]     FAILED: ERROR: [youtube] 336vZDwrNlM: This video is not available
[03:47:54]   [video 1245/1447] yt-dlp zKItF7Jxpwg (1 clip(s) needed) ...
[03:47:57]     FAILED: ERROR: [youtube] zKItF7Jxpwg: This video is not available
[03:47:57]   [video 1260/1447] yt-dlp sATv0b2qD-8 (1 clip(s) needed) ...
[03:48:00]     FAILED: ERROR: [youtube] sATv0b2qD-8: This video is not available
[03:48:00]   [video 1275/1447] yt-dlp Hl1JtZH4kS8 (1 clip(s) needed) ...
[03:53:01]     FAILED: yt-dlp did not finish within 300s -- timed out
[03:53:01]   [video 1276/1447] yt-dlp CKkQNy4ZlLM (1 clip(s) needed) ...
[03:53:14]     [1276/1447] cutting CKkQNy4ZlLM_5.mp4 (0:02:20.014 -> 0:03:08.062)
[03:53:15]   [video 1285/1447] yt-dlp Qq25hjIw7yE (1 clip(s) needed) ...
[03:53:18]     FAILED: ERROR: [youtube] Qq25hjIw7yE: Video unavailable
[03:53:18]   [video 1286/1447] yt-dlp LMYYSCPxNwo (1 clip(s) needed) ...
[03:53:21]     FAILED: ERROR: [youtube] LMYYSCPxNwo: Private video
[03:53:21]   [video 1297/1447] yt-dlp mXyX8X9_dac (1 clip(s) needed) ...
[03:53:23]     FAILED: ERROR: [youtube] mXyX8X9_dac: Video unavailable
[03:53:23]   [video 1304/1447] yt-dlp rssL-LoTdv0 (1 clip(s) needed) ...
[03:53:26]     FAILED: ERROR: [youtube] rssL-LoTdv0: This video is not available
[03:53:26]   [video 1311/1447] yt-dlp lqlCWAy8zM4 (1 clip(s) needed) ...
[03:53:29]     FAILED: ERROR: [youtube] lqlCWAy8zM4: Private video
[03:53:29]   [video 1322/1447] yt-dlp evJ7n1lbrWo (1 clip(s) needed) ...
[03:53:32]     FAILED: ERROR: [youtube] evJ7n1lbrWo: This video is not available
[03:53:32]   [video 1333/1447] yt-dlp EdxvQNBiCkE (1 clip(s) needed) ...
[03:53:58]     [1333/1447] cutting EdxvQNBiCkE_32.mp4 (0:06:01.561 -> 0:06:13.072)
[03:53:59]   [video 1338/1447] yt-dlp kww3XxLFA-0 (1 clip(s) needed) ...
[03:54:07]     [1338/1447] cutting kww3XxLFA-0_2.mp4 (0:00:45.520 -> 0:00:54.200)
[03:54:08]   [video 1348/1447] yt-dlp 1Hrhs25U_Gs (1 clip(s) needed) ...
[03:54:46]     [1348/1447] cutting 1Hrhs25U_Gs_16.mp4 (0:08:57.103 -> 0:09:18.691)
[03:54:47]   [video 1353/1447] yt-dlp Dm5gI-rU9Mk (1 clip(s) needed) ...
[03:54:49]     FAILED: ERROR: [youtube] Dm5gI-rU9Mk: Private video
[03:54:49]   [video 1356/1447] yt-dlp 12F67Onylmo (1 clip(s) needed) ...
[03:54:52]     FAILED: ERROR: [youtube] 12F67Onylmo: Video unavailable
[03:54:52]   [video 1361/1447] yt-dlp qSxHQtOv2JI (1 clip(s) needed) ...
[03:54:55]     FAILED: ERROR: [youtube] qSxHQtOv2JI: Please sign in. Use --cookies-from-browser or --cookies for the authentication. See  https://github.com/yt-dlp/yt-dlp/wiki/FAQ#how-do-i-pass-cookies-to-yt-dlp  for how to manually pass cookies. Also see  https://github.com/yt-dlp/yt-dlp/wiki/Extractors#exporting-youtube-cookies  for tips on effectively exporting YouTube cookies
[03:54:55]   [video 1362/1447] yt-dlp -4Gz0ZdBygU (1 clip(s) needed) ...
[03:54:59]     FAILED: ERROR: [youtube] -4Gz0ZdBygU: This video is not available
[03:54:59]   [video 1363/1447] yt-dlp HwgtTKUtqGo (1 clip(s) needed) ...
[03:55:02]     FAILED: ERROR: [youtube] HwgtTKUtqGo: This video is unavailable
[03:55:02]   [video 1369/1447] yt-dlp xQZv1D2en4o (1 clip(s) needed) ...
[03:55:06]     FAILED: ERROR: [youtube] xQZv1D2en4o: This video is not available
[03:55:06]   [video 1379/1447] yt-dlp QdO7sr6U0M8 (1 clip(s) needed) ...
[03:55:08]     FAILED: ERROR: [youtube] QdO7sr6U0M8: Private video
[03:55:08]   [video 1393/1447] yt-dlp Y2o8upCxcqA (1 clip(s) needed) ...
[03:55:19]     [1393/1447] cutting Y2o8upCxcqA_6.mp4 (0:01:46.906 -> 0:02:13.766)
[03:55:21]   [video 1405/1447] yt-dlp 7GzStsyDF5g (1 clip(s) needed) ...
[03:55:24]     FAILED: ERROR: [youtube] 7GzStsyDF5g: Private video
[03:55:24]   [video 1406/1447] yt-dlp ntuln49dq3U (1 clip(s) needed) ...
[03:55:26]     FAILED: ERROR: [youtube] ntuln49dq3U: Private video
[03:55:26]   [video 1413/1447] yt-dlp N1RIaoB5wZA (1 clip(s) needed) ...
[03:55:29]     FAILED: ERROR: [youtube] N1RIaoB5wZA: This video is unavailable
[03:55:29]   [video 1416/1447] yt-dlp 1phkBuTJkXI (1 clip(s) needed) ...
[03:55:32]     FAILED: ERROR: [youtube] 1phkBuTJkXI: This video is not available
[03:55:32]   [video 1426/1447] yt-dlp 5Ni4INZbgNQ (1 clip(s) needed) ...
[03:55:35]     FAILED: ERROR: [youtube] 5Ni4INZbgNQ: This video has been removed for violating YouTube's Terms of Service
[03:55:35]   [video 1429/1447] yt-dlp oRHk5IChr8w (1 clip(s) needed) ...
[03:55:37]     FAILED: ERROR: [youtube] oRHk5IChr8w: Private video
[03:55:37]   [video 1447/1447] yt-dlp I7-AsnTtEkA (1 clip(s) needed) ...
[03:55:52]     [1447/1447] cutting I7-AsnTtEkA_7.mp4 (0:02:47.900 -> 0:02:52.233)
[03:55:52] ======================================================================
[03:55:52] Cleaning up raw-download scratch dir (should already be empty -- per-video cleanup above)
[03:55:52] ======================================================================
[03:55:52] DONE. requested=1447 downloaded=310 youtube_download_failed=130 ffmpeg_cut_failed=0 already_exists=1007
[03:55:52] Summary written to /scratch/users/anirban/tamaghnam/latentvans/data/panda70m_clips_val/download_summary.json
[03:55:52] ======================================================================
[03:55:52] IMPORTANT: run verify_panda70m_clips.py against this output before trusting it -- this script was just rewritten to use TwiFF's own meta_data.start/end instead of the old, confirmed-wrong Panda-70M-mirror index lookup, and that rewrite has never been verified against real downloaded content at any scale before this run. Spot-check a real sample of thumbnails (not just a couple) before trusting this for training, given the full-dataset size of this run. See this script's module docstring. If `already_exists` above is nonzero and --output_dir was ever used by an older version of this script, re-run with --force_recut to guarantee no stale clips survive -- see module docstring, 'CONFIRMED BUG (2026-09-08)'.
===== Download Panda-70M clips (full dataset) completed — see /scratch/users/anirban/tamaghnam/latentvans/data/panda70m_clips_val/download_summary.json =====
End: Wed Sep 16 03:55:53 AM IST 2026
