===== Download Panda-70M Clips (full dataset) =====
Job ID: 59195
Node: cn1.cds.iisc.in
Start: Wed Sep 16 04:23:53 PM IST 2026
METADATA_DIR=/scratch/users/anirban/tamaghnam/latentvans/data/twiff_metadata_val
OUTPUT_DIR=/scratch/users/anirban/tamaghnam/latentvans/data/panda70m_clips_val
Requirement already satisfied: yt-dlp in /scratch/users/anirban/tamaghnam/envs/latentvans/lib/python3.11/site-packages (2026.8.19)
Requirement already satisfied: datasets in /scratch/users/anirban/tamaghnam/envs/latentvans/lib/python3.11/site-packages (5.0.1)
Requirement already satisfied: filelock in /scratch/users/anirban/tamaghnam/envs/latentvans/lib/python3.11/site-packages (from datasets) (3.32.5)
Requirement already satisfied: numpy>=1.17 in /scratch/users/anirban/tamaghnam/envs/latentvans/lib/python3.11/site-packages (from datasets) (2.4.6)
Requirement already satisfied: pyarrow>=21.0.0 in /scratch/users/anirban/tamaghnam/envs/latentvans/lib/python3.11/site-packages (from datasets) (25.0.1)
Requirement already satisfied: dill<0.4.2,>=0.3.0 in /scratch/users/anirban/tamaghnam/envs/latentvans/lib/python3.11/site-packages (from datasets) (0.4.1)
Requirement already satisfied: pandas in /scratch/users/anirban/tamaghnam/envs/latentvans/lib/python3.11/site-packages (from datasets) (3.0.5)
Requirement already satisfied: requests>=2.32.2 in /scratch/users/anirban/tamaghnam/envs/latentvans/lib/python3.11/site-packages (from datasets) (2.34.2)
Requirement already satisfied: httpx<1.0.0 in /scratch/users/anirban/tamaghnam/envs/latentvans/lib/python3.11/site-packages (from datasets) (0.28.1)
Requirement already satisfied: tqdm>=4.66.3 in /scratch/users/anirban/tamaghnam/envs/latentvans/lib/python3.11/site-packages (from datasets) (4.70.0)
Requirement already satisfied: xxhash in /scratch/users/anirban/tamaghnam/envs/latentvans/lib/python3.11/site-packages (from datasets) (4.0.1)
Requirement already satisfied: multiprocess<0.70.20 in /scratch/users/anirban/tamaghnam/envs/latentvans/lib/python3.11/site-packages (from datasets) (0.70.19)
Requirement already satisfied: fsspec<=2026.6.0,>=2023.1.0 in /scratch/users/anirban/tamaghnam/envs/latentvans/lib/python3.11/site-packages (from fsspec[http]<=2026.6.0,>=2023.1.0->datasets) (2026.6.0)
Requirement already satisfied: huggingface-hub<2.0,>=0.25.0 in /scratch/users/anirban/tamaghnam/envs/latentvans/lib/python3.11/site-packages (from datasets) (1.31.0)
Requirement already satisfied: packaging in /scratch/users/anirban/tamaghnam/envs/latentvans/lib/python3.11/site-packages (from datasets) (26.3)
Requirement already satisfied: pyyaml>=5.1 in /scratch/users/anirban/tamaghnam/envs/latentvans/lib/python3.11/site-packages (from datasets) (6.0.3)
Requirement already satisfied: aiohttp!=4.0.0a0,!=4.0.0a1 in /scratch/users/anirban/tamaghnam/envs/latentvans/lib/python3.11/site-packages (from fsspec[http]<=2026.6.0,>=2023.1.0->datasets) (3.14.3)
Requirement already satisfied: anyio in /scratch/users/anirban/tamaghnam/envs/latentvans/lib/python3.11/site-packages (from httpx<1.0.0->datasets) (4.15.1)
Requirement already satisfied: certifi in /scratch/users/anirban/tamaghnam/envs/latentvans/lib/python3.11/site-packages (from httpx<1.0.0->datasets) (2026.7.22)
Requirement already satisfied: httpcore==1.* in /scratch/users/anirban/tamaghnam/envs/latentvans/lib/python3.11/site-packages (from httpx<1.0.0->datasets) (1.0.9)
Requirement already satisfied: idna in /scratch/users/anirban/tamaghnam/envs/latentvans/lib/python3.11/site-packages (from httpx<1.0.0->datasets) (3.19)
Requirement already satisfied: h11>=0.16 in /scratch/users/anirban/tamaghnam/envs/latentvans/lib/python3.11/site-packages (from httpcore==1.*->httpx<1.0.0->datasets) (0.16.0)
Requirement already satisfied: click<9.0.0,>=8.4.2 in /scratch/users/anirban/tamaghnam/envs/latentvans/lib/python3.11/site-packages (from huggingface-hub<2.0,>=0.25.0->datasets) (8.5.0)
Requirement already satisfied: hf-xet<2.0.0,>=1.5.2 in /scratch/users/anirban/tamaghnam/envs/latentvans/lib/python3.11/site-packages (from huggingface-hub<2.0,>=0.25.0->datasets) (1.6.0)
Requirement already satisfied: typing-extensions>=4.1.0 in /scratch/users/anirban/tamaghnam/envs/latentvans/lib/python3.11/site-packages (from huggingface-hub<2.0,>=0.25.0->datasets) (4.16.0)
Requirement already satisfied: aiohappyeyeballs>=2.5.0 in /scratch/users/anirban/tamaghnam/envs/latentvans/lib/python3.11/site-packages (from aiohttp!=4.0.0a0,!=4.0.0a1->fsspec[http]<=2026.6.0,>=2023.1.0->datasets) (2.7.1)
Requirement already satisfied: aiosignal>=1.4.0 in /scratch/users/anirban/tamaghnam/envs/latentvans/lib/python3.11/site-packages (from aiohttp!=4.0.0a0,!=4.0.0a1->fsspec[http]<=2026.6.0,>=2023.1.0->datasets) (1.4.0)
Requirement already satisfied: attrs>=17.3.0 in /scratch/users/anirban/tamaghnam/envs/latentvans/lib/python3.11/site-packages (from aiohttp!=4.0.0a0,!=4.0.0a1->fsspec[http]<=2026.6.0,>=2023.1.0->datasets) (26.1.0)
Requirement already satisfied: frozenlist>=1.1.1 in /scratch/users/anirban/tamaghnam/envs/latentvans/lib/python3.11/site-packages (from aiohttp!=4.0.0a0,!=4.0.0a1->fsspec[http]<=2026.6.0,>=2023.1.0->datasets) (1.8.0)
Requirement already satisfied: multidict<7.0,>=4.5 in /scratch/users/anirban/tamaghnam/envs/latentvans/lib/python3.11/site-packages (from aiohttp!=4.0.0a0,!=4.0.0a1->fsspec[http]<=2026.6.0,>=2023.1.0->datasets) (6.7.1)
Requirement already satisfied: propcache>=0.2.0 in /scratch/users/anirban/tamaghnam/envs/latentvans/lib/python3.11/site-packages (from aiohttp!=4.0.0a0,!=4.0.0a1->fsspec[http]<=2026.6.0,>=2023.1.0->datasets) (0.5.2)
Requirement already satisfied: yarl<2.0,>=1.17.0 in /scratch/users/anirban/tamaghnam/envs/latentvans/lib/python3.11/site-packages (from aiohttp!=4.0.0a0,!=4.0.0a1->fsspec[http]<=2026.6.0,>=2023.1.0->datasets) (1.24.5)
Requirement already satisfied: charset_normalizer<4,>=2 in /scratch/users/anirban/tamaghnam/envs/latentvans/lib/python3.11/site-packages (from requests>=2.32.2->datasets) (3.5.1)
Requirement already satisfied: urllib3<3,>=1.26 in /scratch/users/anirban/tamaghnam/envs/latentvans/lib/python3.11/site-packages (from requests>=2.32.2->datasets) (2.7.0)
Requirement already satisfied: python-dateutil>=2.8.2 in /scratch/users/anirban/tamaghnam/envs/latentvans/lib/python3.11/site-packages (from pandas->datasets) (2.9.0.post0)
Requirement already satisfied: six>=1.5 in /scratch/users/anirban/tamaghnam/envs/latentvans/lib/python3.11/site-packages (from python-dateutil>=2.8.2->pandas->datasets) (1.17.0)
[16:23:58] ======================================================================
[16:23:58] Loading all TwiFF targets from /scratch/users/anirban/tamaghnam/latentvans/data/twiff_metadata_val
[16:23:58] ======================================================================
[16:24:03] 1447 distinct clip files targeted for this run (start/end taken directly from each row's own meta_data)
[16:24:03] 1447 distinct source YouTube videos among those targets
[16:24:03] ======================================================================
[16:24:03] Downloading + cutting clips (grouped by source video)
[16:24:03] ======================================================================
[16:24:03]   [video 35/1447] yt-dlp fapIwPCp3o0 (1 clip(s) needed) ...
[16:24:07]     FAILED: ERROR: [youtube] fapIwPCp3o0: This video is unavailable
[16:24:07]   [video 36/1447] yt-dlp KhaqO_OwMTM (1 clip(s) needed) ...
[16:24:11]     FAILED: ERROR: [youtube] KhaqO_OwMTM: Private video
[16:24:11]   [video 46/1447] yt-dlp Mx5uVnkhgAc (1 clip(s) needed) ...
[16:24:15]     FAILED: ERROR: [youtube] Mx5uVnkhgAc: This video is not available
[16:24:15]   [video 48/1447] yt-dlp B8S7IIld_LY (1 clip(s) needed) ...
[16:24:19]     FAILED: ERROR: [youtube] B8S7IIld_LY: This video is not available
[16:24:19]   [video 59/1447] yt-dlp RC_H5zWcWyU (1 clip(s) needed) ...
[16:24:22]     FAILED: ERROR: [youtube] RC_H5zWcWyU: This video is not available
[16:24:22]   [video 66/1447] yt-dlp siEPcXG1x6w (1 clip(s) needed) ...
[16:24:29]     FAILED: ERROR: [youtube] siEPcXG1x6w: Video unavailable
[16:24:29]   [video 79/1447] yt-dlp 4jWfUT9TgB0 (1 clip(s) needed) ...
[16:24:41]     FAILED: ERROR: [youtube] 4jWfUT9TgB0: This video is unavailable
[16:24:41]   [video 83/1447] yt-dlp ZbhMqt2pDnw (1 clip(s) needed) ...
[16:24:45]     FAILED: ERROR: [youtube] ZbhMqt2pDnw: This video is not available
[16:24:45]   [video 90/1447] yt-dlp Nroha6OMV_k (1 clip(s) needed) ...
[16:24:48]     FAILED: ERROR: [youtube] Nroha6OMV_k: This video is unavailable
[16:24:48]   [video 97/1447] yt-dlp ojSdG7ZFXYQ (1 clip(s) needed) ...
[16:24:53]     FAILED: ERROR: [youtube] ojSdG7ZFXYQ: This video is not available
[16:24:53]   [video 105/1447] yt-dlp AZon22jsW5I (1 clip(s) needed) ...
[16:24:57]     FAILED: ERROR: [youtube] AZon22jsW5I: This video is not available
[16:24:57]   [video 120/1447] yt-dlp DvRg7Oh6pes (1 clip(s) needed) ...
[16:25:00]     FAILED: ERROR: [youtube] DvRg7Oh6pes: Private video
[16:25:00]   [video 170/1447] yt-dlp -UD8Gtz96s0 (1 clip(s) needed) ...
[16:25:04]     FAILED: ERROR: [youtube] -UD8Gtz96s0: This video is not available
[16:25:04]   [video 175/1447] yt-dlp t_fXRl8QMZ8 (1 clip(s) needed) ...
[16:25:07]     FAILED: ERROR: [youtube] t_fXRl8QMZ8: This video is unavailable
[16:25:07]   [video 178/1447] yt-dlp ICrpW8_IkBY (1 clip(s) needed) ...
[16:25:11]     FAILED: ERROR: [youtube] ICrpW8_IkBY: This video is unavailable
[16:25:11]   [video 209/1447] yt-dlp 62g-ep-MLBQ (1 clip(s) needed) ...
[16:25:14]     FAILED: ERROR: [youtube] 62g-ep-MLBQ: Private video
[16:25:14]   [video 227/1447] yt-dlp n0u9R2iygg4 (1 clip(s) needed) ...
[16:25:18]     FAILED: ERROR: [youtube] n0u9R2iygg4: This video is unavailable
[16:25:18]   [video 228/1447] yt-dlp RshiaNKHr7M (1 clip(s) needed) ...
[16:25:23]     FAILED: ERROR: [youtube] RshiaNKHr7M: This video is not available
[16:25:23]   [video 234/1447] yt-dlp BPDfWslxYNQ (1 clip(s) needed) ...
[16:25:28]     FAILED: ERROR: [youtube] BPDfWslxYNQ: This video is not available
[16:25:28]   [video 243/1447] yt-dlp j_ffvv-hD9w (1 clip(s) needed) ...
[16:25:32]     FAILED: ERROR: [youtube] j_ffvv-hD9w: Private video
[16:25:32]   [video 260/1447] yt-dlp A8CaQtJaj3Q (1 clip(s) needed) ...
[16:25:35]     FAILED: ERROR: [youtube] A8CaQtJaj3Q: Private video
[16:25:35]   [video 274/1447] yt-dlp sUx0E-9U2KM (1 clip(s) needed) ...
[16:25:39]     FAILED: ERROR: [youtube] sUx0E-9U2KM: Private video
[16:25:39]   [video 275/1447] yt-dlp vXXiyIGqliE (1 clip(s) needed) ...
[16:25:43]     FAILED: ERROR: [youtube] vXXiyIGqliE: This video is not available
[16:25:43]   [video 279/1447] yt-dlp NE5WaajFpno (1 clip(s) needed) ...
[16:25:47]     FAILED: ERROR: [youtube] NE5WaajFpno: This video is unavailable
[16:25:47]   [video 310/1447] yt-dlp D33s_Yy6Y2g (1 clip(s) needed) ...
[16:25:51]     FAILED: ERROR: [youtube] D33s_Yy6Y2g: This video is not available
[16:25:51]   [video 315/1447] yt-dlp wEVl8EUOD_U (1 clip(s) needed) ...
[16:25:54]     FAILED: ERROR: [youtube] wEVl8EUOD_U: Private video
[16:25:55]   [video 325/1447] yt-dlp nZVDmQJnn1w (1 clip(s) needed) ...
[16:25:58]     FAILED: ERROR: [youtube] nZVDmQJnn1w: Video unavailable
[16:25:58]   [video 326/1447] yt-dlp qT-iqej5jDk (1 clip(s) needed) ...
[16:26:03]     FAILED: ERROR: [youtube] qT-iqej5jDk: Private video
[16:26:03]   [video 339/1447] yt-dlp Y80rtP3zZFU (1 clip(s) needed) ...
[16:26:08]     FAILED: ERROR: [youtube] Y80rtP3zZFU: This video is not available
[16:26:08]   [video 354/1447] yt-dlp XZccfMWd5aM (1 clip(s) needed) ...
[16:26:12]     FAILED: ERROR: [youtube] XZccfMWd5aM: Please sign in. Use --cookies-from-browser or --cookies for the authentication. See  https://github.com/yt-dlp/yt-dlp/wiki/FAQ#how-do-i-pass-cookies-to-yt-dlp  for how to manually pass cookies. Also see  https://github.com/yt-dlp/yt-dlp/wiki/Extractors#exporting-youtube-cookies  for tips on effectively exporting YouTube cookies
[16:26:12]   [video 359/1447] yt-dlp onqgiu-OPfw (1 clip(s) needed) ...
[16:26:16]     FAILED: ERROR: [youtube] onqgiu-OPfw: This video is not available
[16:26:16]   [video 364/1447] yt-dlp 2e8na1xKMsU (1 clip(s) needed) ...
[16:26:19]     FAILED: ERROR: [youtube] 2e8na1xKMsU: This video is not available
[16:26:19]   [video 365/1447] yt-dlp CwMgn2m1dLE (1 clip(s) needed) ...
[16:26:24]     FAILED: ERROR: [youtube] CwMgn2m1dLE: This video is not available
[16:26:24]   [video 403/1447] yt-dlp 9DKNbhgDBN4 (1 clip(s) needed) ...
[16:26:28]     FAILED: ERROR: [youtube] 9DKNbhgDBN4: Private video
[16:26:28]   [video 413/1447] yt-dlp 2OLnbcFfqqk (1 clip(s) needed) ...
[16:26:34]     FAILED: ERROR: [youtube] 2OLnbcFfqqk: This video is unavailable
[16:26:34]   [video 417/1447] yt-dlp xGZOLU3cLZE (1 clip(s) needed) ...
[16:26:38]     FAILED: ERROR: [youtube] xGZOLU3cLZE: Please sign in. Use --cookies-from-browser or --cookies for the authentication. See  https://github.com/yt-dlp/yt-dlp/wiki/FAQ#how-do-i-pass-cookies-to-yt-dlp  for how to manually pass cookies. Also see  https://github.com/yt-dlp/yt-dlp/wiki/Extractors#exporting-youtube-cookies  for tips on effectively exporting YouTube cookies
[16:26:38]   [video 418/1447] yt-dlp Sys_dCVnhmQ (1 clip(s) needed) ...
[16:26:42]     FAILED: ERROR: [youtube] Sys_dCVnhmQ: Private video
[16:26:42]   [video 420/1447] yt-dlp l8FMRh4nNx0 (1 clip(s) needed) ...
[16:26:46]     FAILED: ERROR: [youtube] l8FMRh4nNx0: This video is not available
[16:26:46]   [video 446/1447] yt-dlp xJZyODnVefQ (1 clip(s) needed) ...
[16:26:51]     FAILED: ERROR: [youtube] xJZyODnVefQ: This video is not available
[16:26:51]   [video 458/1447] yt-dlp i3zMyH2ovXM (1 clip(s) needed) ...
[16:26:55]     FAILED: ERROR: [youtube] i3zMyH2ovXM: This video is not available
[16:26:55]   [video 476/1447] yt-dlp vlK5PAqx-iY (1 clip(s) needed) ...
[16:26:59]     FAILED: ERROR: [youtube] vlK5PAqx-iY: This video is unavailable
[16:26:59]   [video 491/1447] yt-dlp W7Xw7hbpqm0 (1 clip(s) needed) ...
[16:27:03]     FAILED: ERROR: [youtube] W7Xw7hbpqm0: Please sign in. Use --cookies-from-browser or --cookies for the authentication. See  https://github.com/yt-dlp/yt-dlp/wiki/FAQ#how-do-i-pass-cookies-to-yt-dlp  for how to manually pass cookies. Also see  https://github.com/yt-dlp/yt-dlp/wiki/Extractors#exporting-youtube-cookies  for tips on effectively exporting YouTube cookies
[16:27:03]   [video 508/1447] yt-dlp LTNh1bL_J7k (1 clip(s) needed) ...
[16:27:06]     FAILED: ERROR: [youtube] LTNh1bL_J7k: Private video
[16:27:06]   [video 529/1447] yt-dlp EssAMxLuNgU (1 clip(s) needed) ...
[16:27:11]     FAILED: ERROR: [youtube] EssAMxLuNgU: This video is not available
[16:27:11]   [video 530/1447] yt-dlp _JOnWF0oO8U (1 clip(s) needed) ...
[16:27:15]     FAILED: ERROR: [youtube] _JOnWF0oO8U: Please sign in. Use --cookies-from-browser or --cookies for the authentication. See  https://github.com/yt-dlp/yt-dlp/wiki/FAQ#how-do-i-pass-cookies-to-yt-dlp  for how to manually pass cookies. Also see  https://github.com/yt-dlp/yt-dlp/wiki/Extractors#exporting-youtube-cookies  for tips on effectively exporting YouTube cookies
[16:27:15]   [video 536/1447] yt-dlp cKJmph5_EjE (1 clip(s) needed) ...
[16:27:18]     FAILED: ERROR: [youtube] cKJmph5_EjE: Video unavailable
[16:27:18]   [video 542/1447] yt-dlp eIl17N70LlU (1 clip(s) needed) ...
[16:27:22]     FAILED: ERROR: [youtube] eIl17N70LlU: This video is not available
[16:27:22]   [video 551/1447] yt-dlp DgocWmXSWW4 (1 clip(s) needed) ...
[16:27:26]     FAILED: ERROR: [youtube] DgocWmXSWW4: Video unavailable
[16:27:26]   [video 559/1447] yt-dlp j6a25HzuLyA (1 clip(s) needed) ...
[16:27:33]     FAILED: ERROR: [youtube] j6a25HzuLyA: Sign in to confirm your age. Use --cookies-from-browser or --cookies for the authentication. See  https://github.com/yt-dlp/yt-dlp/wiki/FAQ#how-do-i-pass-cookies-to-yt-dlp  for how to manually pass cookies. Also see  https://github.com/yt-dlp/yt-dlp/wiki/Extractors#exporting-youtube-cookies  for tips on effectively exporting YouTube cookies
[16:27:33]   [video 562/1447] yt-dlp oL5VJPxtRhk (1 clip(s) needed) ...
[16:27:36]     FAILED: ERROR: [youtube] oL5VJPxtRhk: This video is not available
[16:27:36]   [video 563/1447] yt-dlp 8fdMfR_1_cU (1 clip(s) needed) ...
[16:27:40]     FAILED: ERROR: [youtube] 8fdMfR_1_cU: This video is not available
[16:27:40]   [video 569/1447] yt-dlp _02V2KC-M40 (1 clip(s) needed) ...
[16:27:44]     FAILED: ERROR: [youtube] _02V2KC-M40: Private video
[16:27:44]   [video 578/1447] yt-dlp tzX1b3vqjP4 (1 clip(s) needed) ...
[16:27:47]     FAILED: ERROR: [youtube] tzX1b3vqjP4: Private video
[16:27:47]   [video 595/1447] yt-dlp Maf9hBGROeo (1 clip(s) needed) ...
[16:27:50]     FAILED: ERROR: [youtube] Maf9hBGROeo: Private video
[16:27:50]   [video 599/1447] yt-dlp GXK_VgAz4Eo (1 clip(s) needed) ...
[16:27:54]     FAILED: ERROR: [youtube] GXK_VgAz4Eo: This video is not available
[16:27:54]   [video 600/1447] yt-dlp 8XkgrRtF2CQ (1 clip(s) needed) ...
[16:28:02]     FAILED: ERROR: [youtube] 8XkgrRtF2CQ: This video is unavailable
[16:28:02]   [video 604/1447] yt-dlp JcLJNIspKMU (1 clip(s) needed) ...
[16:28:05]     FAILED: ERROR: [youtube] JcLJNIspKMU: Private video
[16:28:05]   [video 631/1447] yt-dlp IZhE0IFhpVQ (1 clip(s) needed) ...
[16:28:14]     FAILED: ERROR: [youtube] IZhE0IFhpVQ: Sign in to confirm your age. Use --cookies-from-browser or --cookies for the authentication. See  https://github.com/yt-dlp/yt-dlp/wiki/FAQ#how-do-i-pass-cookies-to-yt-dlp  for how to manually pass cookies. Also see  https://github.com/yt-dlp/yt-dlp/wiki/Extractors#exporting-youtube-cookies  for tips on effectively exporting YouTube cookies
[16:28:14]   [video 638/1447] yt-dlp 7hYwxgH3sQg (1 clip(s) needed) ...
[16:28:18]     FAILED: ERROR: [youtube] 7hYwxgH3sQg: Please sign in. Use --cookies-from-browser or --cookies for the authentication. See  https://github.com/yt-dlp/yt-dlp/wiki/FAQ#how-do-i-pass-cookies-to-yt-dlp  for how to manually pass cookies. Also see  https://github.com/yt-dlp/yt-dlp/wiki/Extractors#exporting-youtube-cookies  for tips on effectively exporting YouTube cookies
[16:28:18]   [video 641/1447] yt-dlp h9uKCwMy_ZE (1 clip(s) needed) ...
[16:28:21]     FAILED: ERROR: [youtube] h9uKCwMy_ZE: This video is not available
[16:28:21]   [video 649/1447] yt-dlp z7057eXxbDI (1 clip(s) needed) ...
[16:28:27]     FAILED: ERROR: [youtube] z7057eXxbDI: This video is unavailable
[16:28:27]   [video 672/1447] yt-dlp Ih9glhIsB1M (1 clip(s) needed) ...
[16:28:30]     FAILED: ERROR: [youtube] Ih9glhIsB1M: This video is not available
[16:28:30]   [video 695/1447] yt-dlp Feqj17K8lk0 (1 clip(s) needed) ...
[16:28:34]     FAILED: ERROR: [youtube] Feqj17K8lk0: This video is unavailable
[16:28:34]   [video 697/1447] yt-dlp fS3r5CQIQJc (1 clip(s) needed) ...
[16:28:37]     FAILED: ERROR: [youtube] fS3r5CQIQJc: This video is not available
[16:28:37]   [video 708/1447] yt-dlp DVwuhcJzyQ8 (1 clip(s) needed) ...
[16:28:41]     FAILED: ERROR: [youtube] DVwuhcJzyQ8: Please sign in. Use --cookies-from-browser or --cookies for the authentication. See  https://github.com/yt-dlp/yt-dlp/wiki/FAQ#how-do-i-pass-cookies-to-yt-dlp  for how to manually pass cookies. Also see  https://github.com/yt-dlp/yt-dlp/wiki/Extractors#exporting-youtube-cookies  for tips on effectively exporting YouTube cookies
[16:28:41]   [video 716/1447] yt-dlp -0nQPAYBiho (1 clip(s) needed) ...
[16:28:44]     FAILED: ERROR: [youtube] -0nQPAYBiho: Private video
[16:28:44]   [video 744/1447] yt-dlp 6wQfQrGekXk (1 clip(s) needed) ...
[16:28:48]     FAILED: ERROR: [youtube] 6wQfQrGekXk: This video is not available
[16:28:48]   [video 750/1447] yt-dlp h0CChr_Nyyc (1 clip(s) needed) ...
[16:28:52]     FAILED: ERROR: [youtube] h0CChr_Nyyc: This video is not available
[16:28:52]   [video 752/1447] yt-dlp wvXarvw2QBU (1 clip(s) needed) ...
[16:28:55]     FAILED: ERROR: [youtube] wvXarvw2QBU: This video is not available
[16:28:55]   [video 760/1447] yt-dlp y_1jq2COwb4 (1 clip(s) needed) ...
[16:28:59]     FAILED: ERROR: [youtube] y_1jq2COwb4: This video is not available
[16:28:59]   [video 783/1447] yt-dlp R5WwG2mFi9w (1 clip(s) needed) ...
[16:29:02]     FAILED: ERROR: [youtube] R5WwG2mFi9w: Private video
[16:29:02]   [video 788/1447] yt-dlp 0aJkxifBWI8 (1 clip(s) needed) ...
[16:29:05]     FAILED: ERROR: [youtube] 0aJkxifBWI8: Private video
[16:29:06]   [video 806/1447] yt-dlp JyxTx7IprLA (1 clip(s) needed) ...
[16:29:09]     FAILED: ERROR: [youtube] JyxTx7IprLA: Please sign in. Use --cookies-from-browser or --cookies for the authentication. See  https://github.com/yt-dlp/yt-dlp/wiki/FAQ#how-do-i-pass-cookies-to-yt-dlp  for how to manually pass cookies. Also see  https://github.com/yt-dlp/yt-dlp/wiki/Extractors#exporting-youtube-cookies  for tips on effectively exporting YouTube cookies
[16:29:09]   [video 818/1447] yt-dlp 7Ysp436w068 (1 clip(s) needed) ...
[16:29:12]     FAILED: ERROR: [youtube] 7Ysp436w068: Please sign in. Use --cookies-from-browser or --cookies for the authentication. See  https://github.com/yt-dlp/yt-dlp/wiki/FAQ#how-do-i-pass-cookies-to-yt-dlp  for how to manually pass cookies. Also see  https://github.com/yt-dlp/yt-dlp/wiki/Extractors#exporting-youtube-cookies  for tips on effectively exporting YouTube cookies
[16:29:12]   [video 839/1447] yt-dlp cXIOnzRuLVY (1 clip(s) needed) ...
[16:29:16]     FAILED: ERROR: [youtube] cXIOnzRuLVY: This video is not available
[16:29:16]   [video 847/1447] yt-dlp Uu-xnUFtzUU (1 clip(s) needed) ...
[16:29:19]     FAILED: ERROR: [youtube] Uu-xnUFtzUU: This video is unavailable
[16:29:19]   [video 885/1447] yt-dlp B4BQdr6XZYs (1 clip(s) needed) ...
[16:29:24]     FAILED: ERROR: [youtube] B4BQdr6XZYs: This video is not available
[16:29:24]   [video 914/1447] yt-dlp 45DuAAVgzmA (1 clip(s) needed) ...
[16:29:30]     FAILED: ERROR: [youtube] 45DuAAVgzmA: Private video
[16:29:30]   [video 919/1447] yt-dlp 59cWInczdiI (1 clip(s) needed) ...
[16:29:33]     FAILED: ERROR: [youtube] 59cWInczdiI: This video is not available
[16:29:33]   [video 920/1447] yt-dlp vT3I_DDLI84 (1 clip(s) needed) ...
[16:29:41]     FAILED: ERROR: [youtube] vT3I_DDLI84: This video is not available
[16:29:41]   [video 938/1447] yt-dlp QmTBkQ_f8ME (1 clip(s) needed) ...
[16:29:45]     FAILED: ERROR: [youtube] QmTBkQ_f8ME: Private video
[16:29:45]   [video 939/1447] yt-dlp 7MnqjwnQI9s (1 clip(s) needed) ...
[16:29:49]     FAILED: ERROR: [youtube] 7MnqjwnQI9s: This video is not available
[16:29:49]   [video 964/1447] yt-dlp RwVprTso1bk (1 clip(s) needed) ...
[16:29:52]     FAILED: ERROR: [youtube] RwVprTso1bk: This video is unavailable
[16:29:52]   [video 974/1447] yt-dlp 5KbeuP1yL1c (1 clip(s) needed) ...
[16:29:56]     FAILED: ERROR: [youtube] 5KbeuP1yL1c: Private video
[16:29:56]   [video 983/1447] yt-dlp IcpnrCg8LRs (1 clip(s) needed) ...
[16:30:00]     FAILED: ERROR: [youtube] IcpnrCg8LRs: This video is not available
[16:30:00]   [video 984/1447] yt-dlp x73c1WnerYk (1 clip(s) needed) ...
[16:30:03]     FAILED: ERROR: [youtube] x73c1WnerYk: This video is not available
[16:30:03]   [video 988/1447] yt-dlp EhVC-JNwPek (1 clip(s) needed) ...
[16:30:07]     FAILED: ERROR: [youtube] EhVC-JNwPek: Private video
[16:30:07]   [video 1013/1447] yt-dlp fKKLJpcSfac (1 clip(s) needed) ...
[16:30:11]     FAILED: ERROR: [youtube] fKKLJpcSfac: This video is not available
[16:30:11]   [video 1034/1447] yt-dlp cCtMhK3FxHU (1 clip(s) needed) ...
[16:30:16]     FAILED: ERROR: [youtube] cCtMhK3FxHU: This video is unavailable
[16:30:16]   [video 1045/1447] yt-dlp -HSWj-MqxIo (1 clip(s) needed) ...
[16:30:20]     FAILED: ERROR: [youtube] -HSWj-MqxIo: This video is not available
[16:30:20]   [video 1064/1447] yt-dlp mwElEhIF8NY (1 clip(s) needed) ...
[16:30:24]     FAILED: ERROR: [youtube] mwElEhIF8NY: This video is not available
[16:30:24]   [video 1084/1447] yt-dlp oKZX_wjmMzg (1 clip(s) needed) ...
[16:30:28]     FAILED: ERROR: [youtube] oKZX_wjmMzg: Video unavailable
[16:30:28]   [video 1120/1447] yt-dlp FSr_7mysNaE (1 clip(s) needed) ...
[16:30:33]     FAILED: ERROR: [youtube] FSr_7mysNaE: Please sign in. Use --cookies-from-browser or --cookies for the authentication. See  https://github.com/yt-dlp/yt-dlp/wiki/FAQ#how-do-i-pass-cookies-to-yt-dlp  for how to manually pass cookies. Also see  https://github.com/yt-dlp/yt-dlp/wiki/Extractors#exporting-youtube-cookies  for tips on effectively exporting YouTube cookies
[16:30:33]   [video 1122/1447] yt-dlp g6NJa_4L5xE (1 clip(s) needed) ...
[16:30:38]     FAILED: ERROR: [youtube] g6NJa_4L5xE: This video is not available
[16:30:38]   [video 1129/1447] yt-dlp ZQ-nxOMAFjE (1 clip(s) needed) ...
[16:30:47]     FAILED: ERROR: [youtube] ZQ-nxOMAFjE: Private video
[16:30:47]   [video 1132/1447] yt-dlp nU6HamRjLDQ (1 clip(s) needed) ...
[16:30:52]     FAILED: ERROR: [youtube] nU6HamRjLDQ: This video is not available
[16:30:52]   [video 1150/1447] yt-dlp YuL890Wlt-Y (1 clip(s) needed) ...
[16:30:55]     FAILED: ERROR: [youtube] YuL890Wlt-Y: This video is not available
[16:30:55]   [video 1163/1447] yt-dlp LRHPBfc9T4Y (1 clip(s) needed) ...
[16:30:59]     FAILED: ERROR: [youtube] LRHPBfc9T4Y: This video is not available
[16:30:59]   [video 1172/1447] yt-dlp mCTLZkym-rs (1 clip(s) needed) ...
[16:31:03]     FAILED: ERROR: [youtube] mCTLZkym-rs: This video is not available
[16:31:03]   [video 1190/1447] yt-dlp BeIFslm6uRA (1 clip(s) needed) ...
[16:31:07]     FAILED: ERROR: [youtube] BeIFslm6uRA: This video is unavailable
[16:31:07]   [video 1218/1447] yt-dlp bs4F_VJwmS0 (1 clip(s) needed) ...
[16:31:11]     FAILED: ERROR: [youtube] bs4F_VJwmS0: This video is unavailable
[16:31:11]   [video 1219/1447] yt-dlp LPgG2r_6lJ0 (1 clip(s) needed) ...
[16:31:14]     FAILED: ERROR: [youtube] LPgG2r_6lJ0: This video is unavailable
[16:31:14]   [video 1232/1447] yt-dlp BDSvH1FXoZg (1 clip(s) needed) ...
[16:31:19]     FAILED: ERROR: [youtube] BDSvH1FXoZg: This video is not available
[16:31:19]   [video 1238/1447] yt-dlp 336vZDwrNlM (1 clip(s) needed) ...
[16:31:22]     FAILED: ERROR: [youtube] 336vZDwrNlM: This video is not available
[16:31:22]   [video 1245/1447] yt-dlp zKItF7Jxpwg (1 clip(s) needed) ...
[16:31:29]     FAILED: ERROR: [youtube] zKItF7Jxpwg: This video is not available
[16:31:29]   [video 1260/1447] yt-dlp sATv0b2qD-8 (1 clip(s) needed) ...
[16:31:33]     FAILED: ERROR: [youtube] sATv0b2qD-8: This video is not available
[16:31:33]   [video 1275/1447] yt-dlp Hl1JtZH4kS8 (1 clip(s) needed) ...
[16:31:43]     [1275/1447] cutting Hl1JtZH4kS8_9.mp4 (0:02:49.636 -> 0:02:53.673)
[16:31:44]   [video 1285/1447] yt-dlp Qq25hjIw7yE (1 clip(s) needed) ...
[16:31:47]     FAILED: ERROR: [youtube] Qq25hjIw7yE: Video unavailable
[16:31:47]   [video 1286/1447] yt-dlp LMYYSCPxNwo (1 clip(s) needed) ...
[16:31:50]     FAILED: ERROR: [youtube] LMYYSCPxNwo: Private video
[16:31:50]   [video 1297/1447] yt-dlp mXyX8X9_dac (1 clip(s) needed) ...
[16:31:54]     FAILED: ERROR: [youtube] mXyX8X9_dac: Video unavailable
[16:31:54]   [video 1304/1447] yt-dlp rssL-LoTdv0 (1 clip(s) needed) ...
[16:31:58]     FAILED: ERROR: [youtube] rssL-LoTdv0: This video is not available
[16:31:58]   [video 1311/1447] yt-dlp lqlCWAy8zM4 (1 clip(s) needed) ...
[16:32:10]     FAILED: ERROR: [youtube] lqlCWAy8zM4: Private video
[16:32:10]   [video 1322/1447] yt-dlp evJ7n1lbrWo (1 clip(s) needed) ...
[16:32:13]     FAILED: ERROR: [youtube] evJ7n1lbrWo: This video is not available
[16:32:13]   [video 1353/1447] yt-dlp Dm5gI-rU9Mk (1 clip(s) needed) ...
[16:32:20]     FAILED: ERROR: [youtube] Dm5gI-rU9Mk: Private video
[16:32:20]   [video 1361/1447] yt-dlp qSxHQtOv2JI (1 clip(s) needed) ...
[16:32:24]     FAILED: ERROR: [youtube] qSxHQtOv2JI: Please sign in. Use --cookies-from-browser or --cookies for the authentication. See  https://github.com/yt-dlp/yt-dlp/wiki/FAQ#how-do-i-pass-cookies-to-yt-dlp  for how to manually pass cookies. Also see  https://github.com/yt-dlp/yt-dlp/wiki/Extractors#exporting-youtube-cookies  for tips on effectively exporting YouTube cookies
[16:32:24]   [video 1362/1447] yt-dlp -4Gz0ZdBygU (1 clip(s) needed) ...
[16:32:28]     FAILED: ERROR: [youtube] -4Gz0ZdBygU: This video is not available
[16:32:28]   [video 1363/1447] yt-dlp HwgtTKUtqGo (1 clip(s) needed) ...
[16:32:33]     FAILED: ERROR: [youtube] HwgtTKUtqGo: This video is unavailable
[16:32:33]   [video 1369/1447] yt-dlp xQZv1D2en4o (1 clip(s) needed) ...
[16:32:37]     FAILED: ERROR: [youtube] xQZv1D2en4o: This video is not available
[16:32:37]   [video 1379/1447] yt-dlp QdO7sr6U0M8 (1 clip(s) needed) ...
[16:32:42]     FAILED: ERROR: [youtube] QdO7sr6U0M8: Private video
[16:32:42]   [video 1405/1447] yt-dlp 7GzStsyDF5g (1 clip(s) needed) ...
[16:32:46]     FAILED: ERROR: [youtube] 7GzStsyDF5g: Private video
[16:32:46]   [video 1406/1447] yt-dlp ntuln49dq3U (1 clip(s) needed) ...
[16:32:49]     FAILED: ERROR: [youtube] ntuln49dq3U: Private video
[16:32:49]   [video 1413/1447] yt-dlp N1RIaoB5wZA (1 clip(s) needed) ...
[16:32:52]     FAILED: ERROR: [youtube] N1RIaoB5wZA: This video is unavailable
[16:32:52]   [video 1416/1447] yt-dlp 1phkBuTJkXI (1 clip(s) needed) ...
[16:32:56]     FAILED: ERROR: [youtube] 1phkBuTJkXI: This video is not available
[16:32:56]   [video 1426/1447] yt-dlp 5Ni4INZbgNQ (1 clip(s) needed) ...
[16:32:59]     FAILED: ERROR: [youtube] 5Ni4INZbgNQ: This video has been removed for violating YouTube's Terms of Service
[16:32:59]   [video 1429/1447] yt-dlp oRHk5IChr8w (1 clip(s) needed) ...
[16:33:02]     FAILED: ERROR: [youtube] oRHk5IChr8w: Private video
[16:33:02] ======================================================================
[16:33:02] Cleaning up raw-download scratch dir (should already be empty -- per-video cleanup above)
[16:33:02] ======================================================================
[16:33:02] DONE. requested=1447 downloaded=1 youtube_download_failed=124 ffmpeg_cut_failed=0 already_exists=1322
[16:33:02] Summary written to /scratch/users/anirban/tamaghnam/latentvans/data/panda70m_clips_val/download_summary.json
[16:33:02] ======================================================================
[16:33:02] IMPORTANT: run verify_panda70m_clips.py against this output before trusting it -- this script was just rewritten to use TwiFF's own meta_data.start/end instead of the old, confirmed-wrong Panda-70M-mirror index lookup, and that rewrite has never been verified against real downloaded content at any scale before this run. Spot-check a real sample of thumbnails (not just a couple) before trusting this for training, given the full-dataset size of this run. See this script's module docstring. If `already_exists` above is nonzero and --output_dir was ever used by an older version of this script, re-run with --force_recut to guarantee no stale clips survive -- see module docstring, 'CONFIRMED BUG (2026-09-08)'.
===== Download Panda-70M clips (full dataset) completed — see /scratch/users/anirban/tamaghnam/latentvans/data/panda70m_clips_val/download_summary.json =====
End: Wed Sep 16 04:33:02 PM IST 2026
