wandb: [wandb.login()] Loaded credentials for https://api.wandb.ai from /home/anirban/tamaghnam/.netrc.
wandb: Currently logged in as: tamaghna-mandal09 (tamaghna-mandal09-indian-institute-of-science) to https://api.wandb.ai. Use `wandb login --relogin` to force relogin
wandb: setting up run as7y9n48
wandb: Tracking run with wandb version 0.30.0
wandb: Run data is saved locally in /scratch/users/anirban/tamaghnam/latentvans/scripts/wandb/run-20260909_184650-as7y9n48
wandb: Run `wandb offline` to turn off syncing.
wandb: Syncing run stage0-57910
wandb: ⭐️ View project at https://wandb.ai/tamaghna-mandal09-indian-institute-of-science/stage0
wandb: 🚀 View run at https://wandb.ai/tamaghna-mandal09-indian-institute-of-science/stage0/runs/as7y9n48
Loading weights:   0%|          | 0/824 [00:00<?, ?it/s]Loading weights: 100%|██████████| 824/824 [00:00<00:00, 10845.51it/s]
/scratch/users/anirban/tamaghnam/envs/latentvans/lib/python3.11/site-packages/peft/tuners/tuners_utils.py:1377: UserWarning: Model has `tie_word_embeddings=True` and a tied layer is part of the adapter, but `ensure_weight_tying` is not set to True. This can lead to complications, for example when merging the adapter or converting your model to formats other than safetensors. Check the discussion here: https://github.com/huggingface/peft/issues/2777
  warnings.warn(msg)
[transformers] `use_cache=True` is incompatible with gradient checkpointing. Setting `use_cache=False`.
wandb: updating run metadata
wandb: uploading output.log; uploading wandb-summary.json; uploading config.yaml
wandb: uploading output.log
wandb: uploading history steps 199-199, summary, console lines 6947-6950
wandb: 
wandb: Run history:
wandb:        grad_norm █▂▂▂▂▁▁▂▁▁▃▁▁▁▁▁▁▁▁▁▁▁▁▁▁▁▁▁▁▁▁▁▁▁▁▁▁▁▁▁
wandb:          loss_ce █▄▄▄▃▃▃▂▂▃▂▂▂▂▂▂▁▁▁▁▁▁▁▁▁▁▁▁▁▁▁▁▁▁▁▁▁▁▁▁
wandb:      loss_latent █▂▁▁▁▁▁▁▁▁▁▁▁▁▁▁▁▁▁▁▁▁▁▁▁▁▁▁▁▁▁▁▁▁▁▁▁▁▁▁
wandb:       loss_total █▄▃▃▃▂▃▂▂▂▂▂▂▂▁▁▁▁▁▁▁▁▁▁▁▁▁▁▁▁▁▁▁▁▁▁▁▁▁▁
wandb:               lr ▂████▇▇▇▇▆▆▆▆▅▅▅▅▅▅▅▄▄▄▃▃▂▂▂▂▂▂▂▁▁▁▁▁▁▁▁
wandb: seconds_per_step ▅▄▅▆▃▃▅▃▅▄▁▄▃▂▅▆▆▂▆▄▅▃▃█▄▅▄▅▃▄▅▄▃▂▆▇▆▆▄▃
wandb:    skipped_total ▁▁▁▁▁▂▂▂▂▃▃▃▃▃▃▄▄▄▄▄▅▅▅▅▅▆▆▆▆▆▆▆▇▇▇▇▇▇██
wandb: 
wandb: Run summary:
wandb:        grad_norm 0.25137
wandb:          loss_ce 0.01301
wandb:      loss_latent 0.18585
wandb:       loss_total 0.0316
wandb:               lr 0.0
wandb: seconds_per_step 5.5456
wandb:    skipped_total 8156
wandb: 
wandb: 🚀 View run stage0-57910 at: https://wandb.ai/tamaghna-mandal09-indian-institute-of-science/stage0/runs/as7y9n48
wandb: ⭐️ View project at: https://wandb.ai/tamaghna-mandal09-indian-institute-of-science/stage0
wandb: Synced 5 W&B file(s), 0 media file(s), 0 artifact file(s) and 0 other file(s)
wandb: Find logs at: ./wandb/run-20260909_184650-as7y9n48/logs
